Archive member included to satisfy reference by file (symbol)

c:/progra~1/raspbe~1/picosd~1.1/gcc-ar~1/bin/../lib/gcc/arm-none-eabi/10.3.1/thumb/v6-m/nofp\libgcc.a(_dvmd_tls.o)
                              CMakeFiles/TESTING.dir/C_/Program_Files/Raspberry_Pi/Pico_SDK_v1.5.1/pico-sdk/src/rp2_common/pico_divider/divider.S.obj (__aeabi_idiv0)
c:/progra~1/raspbe~1/picosd~1.1/gcc-ar~1/bin/../lib/gcc/arm-none-eabi/10.3.1/../../../../arm-none-eabi/lib/thumb/v6-m/nofp\libg.a(lib_a-calloc.o)
                              CMakeFiles/TESTING.dir/C_/Program_Files/Raspberry_Pi/Pico_SDK_v1.5.1/pico-sdk/src/rp2_common/pico_malloc/pico_malloc.c.obj (calloc)
c:/progra~1/raspbe~1/picosd~1.1/gcc-ar~1/bin/../lib/gcc/arm-none-eabi/10.3.1/../../../../arm-none-eabi/lib/thumb/v6-m/nofp\libg.a(lib_a-callocr.o)
                              c:/progra~1/raspbe~1/picosd~1.1/gcc-ar~1/bin/../lib/gcc/arm-none-eabi/10.3.1/../../../../arm-none-eabi/lib/thumb/v6-m/nofp\libg.a(lib_a-calloc.o) (_calloc_r)
c:/progra~1/raspbe~1/picosd~1.1/gcc-ar~1/bin/../lib/gcc/arm-none-eabi/10.3.1/../../../../arm-none-eabi/lib/thumb/v6-m/nofp\libg.a(lib_a-errno.o)
                              c:/progra~1/raspbe~1/picosd~1.1/gcc-ar~1/bin/../lib/gcc/arm-none-eabi/10.3.1/../../../../arm-none-eabi/lib/thumb/v6-m/nofp\libg.a(lib_a-callocr.o) (__errno)
c:/progra~1/raspbe~1/picosd~1.1/gcc-ar~1/bin/../lib/gcc/arm-none-eabi/10.3.1/../../../../arm-none-eabi/lib/thumb/v6-m/nofp\libg.a(lib_a-impure.o)
                              c:/progra~1/raspbe~1/picosd~1.1/gcc-ar~1/bin/../lib/gcc/arm-none-eabi/10.3.1/../../../../arm-none-eabi/lib/thumb/v6-m/nofp\libg.a(lib_a-calloc.o) (_impure_ptr)
c:/progra~1/raspbe~1/picosd~1.1/gcc-ar~1/bin/../lib/gcc/arm-none-eabi/10.3.1/../../../../arm-none-eabi/lib/thumb/v6-m/nofp\libg.a(lib_a-init.o)
                              c:/progra~1/raspbe~1/picosd~1.1/gcc-ar~1/bin/../lib/gcc/arm-none-eabi/10.3.1/../../../../arm-none-eabi/lib/thumb/v6-m/nofp/crt0.o (__libc_init_array)
c:/progra~1/raspbe~1/picosd~1.1/gcc-ar~1/bin/../lib/gcc/arm-none-eabi/10.3.1/../../../../arm-none-eabi/lib/thumb/v6-m/nofp\libg.a(lib_a-malloc.o)
                              CMakeFiles/TESTING.dir/C_/Program_Files/Raspberry_Pi/Pico_SDK_v1.5.1/pico-sdk/src/rp2_common/pico_malloc/pico_malloc.c.obj (malloc)
c:/progra~1/raspbe~1/picosd~1.1/gcc-ar~1/bin/../lib/gcc/arm-none-eabi/10.3.1/../../../../arm-none-eabi/lib/thumb/v6-m/nofp\libg.a(lib_a-mallocr.o)
                              c:/progra~1/raspbe~1/picosd~1.1/gcc-ar~1/bin/../lib/gcc/arm-none-eabi/10.3.1/../../../../arm-none-eabi/lib/thumb/v6-m/nofp\libg.a(lib_a-callocr.o) (_malloc_r)
c:/progra~1/raspbe~1/picosd~1.1/gcc-ar~1/bin/../lib/gcc/arm-none-eabi/10.3.1/../../../../arm-none-eabi/lib/thumb/v6-m/nofp\libg.a(lib_a-mlock.o)
                              c:/progra~1/raspbe~1/picosd~1.1/gcc-ar~1/bin/../lib/gcc/arm-none-eabi/10.3.1/../../../../arm-none-eabi/lib/thumb/v6-m/nofp\libg.a(lib_a-mallocr.o) (__malloc_lock)
c:/progra~1/raspbe~1/picosd~1.1/gcc-ar~1/bin/../lib/gcc/arm-none-eabi/10.3.1/../../../../arm-none-eabi/lib/thumb/v6-m/nofp\libg.a(lib_a-realloc.o)
                              CMakeFiles/TESTING.dir/C_/Program_Files/Raspberry_Pi/Pico_SDK_v1.5.1/pico-sdk/src/rp2_common/pico_malloc/pico_malloc.c.obj (realloc)
c:/progra~1/raspbe~1/picosd~1.1/gcc-ar~1/bin/../lib/gcc/arm-none-eabi/10.3.1/../../../../arm-none-eabi/lib/thumb/v6-m/nofp\libg.a(lib_a-reallocr.o)
                              c:/progra~1/raspbe~1/picosd~1.1/gcc-ar~1/bin/../lib/gcc/arm-none-eabi/10.3.1/../../../../arm-none-eabi/lib/thumb/v6-m/nofp\libg.a(lib_a-realloc.o) (_realloc_r)
c:/progra~1/raspbe~1/picosd~1.1/gcc-ar~1/bin/../lib/gcc/arm-none-eabi/10.3.1/../../../../arm-none-eabi/lib/thumb/v6-m/nofp\libg.a(lib_a-sbrkr.o)
                              c:/progra~1/raspbe~1/picosd~1.1/gcc-ar~1/bin/../lib/gcc/arm-none-eabi/10.3.1/../../../../arm-none-eabi/lib/thumb/v6-m/nofp\libg.a(lib_a-mallocr.o) (_sbrk_r)
c:/progra~1/raspbe~1/picosd~1.1/gcc-ar~1/bin/../lib/gcc/arm-none-eabi/10.3.1/../../../../arm-none-eabi/lib/thumb/v6-m/nofp\libg.a(lib_a-sscanf.o)
                              CMakeFiles/TESTING.dir/serial_commands.c.obj (sscanf)
c:/progra~1/raspbe~1/picosd~1.1/gcc-ar~1/bin/../lib/gcc/arm-none-eabi/10.3.1/../../../../arm-none-eabi/lib/thumb/v6-m/nofp\libg.a(lib_a-stdio.o)
                              c:/progra~1/raspbe~1/picosd~1.1/gcc-ar~1/bin/../lib/gcc/arm-none-eabi/10.3.1/../../../../arm-none-eabi/lib/thumb/v6-m/nofp\libg.a(lib_a-sscanf.o) (__seofread)
c:/progra~1/raspbe~1/picosd~1.1/gcc-ar~1/bin/../lib/gcc/arm-none-eabi/10.3.1/../../../../arm-none-eabi/lib/thumb/v6-m/nofp\libg.a(lib_a-strcmp.o)
                              CMakeFiles/TESTING.dir/main.c.obj (strcmp)
c:/progra~1/raspbe~1/picosd~1.1/gcc-ar~1/bin/../lib/gcc/arm-none-eabi/10.3.1/../../../../arm-none-eabi/lib/thumb/v6-m/nofp\libg.a(lib_a-strcpy.o)
                              CMakeFiles/TESTING.dir/serial_commands.c.obj (strcpy)
[...]
Memory Configuration

Name             Origin             Length             Attributes
FLASH            0x10000000         0x00200000         xr
RAM              0x20000000         0x00040000         xrw
SCRATCH_X        0x20040000         0x00001000         xrw
SCRATCH_Y        0x20041000         0x00001000         xrw
*default*        0x00000000         0xffffffff

Linker script and memory map

LOAD c:/progra~1/raspbe~1/picosd~1.1/gcc-ar~1/bin/../lib/gcc/arm-none-eabi/10.3.1/thumb/v6-m/nofp/crti.o
LOAD c:/progra~1/raspbe~1/picosd~1.1/gcc-ar~1/bin/../lib/gcc/arm-none-eabi/10.3.1/thumb/v6-m/nofp/crtbegin.o
LOAD c:/progra~1/raspbe~1/picosd~1.1/gcc-ar~1/bin/../lib/gcc/arm-none-eabi/10.3.1/../../../../arm-none-eabi/lib/thumb/v6-m/nofp/crt0.o

.flash_begin    0x10000000        0x0
                0x10000000                __flash_binary_start = .

.boot2          0x10000000      0x100
                0x10000000                __boot2_start__ = .
 *(.boot2)
 .boot2         0x10000000      0x100 C:\Users\dhsav\AppData\Local\Temp\ccmi7MNF.o
                0x10000100                __boot2_end__ = .
                0x00000001                ASSERT (((__boot2_end__ - __boot2_start__) == 0x100), ERROR: Pico second stage bootloader must be 256 bytes in size)

.text           0x10000100     0xdcb8
                0x10000100                __logical_binary_start = .
 *(.vectors)
 .vectors       0x10000100       0xd4 CMakeFiles/TESTING.dir/C_/Program_Files/Raspberry_Pi/Pico_SDK_v1.5.1/pico-sdk/src/rp2_common/pico_standard_link/crt0.S.obj
                0x10000100                __VECTOR_TABLE
                0x10000100                __vectors
                0x100001c0                isr_invalid
                0x100001c0                __default_isrs_start
                0x100001c2                isr_nmi
                0x100001c4                isr_hardfault
                0x100001c6                isr_svcall
                0x100001c8                isr_pendsv
                0x100001ca                isr_systick
                0x100001cc                isr_irq23
                0x100001cc                isr_irq18
                0x100001cc                isr_irq11
                0x100001cc                isr_irq28
                0x100001cc                isr_irq19
                0x100001cc                isr_irq0
                0x100001cc                isr_irq6
                0x100001cc                isr_irq5
                0x100001cc                isr_irq12
                0x100001cc                isr_irq22
                0x100001cc                isr_irq31
                0x100001cc                isr_irq17
                0x100001cc                isr_irq27
                0x100001cc                isr_irq30
                0x100001cc                isr_irq2
                0x100001cc                isr_irq10
                0x100001cc                isr_irq8
                0x100001cc                isr_irq24
                0x100001cc                isr_irq1
                0x100001cc                isr_irq7
                0x100001cc                isr_irq21
                0x100001cc                isr_irq20
                0x100001cc                isr_irq15
                0x100001cc                isr_irq25
                0x100001cc                isr_irq13
                0x100001cc                __unhandled_user_irq
                0x100001cc                isr_irq4
                0x100001cc                isr_irq16
                0x100001cc                isr_irq29
                0x100001cc                isr_irq26
                0x100001cc                __default_isrs_end
                0x100001cc                isr_irq3
                0x100001cc                isr_irq14
                0x100001cc                isr_irq9
                0x100001d2                unhandled_user_irq_num_in_r0
 *(.binary_info_header)
 .binary_info_header
                0x100001d4       0x14 CMakeFiles/TESTING.dir/C_/Program_Files/Raspberry_Pi/Pico_SDK_v1.5.1/pico-sdk/src/rp2_common/pico_standard_link/crt0.S.obj
                0x100001e8                __binary_info_header_end = .
 *(.reset)
 .reset         0x100001e8       0xa0 CMakeFiles/TESTING.dir/C_/Program_Files/Raspberry_Pi/Pico_SDK_v1.5.1/pico-sdk/src/rp2_common/pico_standard_link/crt0.S.obj
                0x100001e8                _entry_point
 .reset         0x10000288       0x30 CMakeFiles/TESTING.dir/C_/Program_Files/Raspberry_Pi/Pico_SDK_v1.5.1/pico-sdk/src/rp2_common/pico_standard_link/binary_info.c.obj
 *(.init)
 .init          0x100002b8        0x4 c:/progra~1/raspbe~1/picosd~1.1/gcc-ar~1/bin/../lib/gcc/arm-none-eabi/10.3.1/thumb/v6-m/nofp/crti.o
                0x100002b8                _init
 *(EXCLUDE_FILE(*libm.a: *libc.a:*lib_a-mem*.o *libgcc.a:) .text*)
 .text          0x100002bc       0x48 c:/progra~1/raspbe~1/picosd~1.1/gcc-ar~1/bin/../lib/gcc/arm-none-eabi/10.3.1/thumb/v6-m/nofp/crtbegin.o
 .text.limit_switch_triggered
                0x10000304       0x88 CMakeFiles/TESTING.dir/main.c.obj
                0x10000304                limit_switch_triggered
 .text.core1_entry
                0x1000038c       0xc4 CMakeFiles/TESTING.dir/main.c.obj
                0x1000038c                core1_entry
 .text.error_handler
                0x10000450       0x2c CMakeFiles/TESTING.dir/main.c.obj
                0x10000450                error_handler
 .text.command_handler
                0x1000047c      0x178 CMakeFiles/TESTING.dir/main.c.obj
                0x1000047c                command_handler
 .text.main     0x100005f4      0x1cc CMakeFiles/TESTING.dir/main.c.obj
                0x100005f4                main
 .text.parse_command
                0x100007c0      0x13c CMakeFiles/TESTING.dir/serial_commands.c.obj
                0x100007c0                parse_command
 .text.init_motor
                0x100008fc       0xb6 CMakeFiles/TESTING.dir/stepper_motor.c.obj
                0x100008fc                init_motor
 .text.disable_motor
                0x100009b2        0xe CMakeFiles/TESTING.dir/stepper_motor.c.obj
                0x100009b2                disable_motor
 .text.enable_motor
                0x100009c0        0xe CMakeFiles/TESTING.dir/stepper_motor.c.obj
                0x100009c0                enable_motor
 *fill*         0x100009ce        0x2 
 .text.execute_steps
                0x100009d0      0x364 CMakeFiles/TESTING.dir/stepper_motor.c.obj
                0x100009d0                execute_steps
 .text.TCA9534_ReadReg
                0x10000d34       0x30 CMakeFiles/TESTING.dir/tca9534.c.obj
                0x10000d34                TCA9534_ReadReg
 .text.TCA9534_WriteReg
                0x10000d64       0x1c CMakeFiles/TESTING.dir/tca9534.c.obj
                0x10000d64                TCA9534_WriteReg
 .text.gpio_set_function
                0x10000d80       0x30 CMakeFiles/TESTING.dir/C_/Program_Files/Raspberry_Pi/Pico_SDK_v1.5.1/pico-sdk/src/rp2_common/hardware_gpio/gpio.c.obj
                0x10000d80                gpio_set_function
 .text.gpio_set_pulls
                0x10000db0       0x34 CMakeFiles/TESTING.dir/C_/Program_Files/Raspberry_Pi/Pico_SDK_v1.5.1/pico-sdk/src/rp2_common/hardware_gpio/gpio.c.obj
                0x10000db0                gpio_set_pulls
 .text.gpio_set_irq_callback
                0x10000de4       0x48 CMakeFiles/TESTING.dir/C_/Program_Files/Raspberry_Pi/Pico_SDK_v1.5.1/pico-sdk/src/rp2_common/hardware_gpio/gpio.c.obj
                0x10000de4                gpio_set_irq_callback
 .text.gpio_acknowledge_irq
                0x10000e2c       0x18 CMakeFiles/TESTING.dir/C_/Program_Files/Raspberry_Pi/Pico_SDK_v1.5.1/pico-sdk/src/rp2_common/hardware_gpio/gpio.c.obj
                0x10000e2c                gpio_acknowledge_irq
 .text._gpio_set_irq_enabled
                0x10000e44       0x34 CMakeFiles/TESTING.dir/C_/Program_Files/Raspberry_Pi/Pico_SDK_v1.5.1/pico-sdk/src/rp2_common/hardware_gpio/gpio.c.obj
 .text.gpio_set_irq_enabled
                0x10000e78       0x20 CMakeFiles/TESTING.dir/C_/Program_Files/Raspberry_Pi/Pico_SDK_v1.5.1/pico-sdk/src/rp2_common/hardware_gpio/gpio.c.obj
                0x10000e78                gpio_set_irq_enabled
 .text.gpio_set_irq_enabled_with_callback
                0x10000e98       0x20 CMakeFiles/TESTING.dir/C_/Program_Files/Raspberry_Pi/Pico_SDK_v1.5.1/pico-sdk/src/rp2_common/hardware_gpio/gpio.c.obj
                0x10000e98                gpio_set_irq_enabled_with_callback
 .text.gpio_default_irq_handler
                0x10000eb8       0x98 CMakeFiles/TESTING.dir/C_/Program_Files/Raspberry_Pi/Pico_SDK_v1.5.1/pico-sdk/src/rp2_common/hardware_gpio/gpio.c.obj
 .text.gpio_init
                0x10000f50       0x16 CMakeFiles/TESTING.dir/C_/Program_Files/Raspberry_Pi/Pico_SDK_v1.5.1/pico-sdk/src/rp2_common/hardware_gpio/gpio.c.obj
                0x10000f50                gpio_init
 *fill*         0x10000f66        0x2 
 .text.running_on_fpga
                0x10000f68       0x14 CMakeFiles/TESTING.dir/C_/Program_Files/Raspberry_Pi/Pico_SDK_v1.5.1/pico-sdk/src/rp2_common/pico_platform/platform.c.obj
                0x10000f68                running_on_fpga
 .text.hw_claim_lock
                0x10000f7c       0x18 CMakeFiles/TESTING.dir/C_/Program_Files/Raspberry_Pi/Pico_SDK_v1.5.1/pico-sdk/src/rp2_common/hardware_claim/claim.c.obj
                0x10000f7c                hw_claim_lock
 .text.hw_claim_unlock
                0x10000f94       0x14 CMakeFiles/TESTING.dir/C_/Program_Files/Raspberry_Pi/Pico_SDK_v1.5.1/pico-sdk/src/rp2_common/hardware_claim/claim.c.obj
                0x10000f94                hw_claim_unlock
 .text.hw_claim_or_assert
                0x10000fa8       0x32 CMakeFiles/TESTING.dir/C_/Program_Files/Raspberry_Pi/Pico_SDK_v1.5.1/pico-sdk/src/rp2_common/hardware_claim/claim.c.obj
                0x10000fa8                hw_claim_or_assert
 .text.hw_claim_unused_from_range
                0x10000fda       0x50 CMakeFiles/TESTING.dir/C_/Program_Files/Raspberry_Pi/Pico_SDK_v1.5.1/pico-sdk/src/rp2_common/hardware_claim/claim.c.obj
                0x10000fda                hw_claim_unused_from_range
 *fill*         0x1000102a        0x2 
 .text.spin_locks_reset
                0x1000102c       0x20 CMakeFiles/TESTING.dir/C_/Program_Files/Raspberry_Pi/Pico_SDK_v1.5.1/pico-sdk/src/rp2_common/hardware_sync/sync.c.obj
                0x1000102c                spin_locks_reset
 .text.next_striped_spin_lock_num
                0x1000104c       0x1c CMakeFiles/TESTING.dir/C_/Program_Files/Raspberry_Pi/Pico_SDK_v1.5.1/pico-sdk/src/rp2_common/hardware_sync/sync.c.obj
                0x1000104c                next_striped_spin_lock_num
 .text.spin_lock_claim_unused
                0x10001068       0x20 CMakeFiles/TESTING.dir/C_/Program_Files/Raspberry_Pi/Pico_SDK_v1.5.1/pico-sdk/src/rp2_common/hardware_sync/sync.c.obj
                0x10001068                spin_lock_claim_unused
 .text.set_raw_irq_handler_and_unlock
                0x10001088       0x28 CMakeFiles/TESTING.dir/C_/Program_Files/Raspberry_Pi/Pico_SDK_v1.5.1/pico-sdk/src/rp2_common/hardware_irq/irq.c.obj
 .text.make_branch
                0x100010b0       0x48 CMakeFiles/TESTING.dir/C_/Program_Files/Raspberry_Pi/Pico_SDK_v1.5.1/pico-sdk/src/rp2_common/hardware_irq/irq.c.obj
 .text.insert_branch_and_link
                0x100010f8       0x40 CMakeFiles/TESTING.dir/C_/Program_Files/Raspberry_Pi/Pico_SDK_v1.5.1/pico-sdk/src/rp2_common/hardware_irq/irq.c.obj
 .text.irq_is_enabled
                0x10001138       0x18 CMakeFiles/TESTING.dir/C_/Program_Files/Raspberry_Pi/Pico_SDK_v1.5.1/pico-sdk/src/rp2_common/hardware_irq/irq.c.obj
                0x10001138                irq_is_enabled
 .text.irq_set_mask_enabled
                0x10001150       0x20 CMakeFiles/TESTING.dir/C_/Program_Files/Raspberry_Pi/Pico_SDK_v1.5.1/pico-sdk/src/rp2_common/hardware_irq/irq.c.obj
                0x10001150                irq_set_mask_enabled
 .text.irq_set_enabled
                0x10001170        0xe CMakeFiles/TESTING.dir/C_/Program_Files/Raspberry_Pi/Pico_SDK_v1.5.1/pico-sdk/src/rp2_common/hardware_irq/irq.c.obj
                0x10001170                irq_set_enabled
 *fill*         0x1000117e        0x2 
 .text.irq_set_pending
                0x10001180       0x10 CMakeFiles/TESTING.dir/C_/Program_Files/Raspberry_Pi/Pico_SDK_v1.5.1/pico-sdk/src/rp2_common/hardware_irq/irq.c.obj
                0x10001180                irq_set_pending
 .text.irq_get_vtable_handler
                0x10001190       0x10 CMakeFiles/TESTING.dir/C_/Program_Files/Raspberry_Pi/Pico_SDK_v1.5.1/pico-sdk/src/rp2_common/hardware_irq/irq.c.obj
                0x10001190                irq_get_vtable_handler
 .text.irq_has_shared_handler
                0x100011a0       0x24 CMakeFiles/TESTING.dir/C_/Program_Files/Raspberry_Pi/Pico_SDK_v1.5.1/pico-sdk/src/rp2_common/hardware_irq/irq.c.obj
                0x100011a0                irq_has_shared_handler
 .text.irq_set_exclusive_handler
                0x100011c4       0x54 CMakeFiles/TESTING.dir/C_/Program_Files/Raspberry_Pi/Pico_SDK_v1.5.1/pico-sdk/src/rp2_common/hardware_irq/irq.c.obj
                0x100011c4                irq_set_exclusive_handler
 .text.irq_add_shared_handler
                0x10001218      0x234 CMakeFiles/TESTING.dir/C_/Program_Files/Raspberry_Pi/Pico_SDK_v1.5.1/pico-sdk/src/rp2_common/hardware_irq/irq.c.obj
                0x10001218                irq_add_shared_handler
 .text.irq_remove_handler
                0x1000144c      0x1ac CMakeFiles/TESTING.dir/C_/Program_Files/Raspberry_Pi/Pico_SDK_v1.5.1/pico-sdk/src/rp2_common/hardware_irq/irq.c.obj
                0x1000144c                irq_remove_handler
 .text.irq_add_tail_to_free_list
                0x100015f8       0xf0 CMakeFiles/TESTING.dir/C_/Program_Files/Raspberry_Pi/Pico_SDK_v1.5.1/pico-sdk/src/rp2_common/hardware_irq/irq.c.obj
                0x100015f8                irq_add_tail_to_free_list
 .text.irq_init_priorities
                0x100016e8       0x1c CMakeFiles/TESTING.dir/C_/Program_Files/Raspberry_Pi/Pico_SDK_v1.5.1/pico-sdk/src/rp2_common/hardware_irq/irq.c.obj
                0x100016e8                irq_init_priorities
 .text.user_irq_claim_unused
                0x10001704       0x28 CMakeFiles/TESTING.dir/C_/Program_Files/Raspberry_Pi/Pico_SDK_v1.5.1/pico-sdk/src/rp2_common/hardware_irq/irq.c.obj
                0x10001704                user_irq_claim_unused
 .text.lock_init
                0x1000172c       0x10 CMakeFiles/TESTING.dir/C_/Program_Files/Raspberry_Pi/Pico_SDK_v1.5.1/pico-sdk/src/common/pico_sync/lock_core.c.obj
                0x1000172c                lock_init
 .text.mutex_init
                0x1000173c       0x1a CMakeFiles/TESTING.dir/C_/Program_Files/Raspberry_Pi/Pico_SDK_v1.5.1/pico-sdk/src/common/pico_sync/mutex.c.obj
                0x1000173c                mutex_init
 .text.recursive_mutex_init
                0x10001756       0x1e CMakeFiles/TESTING.dir/C_/Program_Files/Raspberry_Pi/Pico_SDK_v1.5.1/pico-sdk/src/common/pico_sync/mutex.c.obj
                0x10001756                recursive_mutex_init
 .text.critical_section_init_with_lock_num
                0x10001774       0x14 CMakeFiles/TESTING.dir/C_/Program_Files/Raspberry_Pi/Pico_SDK_v1.5.1/pico-sdk/src/common/pico_sync/critical_section.c.obj
                0x10001774                critical_section_init_with_lock_num
 .text.critical_section_init
                0x10001788       0x14 CMakeFiles/TESTING.dir/C_/Program_Files/Raspberry_Pi/Pico_SDK_v1.5.1/pico-sdk/src/common/pico_sync/critical_section.c.obj
                0x10001788                critical_section_init
 .text.alarm_pool_post_alloc_init
                0x1000179c       0x40 CMakeFiles/TESTING.dir/C_/Program_Files/Raspberry_Pi/Pico_SDK_v1.5.1/pico-sdk/src/common/pico_time/time.c.obj
 .text.sleep_until_callback
                0x100017dc       0x30 CMakeFiles/TESTING.dir/C_/Program_Files/Raspberry_Pi/Pico_SDK_v1.5.1/pico-sdk/src/common/pico_time/time.c.obj
 .text.timer_pool_entry_comparator
                0x1000180c       0x7c CMakeFiles/TESTING.dir/C_/Program_Files/Raspberry_Pi/Pico_SDK_v1.5.1/pico-sdk/src/common/pico_time/time.c.obj
                0x1000180c                timer_pool_entry_comparator
 .text.ph_add_child_node
                0x10001888       0xa4 CMakeFiles/TESTING.dir/C_/Program_Files/Raspberry_Pi/Pico_SDK_v1.5.1/pico-sdk/src/common/pico_time/time.c.obj
 .text.ph_merge_nodes
                0x1000192c       0x3e CMakeFiles/TESTING.dir/C_/Program_Files/Raspberry_Pi/Pico_SDK_v1.5.1/pico-sdk/src/common/pico_time/time.c.obj
 *fill*         0x1000196a        0x2 
 .text.add_alarm_under_lock
                0x1000196c      0x174 CMakeFiles/TESTING.dir/C_/Program_Files/Raspberry_Pi/Pico_SDK_v1.5.1/pico-sdk/src/common/pico_time/time.c.obj
 .text.alarm_pool_alarm_callback
                0x10001ae0      0x33c CMakeFiles/TESTING.dir/C_/Program_Files/Raspberry_Pi/Pico_SDK_v1.5.1/pico-sdk/src/common/pico_time/time.c.obj
 .text.alarm_pool_init_default
                0x10001e1c       0x40 CMakeFiles/TESTING.dir/C_/Program_Files/Raspberry_Pi/Pico_SDK_v1.5.1/pico-sdk/src/common/pico_time/time.c.obj
                0x10001e1c                alarm_pool_init_default
 .text.alarm_pool_get_default
                0x10001e5c       0x2c CMakeFiles/TESTING.dir/C_/Program_Files/Raspberry_Pi/Pico_SDK_v1.5.1/pico-sdk/src/common/pico_time/time.c.obj
                0x10001e5c                alarm_pool_get_default
 .text.alarm_pool_add_alarm_at
                0x10001e88      0x168 CMakeFiles/TESTING.dir/C_/Program_Files/Raspberry_Pi/Pico_SDK_v1.5.1/pico-sdk/src/common/pico_time/time.c.obj
                0x10001e88                alarm_pool_add_alarm_at
 .text.alarm_pool_cancel_alarm
                0x10001ff0       0xf8 CMakeFiles/TESTING.dir/C_/Program_Files/Raspberry_Pi/Pico_SDK_v1.5.1/pico-sdk/src/common/pico_time/time.c.obj
                0x10001ff0                alarm_pool_cancel_alarm
 .text.alarm_pool_core_num
                0x100020e8        0x4 CMakeFiles/TESTING.dir/C_/Program_Files/Raspberry_Pi/Pico_SDK_v1.5.1/pico-sdk/src/common/pico_time/time.c.obj
                0x100020e8                alarm_pool_core_num
 .text.sleep_until
                0x100020ec       0xfc CMakeFiles/TESTING.dir/C_/Program_Files/Raspberry_Pi/Pico_SDK_v1.5.1/pico-sdk/src/common/pico_time/time.c.obj
                0x100020ec                sleep_until
 .text.sleep_us
                0x100021e8       0x58 CMakeFiles/TESTING.dir/C_/Program_Files/Raspberry_Pi/Pico_SDK_v1.5.1/pico-sdk/src/common/pico_time/time.c.obj
                0x100021e8                sleep_us
 .text.sleep_ms
                0x10002240       0x14 CMakeFiles/TESTING.dir/C_/Program_Files/Raspberry_Pi/Pico_SDK_v1.5.1/pico-sdk/src/common/pico_time/time.c.obj
                0x10002240                sleep_ms
 .text.best_effort_wfe_or_timeout
                0x10002254       0xac CMakeFiles/TESTING.dir/C_/Program_Files/Raspberry_Pi/Pico_SDK_v1.5.1/pico-sdk/src/common/pico_time/time.c.obj
                0x10002254                best_effort_wfe_or_timeout
 .text.hardware_alarm_irq_handler
                0x10002300       0x90 CMakeFiles/TESTING.dir/C_/Program_Files/Raspberry_Pi/Pico_SDK_v1.5.1/pico-sdk/src/rp2_common/hardware_timer/timer.c.obj
 .text.hardware_alarm_claim
                0x10002390       0x18 CMakeFiles/TESTING.dir/C_/Program_Files/Raspberry_Pi/Pico_SDK_v1.5.1/pico-sdk/src/rp2_common/hardware_timer/timer.c.obj
                0x10002390                hardware_alarm_claim
 .text.time_us_64
                0x100023a8       0x18 CMakeFiles/TESTING.dir/C_/Program_Files/Raspberry_Pi/Pico_SDK_v1.5.1/pico-sdk/src/rp2_common/hardware_timer/timer.c.obj
                0x100023a8                time_us_64
 .text.busy_wait_until
                0x100023c0       0x28 CMakeFiles/TESTING.dir/C_/Program_Files/Raspberry_Pi/Pico_SDK_v1.5.1/pico-sdk/src/rp2_common/hardware_timer/timer.c.obj
                0x100023c0                busy_wait_until
 .text.busy_wait_us
                0x100023e8       0x48 CMakeFiles/TESTING.dir/C_/Program_Files/Raspberry_Pi/Pico_SDK_v1.5.1/pico-sdk/src/rp2_common/hardware_timer/timer.c.obj
                0x100023e8                busy_wait_us
 .text.hardware_alarm_set_callback
                0x10002430       0x90 CMakeFiles/TESTING.dir/C_/Program_Files/Raspberry_Pi/Pico_SDK_v1.5.1/pico-sdk/src/rp2_common/hardware_timer/timer.c.obj
                0x10002430                hardware_alarm_set_callback
 .text.hardware_alarm_set_target
                0x100024c0       0xe8 CMakeFiles/TESTING.dir/C_/Program_Files/Raspberry_Pi/Pico_SDK_v1.5.1/pico-sdk/src/rp2_common/hardware_timer/timer.c.obj
                0x100024c0                hardware_alarm_set_target
 .text.hardware_alarm_cancel
                0x100025a8       0x40 CMakeFiles/TESTING.dir/C_/Program_Files/Raspberry_Pi/Pico_SDK_v1.5.1/pico-sdk/src/rp2_common/hardware_timer/timer.c.obj
                0x100025a8                hardware_alarm_cancel
 .text.ph_add_child_node
                0x100025e8       0xa4 CMakeFiles/TESTING.dir/C_/Program_Files/Raspberry_Pi/Pico_SDK_v1.5.1/pico-sdk/src/common/pico_util/pheap.c.obj
 .text.ph_merge_nodes
                0x1000268c       0x3e CMakeFiles/TESTING.dir/C_/Program_Files/Raspberry_Pi/Pico_SDK_v1.5.1/pico-sdk/src/common/pico_util/pheap.c.obj
 *fill*         0x100026ca        0x2 
 .text.ph_clear
                0x100026cc       0x70 CMakeFiles/TESTING.dir/C_/Program_Files/Raspberry_Pi/Pico_SDK_v1.5.1/pico-sdk/src/common/pico_util/pheap.c.obj
                0x100026cc                ph_clear
 .text.ph_post_alloc_init
                0x1000273c        0xe CMakeFiles/TESTING.dir/C_/Program_Files/Raspberry_Pi/Pico_SDK_v1.5.1/pico-sdk/src/common/pico_util/pheap.c.obj
                0x1000273c                ph_post_alloc_init
 *fill*         0x1000274a        0x2 
 .text.ph_merge_two_pass
                0x1000274c       0xa8 CMakeFiles/TESTING.dir/C_/Program_Files/Raspberry_Pi/Pico_SDK_v1.5.1/pico-sdk/src/common/pico_util/pheap.c.obj
                0x1000274c                ph_merge_two_pass
 .text.ph_remove_any_head
                0x100027f4      0x128 CMakeFiles/TESTING.dir/C_/Program_Files/Raspberry_Pi/Pico_SDK_v1.5.1/pico-sdk/src/common/pico_util/pheap.c.obj
 .text.ph_remove_head
                0x1000291c       0x14 CMakeFiles/TESTING.dir/C_/Program_Files/Raspberry_Pi/Pico_SDK_v1.5.1/pico-sdk/src/common/pico_util/pheap.c.obj
                0x1000291c                ph_remove_head
 .text.ph_remove_and_free_node
                0x10002930       0xf8 CMakeFiles/TESTING.dir/C_/Program_Files/Raspberry_Pi/Pico_SDK_v1.5.1/pico-sdk/src/common/pico_util/pheap.c.obj
                0x10002930                ph_remove_and_free_node
 .text.clock_configure
                0x10002a28      0x108 CMakeFiles/TESTING.dir/C_/Program_Files/Raspberry_Pi/Pico_SDK_v1.5.1/pico-sdk/src/rp2_common/hardware_clocks/clocks.c.obj
                0x10002a28                clock_configure
 .text.clocks_init
                0x10002b30      0x100 CMakeFiles/TESTING.dir/C_/Program_Files/Raspberry_Pi/Pico_SDK_v1.5.1/pico-sdk/src/rp2_common/hardware_clocks/clocks.c.obj
                0x10002b30                clocks_init
 .text.clock_get_hz
                0x10002c30        0xc CMakeFiles/TESTING.dir/C_/Program_Files/Raspberry_Pi/Pico_SDK_v1.5.1/pico-sdk/src/rp2_common/hardware_clocks/clocks.c.obj
                0x10002c30                clock_get_hz
 .text.pll_init
                0x10002c3c      0x120 CMakeFiles/TESTING.dir/C_/Program_Files/Raspberry_Pi/Pico_SDK_v1.5.1/pico-sdk/src/rp2_common/hardware_pll/pll.c.obj
                0x10002c3c                pll_init
 .text.watchdog_start_tick
                0x10002d5c       0x10 CMakeFiles/TESTING.dir/C_/Program_Files/Raspberry_Pi/Pico_SDK_v1.5.1/pico-sdk/src/rp2_common/hardware_watchdog/watchdog.c.obj
                0x10002d5c                watchdog_start_tick
 .text.watchdog_update
                0x10002d6c       0x14 CMakeFiles/TESTING.dir/C_/Program_Files/Raspberry_Pi/Pico_SDK_v1.5.1/pico-sdk/src/rp2_common/hardware_watchdog/watchdog.c.obj
                0x10002d6c                watchdog_update
 .text._watchdog_enable
                0x10002d80       0x78 CMakeFiles/TESTING.dir/C_/Program_Files/Raspberry_Pi/Pico_SDK_v1.5.1/pico-sdk/src/rp2_common/hardware_watchdog/watchdog.c.obj
                0x10002d80                _watchdog_enable
 .text.watchdog_reboot
                0x10002df8       0x48 CMakeFiles/TESTING.dir/C_/Program_Files/Raspberry_Pi/Pico_SDK_v1.5.1/pico-sdk/src/rp2_common/hardware_watchdog/watchdog.c.obj
                0x10002df8                watchdog_reboot
 .text.xosc_init
                0x10002e40       0x28 CMakeFiles/TESTING.dir/C_/Program_Files/Raspberry_Pi/Pico_SDK_v1.5.1/pico-sdk/src/rp2_common/hardware_xosc/xosc.c.obj
                0x10002e40                xosc_init
 .text._exit    0x10002e68        0x4 CMakeFiles/TESTING.dir/C_/Program_Files/Raspberry_Pi/Pico_SDK_v1.5.1/pico-sdk/src/rp2_common/pico_runtime/runtime.c.obj
                0x10002e68                _exit
 .text._sbrk    0x10002e6c       0x38 CMakeFiles/TESTING.dir/C_/Program_Files/Raspberry_Pi/Pico_SDK_v1.5.1/pico-sdk/src/rp2_common/pico_runtime/runtime.c.obj
                0x10002e6c                _sbrk
 .text.exit     0x10002ea4        0x6 CMakeFiles/TESTING.dir/C_/Program_Files/Raspberry_Pi/Pico_SDK_v1.5.1/pico-sdk/src/rp2_common/pico_runtime/runtime.c.obj
                0x10002ea4                exit
 *fill*         0x10002eaa        0x2 
 .text.__assert_func
                0x10002eac       0x3c CMakeFiles/TESTING.dir/C_/Program_Files/Raspberry_Pi/Pico_SDK_v1.5.1/pico-sdk/src/rp2_common/pico_runtime/runtime.c.obj
                0x10002eac                __assert_func
 .text.runtime_init
                0x10002ee8       0xf8 CMakeFiles/TESTING.dir/C_/Program_Files/Raspberry_Pi/Pico_SDK_v1.5.1/pico-sdk/src/rp2_common/pico_runtime/runtime.c.obj
                0x10002ee8                runtime_init
 .text.panic    0x10002fe0       0x30 CMakeFiles/TESTING.dir/C_/Program_Files/Raspberry_Pi/Pico_SDK_v1.5.1/pico-sdk/src/rp2_common/pico_runtime/runtime.c.obj
                0x10002fe0                panic
 .text._out_buffer
                0x10003010        0x8 CMakeFiles/TESTING.dir/C_/Program_Files/Raspberry_Pi/Pico_SDK_v1.5.1/pico-sdk/src/rp2_common/pico_printf/printf.c.obj
 .text._out_null
                0x10003018        0x2 CMakeFiles/TESTING.dir/C_/Program_Files/Raspberry_Pi/Pico_SDK_v1.5.1/pico-sdk/src/rp2_common/pico_printf/printf.c.obj
 .text._out_fct
                0x1000301a        0xe CMakeFiles/TESTING.dir/C_/Program_Files/Raspberry_Pi/Pico_SDK_v1.5.1/pico-sdk/src/rp2_common/pico_printf/printf.c.obj
 .text._atoi    0x10003028       0x24 CMakeFiles/TESTING.dir/C_/Program_Files/Raspberry_Pi/Pico_SDK_v1.5.1/pico-sdk/src/rp2_common/pico_printf/printf.c.obj
 .text._out_rev
                0x1000304c       0xae CMakeFiles/TESTING.dir/C_/Program_Files/Raspberry_Pi/Pico_SDK_v1.5.1/pico-sdk/src/rp2_common/pico_printf/printf.c.obj
 .text._ntoa_format
                0x100030fa      0x112 CMakeFiles/TESTING.dir/C_/Program_Files/Raspberry_Pi/Pico_SDK_v1.5.1/pico-sdk/src/rp2_common/pico_printf/printf.c.obj
 .text._ntoa_long
                0x1000320c       0xbc CMakeFiles/TESTING.dir/C_/Program_Files/Raspberry_Pi/Pico_SDK_v1.5.1/pico-sdk/src/rp2_common/pico_printf/printf.c.obj
 .text._ntoa_long_long
                0x100032c8       0xe2 CMakeFiles/TESTING.dir/C_/Program_Files/Raspberry_Pi/Pico_SDK_v1.5.1/pico-sdk/src/rp2_common/pico_printf/printf.c.obj
 *fill*         0x100033aa        0x2 
 .text._etoa    0x100033ac      0x414 CMakeFiles/TESTING.dir/C_/Program_Files/Raspberry_Pi/Pico_SDK_v1.5.1/pico-sdk/src/rp2_common/pico_printf/printf.c.obj
 .text._ftoa    0x100037c0      0x354 CMakeFiles/TESTING.dir/C_/Program_Files/Raspberry_Pi/Pico_SDK_v1.5.1/pico-sdk/src/rp2_common/pico_printf/printf.c.obj
 .text._vsnprintf
                0x10003b14      0x624 CMakeFiles/TESTING.dir/C_/Program_Files/Raspberry_Pi/Pico_SDK_v1.5.1/pico-sdk/src/rp2_common/pico_printf/printf.c.obj
 .text.__wrap_sprintf
                0x10004138       0x28 CMakeFiles/TESTING.dir/C_/Program_Files/Raspberry_Pi/Pico_SDK_v1.5.1/pico-sdk/src/rp2_common/pico_printf/printf.c.obj
                0x10004138                __wrap_sprintf
 .text.vfctprintf
                0x10004160       0x20 CMakeFiles/TESTING.dir/C_/Program_Files/Raspberry_Pi/Pico_SDK_v1.5.1/pico-sdk/src/rp2_common/pico_printf/printf.c.obj
                0x10004160                vfctprintf
 .text          0x10004180       0x10 CMakeFiles/TESTING.dir/C_/Program_Files/Raspberry_Pi/Pico_SDK_v1.5.1/pico-sdk/src/rp2_common/pico_bit_ops/bit_ops_aeabi.S.obj
 .text.rom_func_lookup
                0x10004190       0x10 CMakeFiles/TESTING.dir/C_/Program_Files/Raspberry_Pi/Pico_SDK_v1.5.1/pico-sdk/src/rp2_common/pico_bootrom/bootrom.c.obj
                0x10004190                rom_func_lookup
 .text.rom_data_lookup
                0x100041a0       0x10 CMakeFiles/TESTING.dir/C_/Program_Files/Raspberry_Pi/Pico_SDK_v1.5.1/pico-sdk/src/rp2_common/pico_bootrom/bootrom.c.obj
                0x100041a0                rom_data_lookup
 .text.rom_funcs_lookup
                0x100041b0       0x36 CMakeFiles/TESTING.dir/C_/Program_Files/Raspberry_Pi/Pico_SDK_v1.5.1/pico-sdk/src/rp2_common/pico_bootrom/bootrom.c.obj
                0x100041b0                rom_funcs_lookup
 *fill*         0x100041e6        0x2 
 .text.__wrap___aeabi_idiv
                0x100041e8       0x50 CMakeFiles/TESTING.dir/C_/Program_Files/Raspberry_Pi/Pico_SDK_v1.5.1/pico-sdk/src/rp2_common/pico_divider/divider.S.obj
                0x100041e8                __wrap___aeabi_idivmod
                0x100041e8                divmod_s32s32
                0x100041e8                div_s32s32
                0x100041e8                __wrap___aeabi_idiv
                0x100041f0                divmod_s32s32_unsafe
                0x1000421c                divmod_s32s32_savestate
 .text.__wrap___aeabi_uidiv
                0x10004238       0x4c CMakeFiles/TESTING.dir/C_/Program_Files/Raspberry_Pi/Pico_SDK_v1.5.1/pico-sdk/src/rp2_common/pico_divider/divider.S.obj
                0x10004238                __wrap___aeabi_uidiv
                0x10004238                __wrap___aeabi_uidivmod
                0x10004238                div_u32u32
                0x10004238                divmod_u32u32
                0x10004240                divmod_u32u32_unsafe
                0x10004268                divmod_u32u32_savestate
 .text.__wrap___aeabi_ldiv
                0x10004284      0x424 CMakeFiles/TESTING.dir/C_/Program_Files/Raspberry_Pi/Pico_SDK_v1.5.1/pico-sdk/src/rp2_common/pico_divider/divider.S.obj
                0x10004284                div_s64s64
                0x10004284                divmod_s64s64
                0x10004284                __wrap___aeabi_ldivmod
                0x100042b4                divmod_u64u64
                0x100042b4                div_u64u64
                0x100042b4                __wrap___aeabi_uldivmod
                0x100042c4                divmod_u64u64_savestate
                0x100042e4                divmod_s64s64_unsafe
                0x1000436c                divmod_u64u64_unsafe
 .text.push_r8_r11
                0x100046a8        0xc CMakeFiles/TESTING.dir/C_/Program_Files/Raspberry_Pi/Pico_SDK_v1.5.1/pico-sdk/src/rp2_common/pico_double/double_aeabi.S.obj
                0x100046a8                push_r8_r11
 .text.pop_r8_r11
                0x100046b4        0xc CMakeFiles/TESTING.dir/C_/Program_Files/Raspberry_Pi/Pico_SDK_v1.5.1/pico-sdk/src/rp2_common/pico_double/double_aeabi.S.obj
                0x100046b4                pop_r8_r11
 .text.__wrap___aeabi_darithmetic
                0x100046c0       0x80 CMakeFiles/TESTING.dir/C_/Program_Files/Raspberry_Pi/Pico_SDK_v1.5.1/pico-sdk/src/rp2_common/pico_double/double_aeabi.S.obj
                0x100046c0                __wrap___aeabi_drsub
                0x100046c6                __wrap___aeabi_dsub
                0x100046d8                __wrap___aeabi_dadd
                0x100046ea                __wrap___aeabi_ddiv
                0x10004726                __wrap___aeabi_dmul
 .text.__wrap___aeabi_cdcmple
                0x10004740       0x6c CMakeFiles/TESTING.dir/C_/Program_Files/Raspberry_Pi/Pico_SDK_v1.5.1/pico-sdk/src/rp2_common/pico_double/double_aeabi.S.obj
                0x10004740                __wrap___aeabi_cdrcmple
                0x10004750                __wrap___aeabi_cdcmpeq
                0x10004750                __wrap___aeabi_cdcmple
 .text.__wrap___aeabi_dcmpeq
                0x100047ac       0x10 CMakeFiles/TESTING.dir/C_/Program_Files/Raspberry_Pi/Pico_SDK_v1.5.1/pico-sdk/src/rp2_common/pico_double/double_aeabi.S.obj
                0x100047ac                __wrap___aeabi_dcmpeq
 .text.__wrap___aeabi_dcmplt
                0x100047bc        0xc CMakeFiles/TESTING.dir/C_/Program_Files/Raspberry_Pi/Pico_SDK_v1.5.1/pico-sdk/src/rp2_common/pico_double/double_aeabi.S.obj
                0x100047bc                __wrap___aeabi_dcmplt
 .text.__wrap___aeabi_dcmple
                0x100047c8       0x10 CMakeFiles/TESTING.dir/C_/Program_Files/Raspberry_Pi/Pico_SDK_v1.5.1/pico-sdk/src/rp2_common/pico_double/double_aeabi.S.obj
                0x100047c8                __wrap___aeabi_dcmple
 .text.__wrap___aeabi_dcmpge
                0x100047d8       0x10 CMakeFiles/TESTING.dir/C_/Program_Files/Raspberry_Pi/Pico_SDK_v1.5.1/pico-sdk/src/rp2_common/pico_double/double_aeabi.S.obj
                0x100047d8                __wrap___aeabi_dcmpge
 .text.__wrap___aeabi_dcmpgt
                0x100047e8        0xa CMakeFiles/TESTING.dir/C_/Program_Files/Raspberry_Pi/Pico_SDK_v1.5.1/pico-sdk/src/rp2_common/pico_double/double_aeabi.S.obj
                0x100047e8                __wrap___aeabi_dcmpgt
 .text.__wrap___aeabi_dcmpun
                0x100047f2       0x1c CMakeFiles/TESTING.dir/C_/Program_Files/Raspberry_Pi/Pico_SDK_v1.5.1/pico-sdk/src/rp2_common/pico_double/double_aeabi.S.obj
                0x100047f2                __wrap___aeabi_dcmpun
 *fill*         0x1000480e        0x2 
 .text.__wrap___aeabi_i2d
                0x10004810       0x38 CMakeFiles/TESTING.dir/C_/Program_Files/Raspberry_Pi/Pico_SDK_v1.5.1/pico-sdk/src/rp2_common/pico_double/double_aeabi.S.obj
                0x10004810                __wrap___aeabi_ui2d
                0x10004818                __wrap___aeabi_i2d
 .text.__wrap___aeabi_d2iz
                0x10004848       0x48 CMakeFiles/TESTING.dir/C_/Program_Files/Raspberry_Pi/Pico_SDK_v1.5.1/pico-sdk/src/rp2_common/pico_double/double_aeabi.S.obj
                0x10004848                double2int_z
                0x10004848                __wrap___aeabi_d2iz
 .text.__wrap___aeabi_d2uiz
                0x10004890       0x18 CMakeFiles/TESTING.dir/C_/Program_Files/Raspberry_Pi/Pico_SDK_v1.5.1/pico-sdk/src/rp2_common/pico_double/double_aeabi.S.obj
                0x10004890                __wrap___aeabi_d2uiz
                0x10004890                double2uint
 .text.fix642double
                0x100048a8       0x18 CMakeFiles/TESTING.dir/C_/Program_Files/Raspberry_Pi/Pico_SDK_v1.5.1/pico-sdk/src/rp2_common/pico_double/double_aeabi.S.obj
                0x100048a8                fix642double
 .text.__wrap___aeabi_l2d
                0x100048c0       0x18 CMakeFiles/TESTING.dir/C_/Program_Files/Raspberry_Pi/Pico_SDK_v1.5.1/pico-sdk/src/rp2_common/pico_double/double_aeabi.S.obj
                0x100048c0                __wrap___aeabi_l2d
 .text.__wrap___aeabi_d2lz
                0x100048d8       0x26 CMakeFiles/TESTING.dir/C_/Program_Files/Raspberry_Pi/Pico_SDK_v1.5.1/pico-sdk/src/rp2_common/pico_double/double_aeabi.S.obj
                0x100048d8                double2int64_z
                0x100048d8                __wrap___aeabi_d2lz
 *fill*         0x100048fe        0x2 
 .text.double2int64
                0x10004900       0x18 CMakeFiles/TESTING.dir/C_/Program_Files/Raspberry_Pi/Pico_SDK_v1.5.1/pico-sdk/src/rp2_common/pico_double/double_aeabi.S.obj
                0x10004900                double2int64
 .text.double2ufix64
                0x10004918       0x18 CMakeFiles/TESTING.dir/C_/Program_Files/Raspberry_Pi/Pico_SDK_v1.5.1/pico-sdk/src/rp2_common/pico_double/double_aeabi.S.obj
                0x10004918                double2ufix64
 .text.__wrap___aeabi_d2f
                0x10004930       0x18 CMakeFiles/TESTING.dir/C_/Program_Files/Raspberry_Pi/Pico_SDK_v1.5.1/pico-sdk/src/rp2_common/pico_double/double_aeabi.S.obj
                0x10004930                __wrap___aeabi_d2f
 .text.__wrap_sincostan_remainder
                0x10004948       0x14 CMakeFiles/TESTING.dir/C_/Program_Files/Raspberry_Pi/Pico_SDK_v1.5.1/pico-sdk/src/rp2_common/pico_double/double_aeabi.S.obj
                0x10004948                sincostan_remainder
 .text.__wrap_cos
                0x1000495c       0x2c CMakeFiles/TESTING.dir/C_/Program_Files/Raspberry_Pi/Pico_SDK_v1.5.1/pico-sdk/src/rp2_common/pico_double/double_aeabi.S.obj
                0x1000495c                __wrap_cos
 .text.__aeabi_double_init
                0x10004988       0xc8 CMakeFiles/TESTING.dir/C_/Program_Files/Raspberry_Pi/Pico_SDK_v1.5.1/pico-sdk/src/rp2_common/pico_double/double_init_rom.c.obj
                0x10004988                __aeabi_double_init
 .text.drem_0   0x10004a50      0x130 CMakeFiles/TESTING.dir/C_/Program_Files/Raspberry_Pi/Pico_SDK_v1.5.1/pico-sdk/src/rp2_common/pico_double/double_math.c.obj
 .text.__wrap_remquo
                0x10004b80      0x17c CMakeFiles/TESTING.dir/C_/Program_Files/Raspberry_Pi/Pico_SDK_v1.5.1/pico-sdk/src/rp2_common/pico_double/double_math.c.obj
                0x10004b80                __wrap_remquo
 .text.__wrap_remainder
                0x10004cfc       0x10 CMakeFiles/TESTING.dir/C_/Program_Files/Raspberry_Pi/Pico_SDK_v1.5.1/pico-sdk/src/rp2_common/pico_double/double_math.c.obj
                0x10004cfc                __wrap_remainder
 .text.double_table_shim_on_use_helper
                0x10004d0c       0x34 CMakeFiles/TESTING.dir/C_/Program_Files/Raspberry_Pi/Pico_SDK_v1.5.1/pico-sdk/src/rp2_common/pico_double/double_v1_rom_shim.S.obj
                0x10004d0c                double_table_shim_on_use_helper
 .text.__wrap___aeabi_dsub
                0x10004d40       0x10 CMakeFiles/TESTING.dir/C_/Program_Files/Raspberry_Pi/Pico_SDK_v1.5.1/pico-sdk/src/rp2_common/pico_double/double_v1_rom_shim.S.obj
                0x10004d40                drsub_shim
                0x10004d46                dsub_shim
 .text.dadd_shim
                0x10004d50      0x15c CMakeFiles/TESTING.dir/C_/Program_Files/Raspberry_Pi/Pico_SDK_v1.5.1/pico-sdk/src/rp2_common/pico_double/double_v1_rom_shim.S.obj
                0x10004d50                dadd_shim
 .text.dmul_shim
                0x10004eac      0x15c CMakeFiles/TESTING.dir/C_/Program_Files/Raspberry_Pi/Pico_SDK_v1.5.1/pico-sdk/src/rp2_common/pico_double/double_v1_rom_shim.S.obj
                0x10004eac                dmul_shim
 .text.ddiv_shim
                0x10005008      0x1b0 CMakeFiles/TESTING.dir/C_/Program_Files/Raspberry_Pi/Pico_SDK_v1.5.1/pico-sdk/src/rp2_common/pico_double/double_v1_rom_shim.S.obj
                0x10005008                ddiv_shim
 .text.dcordic_vec_step
                0x100051b8        0xe CMakeFiles/TESTING.dir/C_/Program_Files/Raspberry_Pi/Pico_SDK_v1.5.1/pico-sdk/src/rp2_common/pico_double/double_v1_rom_shim.S.obj
                0x100051b8                dcordic_vec_step
 .text.dcordic_rot_step
                0x100051c6       0x76 CMakeFiles/TESTING.dir/C_/Program_Files/Raspberry_Pi/Pico_SDK_v1.5.1/pico-sdk/src/rp2_common/pico_double/double_v1_rom_shim.S.obj
                0x100051c6                dcordic_rot_step
 .text.double2uint_shim
                0x1000523c        0xe CMakeFiles/TESTING.dir/C_/Program_Files/Raspberry_Pi/Pico_SDK_v1.5.1/pico-sdk/src/rp2_common/pico_double/double_v1_rom_shim.S.obj
                0x1000523c                double2uint_shim
                0x1000523e                double2ufix_shim
 .text.double2int64_shim
                0x1000524a       0x1a CMakeFiles/TESTING.dir/C_/Program_Files/Raspberry_Pi/Pico_SDK_v1.5.1/pico-sdk/src/rp2_common/pico_double/double_v1_rom_shim.S.obj
                0x1000524a                double2int64_shim
                0x1000524c                double2fix64_shim
 .text.double2uint64_shim
                0x10005264       0x70 CMakeFiles/TESTING.dir/C_/Program_Files/Raspberry_Pi/Pico_SDK_v1.5.1/pico-sdk/src/rp2_common/pico_double/double_v1_rom_shim.S.obj
                0x10005264                double2uint64_shim
                0x10005266                double2ufix64_shim
                0x10005286                d2fix_a
 .text.double2float_shim
                0x100052d4       0x5c CMakeFiles/TESTING.dir/C_/Program_Files/Raspberry_Pi/Pico_SDK_v1.5.1/pico-sdk/src/rp2_common/pico_double/double_v1_rom_shim.S.obj
                0x100052d4                double2float_shim
 .text.x2double_shims
                0x10005330       0x90 CMakeFiles/TESTING.dir/C_/Program_Files/Raspberry_Pi/Pico_SDK_v1.5.1/pico-sdk/src/rp2_common/pico_double/double_v1_rom_shim.S.obj
                0x10005330                uint2double_shim
                0x10005332                ufix2double_shim
                0x10005338                int2double_shim
                0x1000533a                fix2double_shim
                0x10005340                uint642double_shim
                0x10005342                ufix642double_shim
                0x10005348                int642double_shim
                0x1000534a                fix642double_shim
 .text.dunpacks
                0x100053c0       0x3c CMakeFiles/TESTING.dir/C_/Program_Files/Raspberry_Pi/Pico_SDK_v1.5.1/pico-sdk/src/rp2_common/pico_double/double_v1_rom_shim.S.obj
                0x100053c0                dunpacks
 .text.dreduce  0x100053fc       0x82 CMakeFiles/TESTING.dir/C_/Program_Files/Raspberry_Pi/Pico_SDK_v1.5.1/pico-sdk/src/rp2_common/pico_double/double_v1_rom_shim.S.obj
                0x100053fc                dreduce
 .text.dcos_shim
                0x1000547e       0x10 CMakeFiles/TESTING.dir/C_/Program_Files/Raspberry_Pi/Pico_SDK_v1.5.1/pico-sdk/src/rp2_common/pico_double/double_v1_rom_shim.S.obj
                0x1000547e                dcos_shim
 .text.dsin_shim
                0x1000548e       0x14 CMakeFiles/TESTING.dir/C_/Program_Files/Raspberry_Pi/Pico_SDK_v1.5.1/pico-sdk/src/rp2_common/pico_double/double_v1_rom_shim.S.obj
                0x1000548e                dsin_shim
 *fill*         0x100054a2        0x2 
 .text.dtrig_guts
                0x100054a4      0x2ec CMakeFiles/TESTING.dir/C_/Program_Files/Raspberry_Pi/Pico_SDK_v1.5.1/pico-sdk/src/rp2_common/pico_double/double_v1_rom_shim.S.obj
                0x1000557c                datan2_shim
 .text.__aeabi_lmul
                0x10005790       0x32 CMakeFiles/TESTING.dir/C_/Program_Files/Raspberry_Pi/Pico_SDK_v1.5.1/pico-sdk/src/rp2_common/pico_int64_ops/pico_int64_ops_aeabi.S.obj
                0x10005790                __wrap___aeabi_lmul
 *fill*         0x100057c2        0x2 
 .text.__aeabi_float_init
                0x100057c4       0xfc CMakeFiles/TESTING.dir/C_/Program_Files/Raspberry_Pi/Pico_SDK_v1.5.1/pico-sdk/src/rp2_common/pico_float/float_init_rom.c.obj
                0x100057c4                __aeabi_float_init
 .text.float_table_shim_on_use_helper
                0x100058c0       0x34 CMakeFiles/TESTING.dir/C_/Program_Files/Raspberry_Pi/Pico_SDK_v1.5.1/pico-sdk/src/rp2_common/pico_float/float_v1_rom_shim.S.obj
                0x100058c0                float_table_shim_on_use_helper
 .text.__wrap_malloc
                0x100058f4       0x3c CMakeFiles/TESTING.dir/C_/Program_Files/Raspberry_Pi/Pico_SDK_v1.5.1/pico-sdk/src/rp2_common/pico_malloc/pico_malloc.c.obj
                0x100058f4                __wrap_malloc
 .text.__wrap_realloc
                0x10005930       0x40 CMakeFiles/TESTING.dir/C_/Program_Files/Raspberry_Pi/Pico_SDK_v1.5.1/pico-sdk/src/rp2_common/pico_malloc/pico_malloc.c.obj
                0x10005930                __wrap_realloc
 .text.__wrap_free
                0x10005970       0x20 CMakeFiles/TESTING.dir/C_/Program_Files/Raspberry_Pi/Pico_SDK_v1.5.1/pico-sdk/src/rp2_common/pico_malloc/pico_malloc.c.obj
                0x10005970                __wrap_free
 .text          0x10005990       0x10 CMakeFiles/TESTING.dir/C_/Program_Files/Raspberry_Pi/Pico_SDK_v1.5.1/pico-sdk/src/rp2_common/pico_mem_ops/mem_ops_aeabi.S.obj
                0x10005990                __aeabi_mem_init
 .text.memset   0x100059a0        0xc CMakeFiles/TESTING.dir/C_/Program_Files/Raspberry_Pi/Pico_SDK_v1.5.1/pico-sdk/src/rp2_common/pico_mem_ops/mem_ops_aeabi.S.obj
                0x100059a0                __wrap_memset
 .text.memcpy   0x100059ac        0xc CMakeFiles/TESTING.dir/C_/Program_Files/Raspberry_Pi/Pico_SDK_v1.5.1/pico-sdk/src/rp2_common/pico_mem_ops/mem_ops_aeabi.S.obj
                0x100059ac                __wrap_memcpy
                0x100059ac                __wrap___aeabi_memcpy
 .text.stdio_out_chars_no_crlf
                0x100059b8        0xe CMakeFiles/TESTING.dir/C_/Program_Files/Raspberry_Pi/Pico_SDK_v1.5.1/pico-sdk/src/rp2_common/pico_stdio/stdio.c.obj
 *fill*         0x100059c6        0x2 
 .text.stdio_out_chars_crlf
                0x100059c8       0x80 CMakeFiles/TESTING.dir/C_/Program_Files/Raspberry_Pi/Pico_SDK_v1.5.1/pico-sdk/src/rp2_common/pico_stdio/stdio.c.obj
 .text.stdio_stack_buffer_flush
                0x10005a48       0x44 CMakeFiles/TESTING.dir/C_/Program_Files/Raspberry_Pi/Pico_SDK_v1.5.1/pico-sdk/src/rp2_common/pico_stdio/stdio.c.obj
 .text.stdio_buffered_printer
                0x10005a8c       0x20 CMakeFiles/TESTING.dir/C_/Program_Files/Raspberry_Pi/Pico_SDK_v1.5.1/pico-sdk/src/rp2_common/pico_stdio/stdio.c.obj
 .text.stdio_get_until
                0x10005aac       0x80 CMakeFiles/TESTING.dir/C_/Program_Files/Raspberry_Pi/Pico_SDK_v1.5.1/pico-sdk/src/rp2_common/pico_stdio/stdio.c.obj
 .text.stdout_serialize_begin
                0x10005b2c       0x5c CMakeFiles/TESTING.dir/C_/Program_Files/Raspberry_Pi/Pico_SDK_v1.5.1/pico-sdk/src/rp2_common/pico_stdio/stdio.c.obj
                0x10005b2c                stdout_serialize_begin
 .text.stdout_serialize_end
                0x10005b88       0x10 CMakeFiles/TESTING.dir/C_/Program_Files/Raspberry_Pi/Pico_SDK_v1.5.1/pico-sdk/src/rp2_common/pico_stdio/stdio.c.obj
                0x10005b88                stdout_serialize_end
 .text.stdio_put_string
                0x10005b98       0x98 CMakeFiles/TESTING.dir/C_/Program_Files/Raspberry_Pi/Pico_SDK_v1.5.1/pico-sdk/src/rp2_common/pico_stdio/stdio.c.obj
 .text.__wrap_putchar
                0x10005c30       0x1c CMakeFiles/TESTING.dir/C_/Program_Files/Raspberry_Pi/Pico_SDK_v1.5.1/pico-sdk/src/rp2_common/pico_stdio/stdio.c.obj
                0x10005c30                __wrap_putchar
 .text.stdio_set_driver_enabled
                0x10005c4c       0x2c CMakeFiles/TESTING.dir/C_/Program_Files/Raspberry_Pi/Pico_SDK_v1.5.1/pico-sdk/src/rp2_common/pico_stdio/stdio.c.obj
                0x10005c4c                stdio_set_driver_enabled
 .text.stdio_flush
                0x10005c78       0x20 CMakeFiles/TESTING.dir/C_/Program_Files/Raspberry_Pi/Pico_SDK_v1.5.1/pico-sdk/src/rp2_common/pico_stdio/stdio.c.obj
                0x10005c78                stdio_flush
 .text.__wrap_puts
                0x10005c98       0x1e CMakeFiles/TESTING.dir/C_/Program_Files/Raspberry_Pi/Pico_SDK_v1.5.1/pico-sdk/src/rp2_common/pico_stdio/stdio.c.obj
                0x10005c98                __wrap_puts
 *fill*         0x10005cb6        0x2 
 .text.__wrap_vprintf
                0x10005cb8       0x40 CMakeFiles/TESTING.dir/C_/Program_Files/Raspberry_Pi/Pico_SDK_v1.5.1/pico-sdk/src/rp2_common/pico_stdio/stdio.c.obj
                0x10005cb8                __wrap_vprintf
 .text.__wrap_printf
                0x10005cf8       0x18 CMakeFiles/TESTING.dir/C_/Program_Files/Raspberry_Pi/Pico_SDK_v1.5.1/pico-sdk/src/rp2_common/pico_stdio/stdio.c.obj
                0x10005cf8                __wrap_printf
 .text.stdio_init_all
                0x10005d10        0x8 CMakeFiles/TESTING.dir/C_/Program_Files/Raspberry_Pi/Pico_SDK_v1.5.1/pico-sdk/src/rp2_common/pico_stdio/stdio.c.obj
                0x10005d10                stdio_init_all
 .text.getchar_timeout_us
                0x10005d18       0x80 CMakeFiles/TESTING.dir/C_/Program_Files/Raspberry_Pi/Pico_SDK_v1.5.1/pico-sdk/src/rp2_common/pico_stdio/stdio.c.obj
                0x10005d18                getchar_timeout_us
 .text.resetd_init
                0x10005d98        0x2 CMakeFiles/TESTING.dir/C_/Program_Files/Raspberry_Pi/Pico_SDK_v1.5.1/pico-sdk/src/rp2_common/pico_stdio_usb/reset_interface.c.obj
 *fill*         0x10005d9a        0x2 
 .text.resetd_reset
                0x10005d9c        0xc CMakeFiles/TESTING.dir/C_/Program_Files/Raspberry_Pi/Pico_SDK_v1.5.1/pico-sdk/src/rp2_common/pico_stdio_usb/reset_interface.c.obj
 .text.resetd_open
                0x10005da8       0x34 CMakeFiles/TESTING.dir/C_/Program_Files/Raspberry_Pi/Pico_SDK_v1.5.1/pico-sdk/src/rp2_common/pico_stdio_usb/reset_interface.c.obj
 .text.resetd_xfer_cb
                0x10005ddc        0x4 CMakeFiles/TESTING.dir/C_/Program_Files/Raspberry_Pi/Pico_SDK_v1.5.1/pico-sdk/src/rp2_common/pico_stdio_usb/reset_interface.c.obj
 .text.reset_usb_boot
                0x10005de0       0x18 CMakeFiles/TESTING.dir/C_/Program_Files/Raspberry_Pi/Pico_SDK_v1.5.1/pico-sdk/src/rp2_common/pico_stdio_usb/reset_interface.c.obj
 .text.resetd_control_xfer_cb
                0x10005df8       0x5c CMakeFiles/TESTING.dir/C_/Program_Files/Raspberry_Pi/Pico_SDK_v1.5.1/pico-sdk/src/rp2_common/pico_stdio_usb/reset_interface.c.obj
 .text.usbd_app_driver_get_cb
                0x10005e54        0xc CMakeFiles/TESTING.dir/C_/Program_Files/Raspberry_Pi/Pico_SDK_v1.5.1/pico-sdk/src/rp2_common/pico_stdio_usb/reset_interface.c.obj
                0x10005e54                usbd_app_driver_get_cb
 .text.tud_cdc_line_coding_cb
                0x10005e60       0x28 CMakeFiles/TESTING.dir/C_/Program_Files/Raspberry_Pi/Pico_SDK_v1.5.1/pico-sdk/src/rp2_common/pico_stdio_usb/reset_interface.c.obj
                0x10005e60                tud_cdc_line_coding_cb
 .text.stdio_usb_set_chars_available_callback
                0x10005e88       0x14 CMakeFiles/TESTING.dir/C_/Program_Files/Raspberry_Pi/Pico_SDK_v1.5.1/pico-sdk/src/rp2_common/pico_stdio_usb/stdio_usb.c.obj
                0x10005e88                stdio_usb_set_chars_available_callback
 .text.usb_irq  0x10005e9c       0x10 CMakeFiles/TESTING.dir/C_/Program_Files/Raspberry_Pi/Pico_SDK_v1.5.1/pico-sdk/src/rp2_common/pico_stdio_usb/stdio_usb.c.obj
 .text.timer_task
                0x10005eac       0x5c CMakeFiles/TESTING.dir/C_/Program_Files/Raspberry_Pi/Pico_SDK_v1.5.1/pico-sdk/src/rp2_common/pico_stdio_usb/stdio_usb.c.obj
 .text.low_priority_worker_irq
                0x10005f08       0xdc CMakeFiles/TESTING.dir/C_/Program_Files/Raspberry_Pi/Pico_SDK_v1.5.1/pico-sdk/src/rp2_common/pico_stdio_usb/stdio_usb.c.obj
 .text.tud_cdc_rx_cb
                0x10005fe4       0x20 CMakeFiles/TESTING.dir/C_/Program_Files/Raspberry_Pi/Pico_SDK_v1.5.1/pico-sdk/src/rp2_common/pico_stdio_usb/stdio_usb.c.obj
                0x10005fe4                tud_cdc_rx_cb
 .text.stdio_usb_init
                0x10006004      0x11c CMakeFiles/TESTING.dir/C_/Program_Files/Raspberry_Pi/Pico_SDK_v1.5.1/pico-sdk/src/rp2_common/pico_stdio_usb/stdio_usb.c.obj
                0x10006004                stdio_usb_init
 .text.stdio_usb_connected
                0x10006120        0xa CMakeFiles/TESTING.dir/C_/Program_Files/Raspberry_Pi/Pico_SDK_v1.5.1/pico-sdk/src/rp2_common/pico_stdio_usb/stdio_usb.c.obj
                0x10006120                stdio_usb_connected
 *fill*         0x1000612a        0x2 
 .text.stdio_usb_in_chars
                0x1000612c       0xc4 CMakeFiles/TESTING.dir/C_/Program_Files/Raspberry_Pi/Pico_SDK_v1.5.1/pico-sdk/src/rp2_common/pico_stdio_usb/stdio_usb.c.obj
                0x1000612c                stdio_usb_in_chars
 .text.stdio_usb_out_chars
                0x100061f0      0x114 CMakeFiles/TESTING.dir/C_/Program_Files/Raspberry_Pi/Pico_SDK_v1.5.1/pico-sdk/src/rp2_common/pico_stdio_usb/stdio_usb.c.obj
 .text.tud_descriptor_device_cb
                0x10006304        0x8 CMakeFiles/TESTING.dir/C_/Program_Files/Raspberry_Pi/Pico_SDK_v1.5.1/pico-sdk/src/rp2_common/pico_stdio_usb/stdio_usb_descriptors.c.obj
                0x10006304                tud_descriptor_device_cb
 .text.tud_descriptor_configuration_cb
                0x1000630c        0x8 CMakeFiles/TESTING.dir/C_/Program_Files/Raspberry_Pi/Pico_SDK_v1.5.1/pico-sdk/src/rp2_common/pico_stdio_usb/stdio_usb_descriptors.c.obj
                0x1000630c                tud_descriptor_configuration_cb
 .text.tud_descriptor_string_cb
                0x10006314       0x6c CMakeFiles/TESTING.dir/C_/Program_Files/Raspberry_Pi/Pico_SDK_v1.5.1/pico-sdk/src/rp2_common/pico_stdio_usb/stdio_usb_descriptors.c.obj
                0x10006314                tud_descriptor_string_cb
 .text._retrieve_unique_id_on_boot
                0x10006380       0x10 CMakeFiles/TESTING.dir/C_/Program_Files/Raspberry_Pi/Pico_SDK_v1.5.1/pico-sdk/src/rp2_common/pico_unique_id/unique_id.c.obj
 .text.pico_get_unique_board_id_string
                0x10006390       0x60 CMakeFiles/TESTING.dir/C_/Program_Files/Raspberry_Pi/Pico_SDK_v1.5.1/pico-sdk/src/rp2_common/pico_unique_id/unique_id.c.obj
                0x10006390                pico_get_unique_board_id_string
 .text.flash_get_unique_id
                0x100063f0       0x46 CMakeFiles/TESTING.dir/C_/Program_Files/Raspberry_Pi/Pico_SDK_v1.5.1/pico-sdk/src/rp2_common/hardware_flash/flash.c.obj
                0x100063f0                flash_get_unique_id
 *fill*         0x10006436        0x2 
 .text.hw_endpoint_get_by_addr
                0x10006438       0x18 CMakeFiles/TESTING.dir/C_/Program_Files/Raspberry_Pi/Pico_SDK_v1.5.1/pico-sdk/lib/tinyusb/src/portable/raspberrypi/rp2040/dcd_rp2040.c.obj
 .text._hw_endpoint_alloc
                0x10006450       0x70 CMakeFiles/TESTING.dir/C_/Program_Files/Raspberry_Pi/Pico_SDK_v1.5.1/pico-sdk/lib/tinyusb/src/portable/raspberrypi/rp2040/dcd_rp2040.c.obj
 .text.hw_endpoint_init
                0x100064c0       0x88 CMakeFiles/TESTING.dir/C_/Program_Files/Raspberry_Pi/Pico_SDK_v1.5.1/pico-sdk/lib/tinyusb/src/portable/raspberrypi/rp2040/dcd_rp2040.c.obj
 .text.hw_endpoint_xfer
                0x10006548       0x14 CMakeFiles/TESTING.dir/C_/Program_Files/Raspberry_Pi/Pico_SDK_v1.5.1/pico-sdk/lib/tinyusb/src/portable/raspberrypi/rp2040/dcd_rp2040.c.obj
 .text.dcd_int_enable
                0x1000655c       0x2c CMakeFiles/TESTING.dir/C_/Program_Files/Raspberry_Pi/Pico_SDK_v1.5.1/pico-sdk/lib/tinyusb/src/portable/raspberrypi/rp2040/dcd_rp2040.c.obj
                0x1000655c                dcd_int_enable
 .text.dcd_set_address
                0x10006588       0x2c CMakeFiles/TESTING.dir/C_/Program_Files/Raspberry_Pi/Pico_SDK_v1.5.1/pico-sdk/lib/tinyusb/src/portable/raspberrypi/rp2040/dcd_rp2040.c.obj
                0x10006588                dcd_set_address
 .text.dcd_connect
                0x100065b4       0x10 CMakeFiles/TESTING.dir/C_/Program_Files/Raspberry_Pi/Pico_SDK_v1.5.1/pico-sdk/lib/tinyusb/src/portable/raspberrypi/rp2040/dcd_rp2040.c.obj
                0x100065b4                dcd_connect
 .text.dcd_init
                0x100065c4       0x80 CMakeFiles/TESTING.dir/C_/Program_Files/Raspberry_Pi/Pico_SDK_v1.5.1/pico-sdk/lib/tinyusb/src/portable/raspberrypi/rp2040/dcd_rp2040.c.obj
                0x100065c4                dcd_init
 .text.dcd_edpt0_status_complete
                0x10006644       0x1c CMakeFiles/TESTING.dir/C_/Program_Files/Raspberry_Pi/Pico_SDK_v1.5.1/pico-sdk/lib/tinyusb/src/portable/raspberrypi/rp2040/dcd_rp2040.c.obj
                0x10006644                dcd_edpt0_status_complete
 .text.dcd_edpt_open
                0x10006660       0x40 CMakeFiles/TESTING.dir/C_/Program_Files/Raspberry_Pi/Pico_SDK_v1.5.1/pico-sdk/lib/tinyusb/src/portable/raspberrypi/rp2040/dcd_rp2040.c.obj
                0x10006660                dcd_edpt_open
 .text.dcd_edpt_close_all
                0x100066a0        0x8 CMakeFiles/TESTING.dir/C_/Program_Files/Raspberry_Pi/Pico_SDK_v1.5.1/pico-sdk/lib/tinyusb/src/portable/raspberrypi/rp2040/dcd_rp2040.c.obj
                0x100066a0                dcd_edpt_close_all
 .text.dcd_edpt_xfer
                0x100066a8       0x34 CMakeFiles/TESTING.dir/C_/Program_Files/Raspberry_Pi/Pico_SDK_v1.5.1/pico-sdk/lib/tinyusb/src/portable/raspberrypi/rp2040/dcd_rp2040.c.obj
                0x100066a8                dcd_edpt_xfer
 .text.dcd_edpt_stall
                0x100066dc       0x2c CMakeFiles/TESTING.dir/C_/Program_Files/Raspberry_Pi/Pico_SDK_v1.5.1/pico-sdk/lib/tinyusb/src/portable/raspberrypi/rp2040/dcd_rp2040.c.obj
                0x100066dc                dcd_edpt_stall
 .text.dcd_edpt_clear_stall
                0x10006708       0x20 CMakeFiles/TESTING.dir/C_/Program_Files/Raspberry_Pi/Pico_SDK_v1.5.1/pico-sdk/lib/tinyusb/src/portable/raspberrypi/rp2040/dcd_rp2040.c.obj
                0x10006708                dcd_edpt_clear_stall
 .text.rp2040_usb_init
                0x10006728       0x4c CMakeFiles/TESTING.dir/C_/Program_Files/Raspberry_Pi/Pico_SDK_v1.5.1/pico-sdk/lib/tinyusb/src/portable/raspberrypi/rp2040/rp2040_usb.c.obj
                0x10006728                rp2040_usb_init
 .text.hw_endpoint_xfer_start
                0x10006774       0x50 CMakeFiles/TESTING.dir/C_/Program_Files/Raspberry_Pi/Pico_SDK_v1.5.1/pico-sdk/lib/tinyusb/src/portable/raspberrypi/rp2040/rp2040_usb.c.obj
                0x10006774                hw_endpoint_xfer_start
 .text.configuration_reset
                0x100067c4       0x84 CMakeFiles/TESTING.dir/C_/Program_Files/Raspberry_Pi/Pico_SDK_v1.5.1/pico-sdk/lib/tinyusb/src/device/usbd.c.obj
 .text.usbd_reset
                0x10006848        0xc CMakeFiles/TESTING.dir/C_/Program_Files/Raspberry_Pi/Pico_SDK_v1.5.1/pico-sdk/lib/tinyusb/src/device/usbd.c.obj
 .text.invoke_class_control
                0x10006854       0x1a CMakeFiles/TESTING.dir/C_/Program_Files/Raspberry_Pi/Pico_SDK_v1.5.1/pico-sdk/lib/tinyusb/src/device/usbd.c.obj
 *fill*         0x1000686e        0x2 
 .text.process_set_config
                0x10006870      0x178 CMakeFiles/TESTING.dir/C_/Program_Files/Raspberry_Pi/Pico_SDK_v1.5.1/pico-sdk/lib/tinyusb/src/device/usbd.c.obj
 .text.process_get_descriptor
                0x100069e8       0xdc CMakeFiles/TESTING.dir/C_/Program_Files/Raspberry_Pi/Pico_SDK_v1.5.1/pico-sdk/lib/tinyusb/src/device/usbd.c.obj
 .text.tud_mounted
                0x10006ac4       0x10 CMakeFiles/TESTING.dir/C_/Program_Files/Raspberry_Pi/Pico_SDK_v1.5.1/pico-sdk/lib/tinyusb/src/device/usbd.c.obj
                0x10006ac4                tud_mounted
 .text.tud_suspended
                0x10006ad4       0x10 CMakeFiles/TESTING.dir/C_/Program_Files/Raspberry_Pi/Pico_SDK_v1.5.1/pico-sdk/lib/tinyusb/src/device/usbd.c.obj
                0x10006ad4                tud_suspended
 .text.tud_inited
                0x10006ae4       0x14 CMakeFiles/TESTING.dir/C_/Program_Files/Raspberry_Pi/Pico_SDK_v1.5.1/pico-sdk/lib/tinyusb/src/device/usbd.c.obj
                0x10006ae4                tud_inited
 .text.tud_init
                0x10006af8       0xcc CMakeFiles/TESTING.dir/C_/Program_Files/Raspberry_Pi/Pico_SDK_v1.5.1/pico-sdk/lib/tinyusb/src/device/usbd.c.obj
                0x10006af8                tud_init
 .text.usbd_defer_func
                0x10006bc4       0x2a CMakeFiles/TESTING.dir/C_/Program_Files/Raspberry_Pi/Pico_SDK_v1.5.1/pico-sdk/lib/tinyusb/src/device/usbd.c.obj
                0x10006bc4                usbd_defer_func
 *fill*         0x10006bee        0x2 
 .text.usbd_edpt_open
                0x10006bf0       0x34 CMakeFiles/TESTING.dir/C_/Program_Files/Raspberry_Pi/Pico_SDK_v1.5.1/pico-sdk/lib/tinyusb/src/device/usbd.c.obj
                0x10006bf0                usbd_edpt_open
 .text.usbd_open_edpt_pair
                0x10006c24       0x62 CMakeFiles/TESTING.dir/C_/Program_Files/Raspberry_Pi/Pico_SDK_v1.5.1/pico-sdk/lib/tinyusb/src/device/usbd.c.obj
                0x10006c24                usbd_open_edpt_pair
 *fill*         0x10006c86        0x2 
 .text.usbd_edpt_claim
                0x10006c88       0x28 CMakeFiles/TESTING.dir/C_/Program_Files/Raspberry_Pi/Pico_SDK_v1.5.1/pico-sdk/lib/tinyusb/src/device/usbd.c.obj
                0x10006c88                usbd_edpt_claim
 .text.usbd_edpt_release
                0x10006cb0       0x28 CMakeFiles/TESTING.dir/C_/Program_Files/Raspberry_Pi/Pico_SDK_v1.5.1/pico-sdk/lib/tinyusb/src/device/usbd.c.obj
                0x10006cb0                usbd_edpt_release
 .text.usbd_edpt_xfer
                0x10006cd8       0x78 CMakeFiles/TESTING.dir/C_/Program_Files/Raspberry_Pi/Pico_SDK_v1.5.1/pico-sdk/lib/tinyusb/src/device/usbd.c.obj
                0x10006cd8                usbd_edpt_xfer
 .text.usbd_edpt_stall
                0x10006d50       0x48 CMakeFiles/TESTING.dir/C_/Program_Files/Raspberry_Pi/Pico_SDK_v1.5.1/pico-sdk/lib/tinyusb/src/device/usbd.c.obj
                0x10006d50                usbd_edpt_stall
 .text.usbd_edpt_clear_stall
                0x10006d98       0x48 CMakeFiles/TESTING.dir/C_/Program_Files/Raspberry_Pi/Pico_SDK_v1.5.1/pico-sdk/lib/tinyusb/src/device/usbd.c.obj
                0x10006d98                usbd_edpt_clear_stall
 .text.usbd_edpt_stalled
                0x10006de0       0x1c CMakeFiles/TESTING.dir/C_/Program_Files/Raspberry_Pi/Pico_SDK_v1.5.1/pico-sdk/lib/tinyusb/src/device/usbd.c.obj
                0x10006de0                usbd_edpt_stalled
 .text.process_control_request
                0x10006dfc      0x37c CMakeFiles/TESTING.dir/C_/Program_Files/Raspberry_Pi/Pico_SDK_v1.5.1/pico-sdk/lib/tinyusb/src/device/usbd.c.obj
 .text.tud_task_ext
                0x10007178      0x1b8 CMakeFiles/TESTING.dir/C_/Program_Files/Raspberry_Pi/Pico_SDK_v1.5.1/pico-sdk/lib/tinyusb/src/device/usbd.c.obj
                0x10007178                tud_task_ext
 .text._data_stage_xact
                0x10007330       0x58 CMakeFiles/TESTING.dir/C_/Program_Files/Raspberry_Pi/Pico_SDK_v1.5.1/pico-sdk/lib/tinyusb/src/device/usbd_control.c.obj
 .text.tud_control_status
                0x10007388       0x38 CMakeFiles/TESTING.dir/C_/Program_Files/Raspberry_Pi/Pico_SDK_v1.5.1/pico-sdk/lib/tinyusb/src/device/usbd_control.c.obj
                0x10007388                tud_control_status
 .text.tud_control_xfer
                0x100073c0       0x74 CMakeFiles/TESTING.dir/C_/Program_Files/Raspberry_Pi/Pico_SDK_v1.5.1/pico-sdk/lib/tinyusb/src/device/usbd_control.c.obj
                0x100073c0                tud_control_xfer
 .text.usbd_control_reset
                0x10007434       0x14 CMakeFiles/TESTING.dir/C_/Program_Files/Raspberry_Pi/Pico_SDK_v1.5.1/pico-sdk/lib/tinyusb/src/device/usbd_control.c.obj
                0x10007434                usbd_control_reset
 .text.usbd_control_set_complete_callback
                0x10007448        0xc CMakeFiles/TESTING.dir/C_/Program_Files/Raspberry_Pi/Pico_SDK_v1.5.1/pico-sdk/lib/tinyusb/src/device/usbd_control.c.obj
                0x10007448                usbd_control_set_complete_callback
 .text.usbd_control_set_request
                0x10007454       0x1c CMakeFiles/TESTING.dir/C_/Program_Files/Raspberry_Pi/Pico_SDK_v1.5.1/pico-sdk/lib/tinyusb/src/device/usbd_control.c.obj
                0x10007454                usbd_control_set_request
 .text.usbd_control_xfer_cb
                0x10007470       0xcc CMakeFiles/TESTING.dir/C_/Program_Files/Raspberry_Pi/Pico_SDK_v1.5.1/pico-sdk/lib/tinyusb/src/device/usbd_control.c.obj
                0x10007470                usbd_control_xfer_cb
 .text._prep_out_transaction
                0x1000753c       0x4a CMakeFiles/TESTING.dir/C_/Program_Files/Raspberry_Pi/Pico_SDK_v1.5.1/pico-sdk/lib/tinyusb/src/class/cdc/cdc_device.c.obj
 *fill*         0x10007586        0x2 
 .text.tud_cdc_n_connected
                0x10007588       0x44 CMakeFiles/TESTING.dir/C_/Program_Files/Raspberry_Pi/Pico_SDK_v1.5.1/pico-sdk/lib/tinyusb/src/class/cdc/cdc_device.c.obj
                0x10007588                tud_cdc_n_connected
 .text.tud_cdc_n_available
                0x100075cc       0x18 CMakeFiles/TESTING.dir/C_/Program_Files/Raspberry_Pi/Pico_SDK_v1.5.1/pico-sdk/lib/tinyusb/src/class/cdc/cdc_device.c.obj
                0x100075cc                tud_cdc_n_available
 .text.tud_cdc_n_read
                0x100075e4       0x28 CMakeFiles/TESTING.dir/C_/Program_Files/Raspberry_Pi/Pico_SDK_v1.5.1/pico-sdk/lib/tinyusb/src/class/cdc/cdc_device.c.obj
                0x100075e4                tud_cdc_n_read
 .text.tud_cdc_n_write_flush
                0x1000760c       0xb8 CMakeFiles/TESTING.dir/C_/Program_Files/Raspberry_Pi/Pico_SDK_v1.5.1/pico-sdk/lib/tinyusb/src/class/cdc/cdc_device.c.obj
                0x1000760c                tud_cdc_n_write_flush
 .text.tud_cdc_n_write
                0x100076c4       0x38 CMakeFiles/TESTING.dir/C_/Program_Files/Raspberry_Pi/Pico_SDK_v1.5.1/pico-sdk/lib/tinyusb/src/class/cdc/cdc_device.c.obj
                0x100076c4                tud_cdc_n_write
 .text.tud_cdc_n_write_available
                0x100076fc       0x1c CMakeFiles/TESTING.dir/C_/Program_Files/Raspberry_Pi/Pico_SDK_v1.5.1/pico-sdk/lib/tinyusb/src/class/cdc/cdc_device.c.obj
                0x100076fc                tud_cdc_n_write_available
 .text.cdcd_init
                0x10007718       0xbc CMakeFiles/TESTING.dir/C_/Program_Files/Raspberry_Pi/Pico_SDK_v1.5.1/pico-sdk/lib/tinyusb/src/class/cdc/cdc_device.c.obj
                0x10007718                cdcd_init
 .text.cdcd_reset
                0x100077d4       0x44 CMakeFiles/TESTING.dir/C_/Program_Files/Raspberry_Pi/Pico_SDK_v1.5.1/pico-sdk/lib/tinyusb/src/class/cdc/cdc_device.c.obj
                0x100077d4                cdcd_reset
 .text.cdcd_open
                0x10007818       0xcc CMakeFiles/TESTING.dir/C_/Program_Files/Raspberry_Pi/Pico_SDK_v1.5.1/pico-sdk/lib/tinyusb/src/class/cdc/cdc_device.c.obj
                0x10007818                cdcd_open
 .text.cdcd_control_xfer_cb
                0x100078e4      0x134 CMakeFiles/TESTING.dir/C_/Program_Files/Raspberry_Pi/Pico_SDK_v1.5.1/pico-sdk/lib/tinyusb/src/class/cdc/cdc_device.c.obj
                0x100078e4                cdcd_control_xfer_cb
 .text.cdcd_xfer_cb
                0x10007a18      0x130 CMakeFiles/TESTING.dir/C_/Program_Files/Raspberry_Pi/Pico_SDK_v1.5.1/pico-sdk/lib/tinyusb/src/class/cdc/cdc_device.c.obj
                0x10007a18                cdcd_xfer_cb
 .text.tusb_init
                0x10007b48        0xa CMakeFiles/TESTING.dir/C_/Program_Files/Raspberry_Pi/Pico_SDK_v1.5.1/pico-sdk/lib/tinyusb/src/tusb.c.obj
                0x10007b48                tusb_init
 .text.tusb_inited
                0x10007b52        0xe CMakeFiles/TESTING.dir/C_/Program_Files/Raspberry_Pi/Pico_SDK_v1.5.1/pico-sdk/lib/tinyusb/src/tusb.c.obj
                0x10007b52                tusb_inited
 .text.tu_edpt_claim
                0x10007b60       0x50 CMakeFiles/TESTING.dir/C_/Program_Files/Raspberry_Pi/Pico_SDK_v1.5.1/pico-sdk/lib/tinyusb/src/tusb.c.obj
                0x10007b60                tu_edpt_claim
 .text.tu_edpt_release
                0x10007bb0       0x3c CMakeFiles/TESTING.dir/C_/Program_Files/Raspberry_Pi/Pico_SDK_v1.5.1/pico-sdk/lib/tinyusb/src/tusb.c.obj
                0x10007bb0                tu_edpt_release
 .text.tu_edpt_validate
                0x10007bec       0x78 CMakeFiles/TESTING.dir/C_/Program_Files/Raspberry_Pi/Pico_SDK_v1.5.1/pico-sdk/lib/tinyusb/src/tusb.c.obj
                0x10007bec                tu_edpt_validate
 .text.tu_edpt_bind_driver
                0x10007c64       0x26 CMakeFiles/TESTING.dir/C_/Program_Files/Raspberry_Pi/Pico_SDK_v1.5.1/pico-sdk/lib/tinyusb/src/tusb.c.obj
                0x10007c64                tu_edpt_bind_driver
 .text.advance_index
                0x10007c8a       0x1a CMakeFiles/TESTING.dir/C_/Program_Files/Raspberry_Pi/Pico_SDK_v1.5.1/pico-sdk/lib/tinyusb/src/common/tusb_fifo.c.obj
 .text._tu_fifo_peek
                0x10007ca4       0x56 CMakeFiles/TESTING.dir/C_/Program_Files/Raspberry_Pi/Pico_SDK_v1.5.1/pico-sdk/lib/tinyusb/src/common/tusb_fifo.c.obj
 .text._ff_pull_const_addr
                0x10007cfa       0x4c CMakeFiles/TESTING.dir/C_/Program_Files/Raspberry_Pi/Pico_SDK_v1.5.1/pico-sdk/lib/tinyusb/src/common/tusb_fifo.c.obj
 .text._ff_pull_n
                0x10007d46      0x110 CMakeFiles/TESTING.dir/C_/Program_Files/Raspberry_Pi/Pico_SDK_v1.5.1/pico-sdk/lib/tinyusb/src/common/tusb_fifo.c.obj
 .text._tu_fifo_peek_n
                0x10007e56       0x6a CMakeFiles/TESTING.dir/C_/Program_Files/Raspberry_Pi/Pico_SDK_v1.5.1/pico-sdk/lib/tinyusb/src/common/tusb_fifo.c.obj
 .text._tu_fifo_read_n
                0x10007ec0       0x4e CMakeFiles/TESTING.dir/C_/Program_Files/Raspberry_Pi/Pico_SDK_v1.5.1/pico-sdk/lib/tinyusb/src/common/tusb_fifo.c.obj
 .text._ff_push_const_addr
                0x10007f0e       0x40 CMakeFiles/TESTING.dir/C_/Program_Files/Raspberry_Pi/Pico_SDK_v1.5.1/pico-sdk/lib/tinyusb/src/common/tusb_fifo.c.obj
 .text._ff_push_n
                0x10007f4e      0x10c CMakeFiles/TESTING.dir/C_/Program_Files/Raspberry_Pi/Pico_SDK_v1.5.1/pico-sdk/lib/tinyusb/src/common/tusb_fifo.c.obj
 .text._tu_fifo_write_n
                0x1000805a       0xf0 CMakeFiles/TESTING.dir/C_/Program_Files/Raspberry_Pi/Pico_SDK_v1.5.1/pico-sdk/lib/tinyusb/src/common/tusb_fifo.c.obj
 .text.tu_fifo_config
                0x1000814a       0x7c CMakeFiles/TESTING.dir/C_/Program_Files/Raspberry_Pi/Pico_SDK_v1.5.1/pico-sdk/lib/tinyusb/src/common/tusb_fifo.c.obj
                0x1000814a                tu_fifo_config
 .text.tu_fifo_count
                0x100081c6       0x2a CMakeFiles/TESTING.dir/C_/Program_Files/Raspberry_Pi/Pico_SDK_v1.5.1/pico-sdk/lib/tinyusb/src/common/tusb_fifo.c.obj
                0x100081c6                tu_fifo_count
 .text.tu_fifo_empty
                0x100081f0       0x10 CMakeFiles/TESTING.dir/C_/Program_Files/Raspberry_Pi/Pico_SDK_v1.5.1/pico-sdk/lib/tinyusb/src/common/tusb_fifo.c.obj
                0x100081f0                tu_fifo_empty
 .text.tu_fifo_full
                0x10008200       0x28 CMakeFiles/TESTING.dir/C_/Program_Files/Raspberry_Pi/Pico_SDK_v1.5.1/pico-sdk/lib/tinyusb/src/common/tusb_fifo.c.obj
                0x10008200                tu_fifo_full
 .text.tu_fifo_remaining
                0x10008228       0x2c CMakeFiles/TESTING.dir/C_/Program_Files/Raspberry_Pi/Pico_SDK_v1.5.1/pico-sdk/lib/tinyusb/src/common/tusb_fifo.c.obj
                0x10008228                tu_fifo_remaining
 .text.tu_fifo_read
                0x10008254       0x42 CMakeFiles/TESTING.dir/C_/Program_Files/Raspberry_Pi/Pico_SDK_v1.5.1/pico-sdk/lib/tinyusb/src/common/tusb_fifo.c.obj
                0x10008254                tu_fifo_read
 .text.tu_fifo_read_n
                0x10008296        0xa CMakeFiles/TESTING.dir/C_/Program_Files/Raspberry_Pi/Pico_SDK_v1.5.1/pico-sdk/lib/tinyusb/src/common/tusb_fifo.c.obj
                0x10008296                tu_fifo_read_n
 .text.tu_fifo_write
                0x100082a0       0x64 CMakeFiles/TESTING.dir/C_/Program_Files/Raspberry_Pi/Pico_SDK_v1.5.1/pico-sdk/lib/tinyusb/src/common/tusb_fifo.c.obj
                0x100082a0                tu_fifo_write
 .text.tu_fifo_write_n
                0x10008304        0xa CMakeFiles/TESTING.dir/C_/Program_Files/Raspberry_Pi/Pico_SDK_v1.5.1/pico-sdk/lib/tinyusb/src/common/tusb_fifo.c.obj
                0x10008304                tu_fifo_write_n
 .text.tu_fifo_clear
                0x1000830e       0x3e CMakeFiles/TESTING.dir/C_/Program_Files/Raspberry_Pi/Pico_SDK_v1.5.1/pico-sdk/lib/tinyusb/src/common/tusb_fifo.c.obj
                0x1000830e                tu_fifo_clear
 .text.tu_fifo_set_overwritable
                0x1000834c       0x46 CMakeFiles/TESTING.dir/C_/Program_Files/Raspberry_Pi/Pico_SDK_v1.5.1/pico-sdk/lib/tinyusb/src/common/tusb_fifo.c.obj
                0x1000834c                tu_fifo_set_overwritable
 .text.core1_trampoline
                0x10008392        0x2 CMakeFiles/TESTING.dir/C_/Program_Files/Raspberry_Pi/Pico_SDK_v1.5.1/pico-sdk/src/rp2_common/pico_multicore/multicore.c.obj
 .text.core1_wrapper
                0x10008394        0xc CMakeFiles/TESTING.dir/C_/Program_Files/Raspberry_Pi/Pico_SDK_v1.5.1/pico-sdk/src/rp2_common/pico_multicore/multicore.c.obj
                0x10008394                core1_wrapper
 .text.multicore_fifo_push_blocking
                0x100083a0       0x14 CMakeFiles/TESTING.dir/C_/Program_Files/Raspberry_Pi/Pico_SDK_v1.5.1/pico-sdk/src/rp2_common/pico_multicore/multicore.c.obj
                0x100083a0                multicore_fifo_push_blocking
 .text.multicore_fifo_pop_blocking
                0x100083b4       0x16 CMakeFiles/TESTING.dir/C_/Program_Files/Raspberry_Pi/Pico_SDK_v1.5.1/pico-sdk/src/rp2_common/pico_multicore/multicore.c.obj
                0x100083b4                multicore_fifo_pop_blocking
 .text.multicore_launch_core1_raw
                0x100083ca       0x6e CMakeFiles/TESTING.dir/C_/Program_Files/Raspberry_Pi/Pico_SDK_v1.5.1/pico-sdk/src/rp2_common/pico_multicore/multicore.c.obj
                0x100083ca                multicore_launch_core1_raw
 .text.multicore_launch_core1_with_stack
                0x10008438       0x50 CMakeFiles/TESTING.dir/C_/Program_Files/Raspberry_Pi/Pico_SDK_v1.5.1/pico-sdk/src/rp2_common/pico_multicore/multicore.c.obj
                0x10008438                multicore_launch_core1_with_stack
 .text.multicore_launch_core1
                0x10008488       0x24 CMakeFiles/TESTING.dir/C_/Program_Files/Raspberry_Pi/Pico_SDK_v1.5.1/pico-sdk/src/rp2_common/pico_multicore/multicore.c.obj
                0x10008488                multicore_launch_core1
 .text.spi_set_baudrate
                0x100084ac       0xcc CMakeFiles/TESTING.dir/C_/Program_Files/Raspberry_Pi/Pico_SDK_v1.5.1/pico-sdk/src/rp2_common/hardware_spi/spi.c.obj
                0x100084ac                spi_set_baudrate
 .text.spi_init
                0x10008578       0x74 CMakeFiles/TESTING.dir/C_/Program_Files/Raspberry_Pi/Pico_SDK_v1.5.1/pico-sdk/src/rp2_common/hardware_spi/spi.c.obj
                0x10008578                spi_init
 .text.i2c_write_blocking_internal
                0x100085ec      0x140 CMakeFiles/TESTING.dir/C_/Program_Files/Raspberry_Pi/Pico_SDK_v1.5.1/pico-sdk/src/rp2_common/hardware_i2c/i2c.c.obj
 .text.i2c_read_blocking_internal
                0x1000872c       0xe6 CMakeFiles/TESTING.dir/C_/Program_Files/Raspberry_Pi/Pico_SDK_v1.5.1/pico-sdk/src/rp2_common/hardware_i2c/i2c.c.obj
 *fill*         0x10008812        0x2 
 .text.i2c_set_baudrate
                0x10008814       0xf0 CMakeFiles/TESTING.dir/C_/Program_Files/Raspberry_Pi/Pico_SDK_v1.5.1/pico-sdk/src/rp2_common/hardware_i2c/i2c.c.obj
                0x10008814                i2c_set_baudrate
 .text.i2c_init
                0x10008904       0x58 CMakeFiles/TESTING.dir/C_/Program_Files/Raspberry_Pi/Pico_SDK_v1.5.1/pico-sdk/src/rp2_common/hardware_i2c/i2c.c.obj
                0x10008904                i2c_init
 .text.i2c_write_blocking
                0x1000895c       0x18 CMakeFiles/TESTING.dir/C_/Program_Files/Raspberry_Pi/Pico_SDK_v1.5.1/pico-sdk/src/rp2_common/hardware_i2c/i2c.c.obj
                0x1000895c                i2c_write_blocking
 .text.i2c_read_blocking
                0x10008974       0x18 CMakeFiles/TESTING.dir/C_/Program_Files/Raspberry_Pi/Pico_SDK_v1.5.1/pico-sdk/src/rp2_common/hardware_i2c/i2c.c.obj
                0x10008974                i2c_read_blocking
 .text._calloc_r
                0x1000898c       0x9c c:/progra~1/raspbe~1/picosd~1.1/gcc-ar~1/bin/../lib/gcc/arm-none-eabi/10.3.1/../../../../arm-none-eabi/lib/thumb/v6-m/nofp\libg.a(lib_a-callocr.o)
                0x1000898c                _calloc_r
 .text.__errno  0x10008a28        0xc c:/progra~1/raspbe~1/picosd~1.1/gcc-ar~1/bin/../lib/gcc/arm-none-eabi/10.3.1/../../../../arm-none-eabi/lib/thumb/v6-m/nofp\libg.a(lib_a-errno.o)
                0x10008a28                __errno
 .text.malloc   0x10008a34       0x14 c:/progra~1/raspbe~1/picosd~1.1/gcc-ar~1/bin/../lib/gcc/arm-none-eabi/10.3.1/../../../../arm-none-eabi/lib/thumb/v6-m/nofp\libg.a(lib_a-malloc.o)
                0x10008a34                malloc
 .text.free     0x10008a48       0x14 c:/progra~1/raspbe~1/picosd~1.1/gcc-ar~1/bin/../lib/gcc/arm-none-eabi/10.3.1/../../../../arm-none-eabi/lib/thumb/v6-m/nofp\libg.a(lib_a-malloc.o)
                0x10008a48                free
 .text._malloc_r
                0x10008a5c      0x584 c:/progra~1/raspbe~1/picosd~1.1/gcc-ar~1/bin/../lib/gcc/arm-none-eabi/10.3.1/../../../../arm-none-eabi/lib/thumb/v6-m/nofp\libg.a(lib_a-mallocr.o)
                0x10008a5c                _malloc_r
 .text.__malloc_lock
                0x10008fe0       0x10 c:/progra~1/raspbe~1/picosd~1.1/gcc-ar~1/bin/../lib/gcc/arm-none-eabi/10.3.1/../../../../arm-none-eabi/lib/thumb/v6-m/nofp\libg.a(lib_a-mlock.o)
                0x10008fe0                __malloc_lock
 .text.__malloc_unlock
                0x10008ff0       0x10 c:/progra~1/raspbe~1/picosd~1.1/gcc-ar~1/bin/../lib/gcc/arm-none-eabi/10.3.1/../../../../arm-none-eabi/lib/thumb/v6-m/nofp\libg.a(lib_a-mlock.o)
                0x10008ff0                __malloc_unlock
 .text.realloc  0x10009000       0x18 c:/progra~1/raspbe~1/picosd~1.1/gcc-ar~1/bin/../lib/gcc/arm-none-eabi/10.3.1/../../../../arm-none-eabi/lib/thumb/v6-m/nofp\libg.a(lib_a-realloc.o)
                0x10009000                realloc
 .text._realloc_r
                0x10009018      0x354 c:/progra~1/raspbe~1/picosd~1.1/gcc-ar~1/bin/../lib/gcc/arm-none-eabi/10.3.1/../../../../arm-none-eabi/lib/thumb/v6-m/nofp\libg.a(lib_a-reallocr.o)
                0x10009018                _realloc_r
 .text._sbrk_r  0x1000936c       0x24 c:/progra~1/raspbe~1/picosd~1.1/gcc-ar~1/bin/../lib/gcc/arm-none-eabi/10.3.1/../../../../arm-none-eabi/lib/thumb/v6-m/nofp\libg.a(lib_a-sbrkr.o)
                0x1000936c                _sbrk_r
 .text.sscanf   0x10009390       0x50 c:/progra~1/raspbe~1/picosd~1.1/gcc-ar~1/bin/../lib/gcc/arm-none-eabi/10.3.1/../../../../arm-none-eabi/lib/thumb/v6-m/nofp\libg.a(lib_a-sscanf.o)
                0x10009390                sscanf
 .text.__seofread
                0x100093e0        0x4 c:/progra~1/raspbe~1/picosd~1.1/gcc-ar~1/bin/../lib/gcc/arm-none-eabi/10.3.1/../../../../arm-none-eabi/lib/thumb/v6-m/nofp\libg.a(lib_a-stdio.o)
                0x100093e0                __seofread
 .text          0x100093e4       0x88 c:/progra~1/raspbe~1/picosd~1.1/gcc-ar~1/bin/../lib/gcc/arm-none-eabi/10.3.1/../../../../arm-none-eabi/lib/thumb/v6-m/nofp\libg.a(lib_a-strcmp.o)
                0x100093e4                strcmp
 .text.strcpy   0x1000946c       0x10 c:/progra~1/raspbe~1/picosd~1.1/gcc-ar~1/bin/../lib/gcc/arm-none-eabi/10.3.1/../../../../arm-none-eabi/lib/thumb/v6-m/nofp\libg.a(lib_a-strcpy.o)
                0x1000946c                strcpy
 .text.strlen   0x1000947c       0x5c c:/progra~1/raspbe~1/picosd~1.1/gcc-ar~1/bin/../lib/gcc/arm-none-eabi/10.3.1/../../../../arm-none-eabi/lib/thumb/v6-m/nofp\libg.a(lib_a-strlen-stub.o)
                0x1000947c                strlen
 .text.strtok   0x100094d8       0x14 c:/progra~1/raspbe~1/picosd~1.1/gcc-ar~1/bin/../lib/gcc/arm-none-eabi/10.3.1/../../../../arm-none-eabi/lib/thumb/v6-m/nofp\libg.a(lib_a-strtok.o)
                0x100094d8                strtok
 .text.__strtok_r
                0x100094ec       0x6c c:/progra~1/raspbe~1/picosd~1.1/gcc-ar~1/bin/../lib/gcc/arm-none-eabi/10.3.1/../../../../arm-none-eabi/lib/thumb/v6-m/nofp\libg.a(lib_a-strtok_r.o)
                0x100094ec                __strtok_r
 .text.__ssvfscanf_r
                0x10009558     0x17a0 c:/progra~1/raspbe~1/picosd~1.1/gcc-ar~1/bin/../lib/gcc/arm-none-eabi/10.3.1/../../../../arm-none-eabi/lib/thumb/v6-m/nofp\libg.a(lib_a-svfscanf.o)
                0x10009558                __ssvfscanf_r
 .text._malloc_trim_r
                0x1000acf8       0x9c c:/progra~1/raspbe~1/picosd~1.1/gcc-ar~1/bin/../lib/gcc/arm-none-eabi/10.3.1/../../../../arm-none-eabi/lib/thumb/v6-m/nofp\libg.a(lib_a-freer.o)
                0x1000acf8                _malloc_trim_r
 .text._free_r  0x1000ad94      0x1c4 c:/progra~1/raspbe~1/picosd~1.1/gcc-ar~1/bin/../lib/gcc/arm-none-eabi/10.3.1/../../../../arm-none-eabi/lib/thumb/v6-m/nofp\libg.a(lib_a-freer.o)
                0x1000ad94                _free_r
 .text.iswspace
                0x1000af58        0xc c:/progra~1/raspbe~1/picosd~1.1/gcc-ar~1/bin/../lib/gcc/arm-none-eabi/10.3.1/../../../../arm-none-eabi/lib/thumb/v6-m/nofp\libg.a(lib_a-iswspace.o)
                0x1000af58                iswspace
 .text.iswspace_l
                0x1000af64       0x18 c:/progra~1/raspbe~1/picosd~1.1/gcc-ar~1/bin/../lib/gcc/arm-none-eabi/10.3.1/../../../../arm-none-eabi/lib/thumb/v6-m/nofp\libg.a(lib_a-iswspace_l.o)
                0x1000af64                iswspace_l
 .text.__locale_mb_cur_max
                0x1000af7c       0x10 c:/progra~1/raspbe~1/picosd~1.1/gcc-ar~1/bin/../lib/gcc/arm-none-eabi/10.3.1/../../../../arm-none-eabi/lib/thumb/v6-m/nofp\libg.a(lib_a-locale.o)
                0x1000af7c                __locale_mb_cur_max
 .text._localeconv_r
                0x1000af8c        0x8 c:/progra~1/raspbe~1/picosd~1.1/gcc-ar~1/bin/../lib/gcc/arm-none-eabi/10.3.1/../../../../arm-none-eabi/lib/thumb/v6-m/nofp\libg.a(lib_a-localeconv.o)
                0x1000af8c                _localeconv_r
 .text.__retarget_lock_acquire_recursive
                0x1000af94        0x4 c:/progra~1/raspbe~1/picosd~1.1/gcc-ar~1/bin/../lib/gcc/arm-none-eabi/10.3.1/../../../../arm-none-eabi/lib/thumb/v6-m/nofp\libg.a(lib_a-lock.o)
                0x1000af94                __retarget_lock_acquire_recursive
 .text.__retarget_lock_release_recursive
                0x1000af98        0x4 c:/progra~1/raspbe~1/picosd~1.1/gcc-ar~1/bin/../lib/gcc/arm-none-eabi/10.3.1/../../../../arm-none-eabi/lib/thumb/v6-m/nofp\libg.a(lib_a-lock.o)
                0x1000af98                __retarget_lock_release_recursive
 .text._mbrtowc_r
                0x1000af9c       0x4c c:/progra~1/raspbe~1/picosd~1.1/gcc-ar~1/bin/../lib/gcc/arm-none-eabi/10.3.1/../../../../arm-none-eabi/lib/thumb/v6-m/nofp\libg.a(lib_a-mbrtowc.o)
                0x1000af9c                _mbrtowc_r
 .text.__ascii_mbtowc
                0x1000afe8       0x2c c:/progra~1/raspbe~1/picosd~1.1/gcc-ar~1/bin/../lib/gcc/arm-none-eabi/10.3.1/../../../../arm-none-eabi/lib/thumb/v6-m/nofp\libg.a(lib_a-mbtowc_r.o)
                0x1000afe8                __ascii_mbtowc
 .text.memmove  0x1000b014       0xac c:/progra~1/raspbe~1/picosd~1.1/gcc-ar~1/bin/../lib/gcc/arm-none-eabi/10.3.1/../../../../arm-none-eabi/lib/thumb/v6-m/nofp\libg.a(lib_a-memmove.o)
                0x1000b014                memmove
 .text.__sccl   0x1000b0c0       0x80 c:/progra~1/raspbe~1/picosd~1.1/gcc-ar~1/bin/../lib/gcc/arm-none-eabi/10.3.1/../../../../arm-none-eabi/lib/thumb/v6-m/nofp\libg.a(lib_a-sccl.o)
                0x1000b0c0                __sccl
 .text.nanf     0x1000b140        0x8 c:/progra~1/raspbe~1/picosd~1.1/gcc-ar~1/bin/../lib/gcc/arm-none-eabi/10.3.1/../../../../arm-none-eabi/lib/thumb/v6-m/nofp\libg.a(lib_a-sf_nan.o)
                0x1000b140                nanf
 .text._strtod_l
                0x1000b148      0xf78 c:/progra~1/raspbe~1/picosd~1.1/gcc-ar~1/bin/../lib/gcc/arm-none-eabi/10.3.1/../../../../arm-none-eabi/lib/thumb/v6-m/nofp\libg.a(lib_a-strtod.o)
                0x1000b148                _strtod_l
 .text._strtod_r
                0x1000c0c0       0x10 c:/progra~1/raspbe~1/picosd~1.1/gcc-ar~1/bin/../lib/gcc/arm-none-eabi/10.3.1/../../../../arm-none-eabi/lib/thumb/v6-m/nofp\libg.a(lib_a-strtod.o)
                0x1000c0c0                _strtod_r
 .text._strtol_l.part.0
                0x1000c0d0      0x144 c:/progra~1/raspbe~1/picosd~1.1/gcc-ar~1/bin/../lib/gcc/arm-none-eabi/10.3.1/../../../../arm-none-eabi/lib/thumb/v6-m/nofp\libg.a(lib_a-strtol.o)
 .text._strtol_r
                0x1000c214       0x1c c:/progra~1/raspbe~1/picosd~1.1/gcc-ar~1/bin/../lib/gcc/arm-none-eabi/10.3.1/../../../../arm-none-eabi/lib/thumb/v6-m/nofp\libg.a(lib_a-strtol.o)
                0x1000c214                _strtol_r
 .text._strtoll_l.constprop.0
                0x1000c230      0x198 c:/progra~1/raspbe~1/picosd~1.1/gcc-ar~1/bin/../lib/gcc/arm-none-eabi/10.3.1/../../../../arm-none-eabi/lib/thumb/v6-m/nofp\libg.a(lib_a-strtoll.o)
 .text._strtoll_r
                0x1000c3c8        0x8 c:/progra~1/raspbe~1/picosd~1.1/gcc-ar~1/bin/../lib/gcc/arm-none-eabi/10.3.1/../../../../arm-none-eabi/lib/thumb/v6-m/nofp\libg.a(lib_a-strtoll.o)
                0x1000c3c8                _strtoll_r
 .text._strtoul_l.constprop.0
                0x1000c3d0      0x148 c:/progra~1/raspbe~1/picosd~1.1/gcc-ar~1/bin/../lib/gcc/arm-none-eabi/10.3.1/../../../../arm-none-eabi/lib/thumb/v6-m/nofp\libg.a(lib_a-strtoul.o)
 .text._strtoul_r
                0x1000c518        0x8 c:/progra~1/raspbe~1/picosd~1.1/gcc-ar~1/bin/../lib/gcc/arm-none-eabi/10.3.1/../../../../arm-none-eabi/lib/thumb/v6-m/nofp\libg.a(lib_a-strtoul.o)
                0x1000c518                _strtoul_r
 .text._strtoull_l.constprop.0
                0x1000c520      0x1bc c:/progra~1/raspbe~1/picosd~1.1/gcc-ar~1/bin/../lib/gcc/arm-none-eabi/10.3.1/../../../../arm-none-eabi/lib/thumb/v6-m/nofp\libg.a(lib_a-strtoull.o)
 .text._strtoull_r
                0x1000c6dc        0x8 c:/progra~1/raspbe~1/picosd~1.1/gcc-ar~1/bin/../lib/gcc/arm-none-eabi/10.3.1/../../../../arm-none-eabi/lib/thumb/v6-m/nofp\libg.a(lib_a-strtoull.o)
                0x1000c6dc                _strtoull_r
 .text._sungetc_r
                0x1000c6e4       0x84 c:/progra~1/raspbe~1/picosd~1.1/gcc-ar~1/bin/../lib/gcc/arm-none-eabi/10.3.1/../../../../arm-none-eabi/lib/thumb/v6-m/nofp\libg.a(lib_a-svfiscanf.o)
                0x1000c6e4                _sungetc_r
 .text.__ssrefill_r
                0x1000c768       0x40 c:/progra~1/raspbe~1/picosd~1.1/gcc-ar~1/bin/../lib/gcc/arm-none-eabi/10.3.1/../../../../arm-none-eabi/lib/thumb/v6-m/nofp\libg.a(lib_a-svfiscanf.o)
                0x1000c768                __ssrefill_r
 .text._sfread_r
                0x1000c7a8       0xc4 c:/progra~1/raspbe~1/picosd~1.1/gcc-ar~1/bin/../lib/gcc/arm-none-eabi/10.3.1/../../../../arm-none-eabi/lib/thumb/v6-m/nofp\libg.a(lib_a-svfiscanf.o)
                0x1000c7a8                _sfread_r
 .text.__submore
                0x1000c86c       0x84 c:/progra~1/raspbe~1/picosd~1.1/gcc-ar~1/bin/../lib/gcc/arm-none-eabi/10.3.1/../../../../arm-none-eabi/lib/thumb/v6-m/nofp\libg.a(lib_a-ungetc.o)
                0x1000c86c                __submore
 .text.__ascii_wctomb
                0x1000c8f0       0x1c c:/progra~1/raspbe~1/picosd~1.1/gcc-ar~1/bin/../lib/gcc/arm-none-eabi/10.3.1/../../../../arm-none-eabi/lib/thumb/v6-m/nofp\libg.a(lib_a-wctomb_r.o)
                0x1000c8f0                __ascii_wctomb
 .text.rshift   0x1000c90c       0xa4 c:/progra~1/raspbe~1/picosd~1.1/gcc-ar~1/bin/../lib/gcc/arm-none-eabi/10.3.1/../../../../arm-none-eabi/lib/thumb/v6-m/nofp\libg.a(lib_a-gdtoa-gethex.o)
 .text.__gethex
                0x1000c9b0      0x5cc c:/progra~1/raspbe~1/picosd~1.1/gcc-ar~1/bin/../lib/gcc/arm-none-eabi/10.3.1/../../../../arm-none-eabi/lib/thumb/v6-m/nofp\libg.a(lib_a-gdtoa-gethex.o)
                0x1000c9b0                __gethex
 .text.__match  0x1000cf7c       0x2c c:/progra~1/raspbe~1/picosd~1.1/gcc-ar~1/bin/../lib/gcc/arm-none-eabi/10.3.1/../../../../arm-none-eabi/lib/thumb/v6-m/nofp\libg.a(lib_a-gdtoa-hexnan.o)
                0x1000cf7c                __match
 .text.__hexnan
                0x1000cfa8      0x1d0 c:/progra~1/raspbe~1/picosd~1.1/gcc-ar~1/bin/../lib/gcc/arm-none-eabi/10.3.1/../../../../arm-none-eabi/lib/thumb/v6-m/nofp\libg.a(lib_a-gdtoa-hexnan.o)
                0x1000cfa8                __hexnan
 .text._Balloc  0x1000d178       0x50 c:/progra~1/raspbe~1/picosd~1.1/gcc-ar~1/bin/../lib/gcc/arm-none-eabi/10.3.1/../../../../arm-none-eabi/lib/thumb/v6-m/nofp\libg.a(lib_a-mprec.o)
                0x1000d178                _Balloc
 .text._Bfree   0x1000d1c8       0x14 c:/progra~1/raspbe~1/picosd~1.1/gcc-ar~1/bin/../lib/gcc/arm-none-eabi/10.3.1/../../../../arm-none-eabi/lib/thumb/v6-m/nofp\libg.a(lib_a-mprec.o)
                0x1000d1c8                _Bfree
 .text.__multadd
                0x1000d1dc       0xa8 c:/progra~1/raspbe~1/picosd~1.1/gcc-ar~1/bin/../lib/gcc/arm-none-eabi/10.3.1/../../../../arm-none-eabi/lib/thumb/v6-m/nofp\libg.a(lib_a-mprec.o)
                0x1000d1dc                __multadd
 .text.__s2b    0x1000d284       0xb0 c:/progra~1/raspbe~1/picosd~1.1/gcc-ar~1/bin/../lib/gcc/arm-none-eabi/10.3.1/../../../../arm-none-eabi/lib/thumb/v6-m/nofp\libg.a(lib_a-mprec.o)
                0x1000d284                __s2b
 .text.__hi0bits
                0x1000d334       0x38 c:/progra~1/raspbe~1/picosd~1.1/gcc-ar~1/bin/../lib/gcc/arm-none-eabi/10.3.1/../../../../arm-none-eabi/lib/thumb/v6-m/nofp\libg.a(lib_a-mprec.o)
                0x1000d334                __hi0bits
 .text.__lo0bits
                0x1000d36c       0x5c c:/progra~1/raspbe~1/picosd~1.1/gcc-ar~1/bin/../lib/gcc/arm-none-eabi/10.3.1/../../../../arm-none-eabi/lib/thumb/v6-m/nofp\libg.a(lib_a-mprec.o)
                0x1000d36c                __lo0bits
 .text.__i2b    0x1000d3c8       0x60 c:/progra~1/raspbe~1/picosd~1.1/gcc-ar~1/bin/../lib/gcc/arm-none-eabi/10.3.1/../../../../arm-none-eabi/lib/thumb/v6-m/nofp\libg.a(lib_a-mprec.o)
                0x1000d3c8                __i2b
 .text.__multiply
                0x1000d428      0x1a4 c:/progra~1/raspbe~1/picosd~1.1/gcc-ar~1/bin/../lib/gcc/arm-none-eabi/10.3.1/../../../../arm-none-eabi/lib/thumb/v6-m/nofp\libg.a(lib_a-mprec.o)
                0x1000d428                __multiply
 .text.__pow5mult
                0x1000d5cc       0xd8 c:/progra~1/raspbe~1/picosd~1.1/gcc-ar~1/bin/../lib/gcc/arm-none-eabi/10.3.1/../../../../arm-none-eabi/lib/thumb/v6-m/nofp\libg.a(lib_a-mprec.o)
                0x1000d5cc                __pow5mult
 .text.__lshift
                0x1000d6a4       0xfc c:/progra~1/raspbe~1/picosd~1.1/gcc-ar~1/bin/../lib/gcc/arm-none-eabi/10.3.1/../../../../arm-none-eabi/lib/thumb/v6-m/nofp\libg.a(lib_a-mprec.o)
                0x1000d6a4                __lshift
 .text.__mcmp   0x1000d7a0       0x34 c:/progra~1/raspbe~1/picosd~1.1/gcc-ar~1/bin/../lib/gcc/arm-none-eabi/10.3.1/../../../../arm-none-eabi/lib/thumb/v6-m/nofp\libg.a(lib_a-mprec.o)
                0x1000d7a0                __mcmp
 .text.__mdiff  0x1000d7d4      0x18c c:/progra~1/raspbe~1/picosd~1.1/gcc-ar~1/bin/../lib/gcc/arm-none-eabi/10.3.1/../../../../arm-none-eabi/lib/thumb/v6-m/nofp\libg.a(lib_a-mprec.o)
                0x1000d7d4                __mdiff
 .text.__ulp    0x1000d960       0x48 c:/progra~1/raspbe~1/picosd~1.1/gcc-ar~1/bin/../lib/gcc/arm-none-eabi/10.3.1/../../../../arm-none-eabi/lib/thumb/v6-m/nofp\libg.a(lib_a-mprec.o)
                0x1000d960                __ulp
 .text.__b2d    0x1000d9a8       0xc8 c:/progra~1/raspbe~1/picosd~1.1/gcc-ar~1/bin/../lib/gcc/arm-none-eabi/10.3.1/../../../../arm-none-eabi/lib/thumb/v6-m/nofp\libg.a(lib_a-mprec.o)
                0x1000d9a8                __b2d
 .text.__d2b    0x1000da70       0xd8 c:/progra~1/raspbe~1/picosd~1.1/gcc-ar~1/bin/../lib/gcc/arm-none-eabi/10.3.1/../../../../arm-none-eabi/lib/thumb/v6-m/nofp\libg.a(lib_a-mprec.o)
                0x1000da70                __d2b
 .text.__ratio  0x1000db48       0x68 c:/progra~1/raspbe~1/picosd~1.1/gcc-ar~1/bin/../lib/gcc/arm-none-eabi/10.3.1/../../../../arm-none-eabi/lib/thumb/v6-m/nofp\libg.a(lib_a-mprec.o)
                0x1000db48                __ratio
 .text.__copybits
                0x1000dbb0       0x40 c:/progra~1/raspbe~1/picosd~1.1/gcc-ar~1/bin/../lib/gcc/arm-none-eabi/10.3.1/../../../../arm-none-eabi/lib/thumb/v6-m/nofp\libg.a(lib_a-mprec.o)
                0x1000dbb0                __copybits
 .text.__any_on
                0x1000dbf0       0x50 c:/progra~1/raspbe~1/picosd~1.1/gcc-ar~1/bin/../lib/gcc/arm-none-eabi/10.3.1/../../../../arm-none-eabi/lib/thumb/v6-m/nofp\libg.a(lib_a-mprec.o)
                0x1000dbf0                __any_on
 .text.nan      0x1000dc40        0xc c:/progra~1/raspbe~1/picosd~1.1/gcc-ar~1/bin/../lib/gcc/arm-none-eabi/10.3.1/../../../../arm-none-eabi/lib/thumb/v6-m/nofp\libg.a(lib_a-s_nan.o)
                0x1000dc40                nan
 .text.strncmp  0x1000dc4c       0x74 c:/progra~1/raspbe~1/picosd~1.1/gcc-ar~1/bin/../lib/gcc/arm-none-eabi/10.3.1/../../../../arm-none-eabi/lib/thumb/v6-m/nofp\libg.a(lib_a-strncmp.o)
                0x1000dc4c                strncmp
 *(.fini)
 .fini          0x1000dcc0        0x4 c:/progra~1/raspbe~1/picosd~1.1/gcc-ar~1/bin/../lib/gcc/arm-none-eabi/10.3.1/thumb/v6-m/nofp/crti.o
                0x1000dcc0                _fini
 *fill*         0x1000dcc4        0x4 
 .fini.__stub   0x1000dcc8       0xf0 linker stubs
 *crtbegin.o(.ctors)
 *crtbegin?.o(.ctors)
 *(EXCLUDE_FILE(*crtend.o *crtend?.o) .ctors)
 *(SORT_BY_NAME(.ctors.*))
 *(.ctors)
 *crtbegin.o(.dtors)
 *crtbegin?.o(.dtors)
 *(EXCLUDE_FILE(*crtend.o *crtend?.o) .dtors)
 *(SORT_BY_NAME(.dtors.*))
 *(.dtors)
 *(.eh_frame*)
 .eh_frame      0x1000ddb8        0x0 c:/progra~1/raspbe~1/picosd~1.1/gcc-ar~1/bin/../lib/gcc/arm-none-eabi/10.3.1/thumb/v6-m/nofp/crtbegin.o
                0x1000ddb8                . = ALIGN (0x4)

.glue_7         0x1000ddb8        0x0
 .glue_7        0x1000ddb8        0x0 linker stubs

.glue_7t        0x1000ddb8        0x0
 .glue_7t       0x1000ddb8        0x0 linker stubs

.vfp11_veneer   0x1000ddb8        0x0
 .vfp11_veneer  0x1000ddb8        0x0 linker stubs

.v4_bx          0x1000ddb8        0x0
 .v4_bx         0x1000ddb8        0x0 linker stubs

.iplt           0x1000ddb8        0x0
 .iplt          0x1000ddb8        0x0 c:/progra~1/raspbe~1/picosd~1.1/gcc-ar~1/bin/../lib/gcc/arm-none-eabi/10.3.1/thumb/v6-m/nofp/crtbegin.o

.rodata         0x1000ddb8     0x2474
 *(EXCLUDE_FILE(*libm.a: *libc.a:*lib_a-mem*.o *libgcc.a:) .rodata*)
 .rodata.limit_switch_triggered.str1.4
                0x1000ddb8       0x76 CMakeFiles/TESTING.dir/main.c.obj