Archive member included to satisfy reference by file (symbol)

c:/progra~1/raspbe~1/picosd~1.1/gcc-ar~1/bin/../lib/gcc/arm-none-eabi/10.3.1/thumb/v6-m/nofp\libgcc.a(_dvmd_tls.o)
                              CMakeFiles/TESTING.dir/C_/Program_Files/Raspberry_Pi/Pico_SDK_v1.5.1/pico-sdk/src/rp2_common/pico_divider/divider.S.obj (__aeabi_idiv0)
c:/progra~1/raspbe~1/picosd~1.1/gcc-ar~1/bin/../lib/gcc/arm-none-eabi/10.3.1/../../../../arm-none-eabi/lib/thumb/v6-m/nofp\libg.a(lib_a-calloc.o)
                              CMakeFiles/TESTING.dir/C_/Program_Files/Raspberry_Pi/Pico_SDK_v1.5.1/pico-sdk/src/rp2_common/pico_malloc/pico_malloc.c.obj (calloc)
c:/progra~1/raspbe~1/picosd~1.1/gcc-ar~1/bin/../lib/gcc/arm-none-eabi/10.3.1/../../../../arm-none-eabi/lib/thumb/v6-m/nofp\libg.a(lib_a-callocr.o)
                              c:/progra~1/raspbe~1/picosd~1.1/gcc-ar~1/bin/../lib/gcc/arm-none-eabi/10.3.1/../../../../arm-none-eabi/lib/thumb/v6-m/nofp\libg.a(lib_a-calloc.o) (_calloc_r)
c:/progra~1/raspbe~1/picosd~1.1/gcc-ar~1/bin/../lib/gcc/arm-none-eabi/10.3.1/../../../../arm-none-eabi/lib/thumb/v6-m/nofp\libg.a(lib_a-errno.o)
                              c:/progra~1/raspbe~1/picosd~1.1/gcc-ar~1/bin/../lib/gcc/arm-none-eabi/10.3.1/../../../../arm-none-eabi/lib/thumb/v6-m/nofp\libg.a(lib_a-callocr.o) (__errno)
c:/progra~1/raspbe~1/picosd~1.1/gcc-ar~1/bin/../lib/gcc/arm-none-eabi/10.3.1/../../../../arm-none-eabi/lib/thumb/v6-m/nofp\libg.a(lib_a-impure.o)
                              c:/progra~1/raspbe~1/picosd~1.1/gcc-ar~1/bin/../lib/gcc/arm-none-eabi/10.3.1/../../../../arm-none-eabi/lib/thumb/v6-m/nofp\libg.a(lib_a-calloc.o) (_impure_ptr)
c:/progra~1/raspbe~1/picosd~1.1/gcc-ar~1/bin/../lib/gcc/arm-none-eabi/10.3.1/../../../../arm-none-eabi/lib/thumb/v6-m/nofp\libg.a(lib_a-init.o)
                              c:/progra~1/raspbe~1/picosd~1.1/gcc-ar~1/bin/../lib/gcc/arm-none-eabi/10.3.1/../../../../arm-none-eabi/lib/thumb/v6-m/nofp/crt0.o (__libc_init_array)
c:/progra~1/raspbe~1/picosd~1.1/gcc-ar~1/bin/../lib/gcc/arm-none-eabi/10.3.1/../../../../arm-none-eabi/lib/thumb/v6-m/nofp\libg.a(lib_a-malloc.o)
                              CMakeFiles/TESTING.dir/C_/Program_Files/Raspberry_Pi/Pico_SDK_v1.5.1/pico-sdk/src/rp2_common/pico_malloc/pico_malloc.c.obj (malloc)
c:/progra~1/raspbe~1/picosd~1.1/gcc-ar~1/bin/../lib/gcc/arm-none-eabi/10.3.1/../../../../arm-none-eabi/lib/thumb/v6-m/nofp\libg.a(lib_a-mallocr.o)
                              c:/progra~1/raspbe~1/picosd~1.1/gcc-ar~1/bin/../lib/gcc/arm-none-eabi/10.3.1/../../../../arm-none-eabi/lib/thumb/v6-m/nofp\libg.a(lib_a-callocr.o) (_malloc_r)
c:/progra~1/raspbe~1/picosd~1.1/gcc-ar~1/bin/../lib/gcc/arm-none-eabi/10.3.1/../../../../arm-none-eabi/lib/thumb/v6-m/nofp\libg.a(lib_a-mlock.o)
                              c:/progra~1/raspbe~1/picosd~1.1/gcc-ar~1/bin/../lib/gcc/arm-none-eabi/10.3.1/../../../../arm-none-eabi/lib/thumb/v6-m/nofp\libg.a(lib_a-mallocr.o) (__malloc_lock)
c:/progra~1/raspbe~1/picosd~1.1/gcc-ar~1/bin/../lib/gcc/arm-none-eabi/10.3.1/../../../../arm-none-eabi/lib/thumb/v6-m/nofp\libg.a(lib_a-realloc.o)
                              CMakeFiles/TESTING.dir/C_/Program_Files/Raspberry_Pi/Pico_SDK_v1.5.1/pico-sdk/src/rp2_common/pico_malloc/pico_malloc.c.obj (realloc)
c:/progra~1/raspbe~1/picosd~1.1/gcc-ar~1/bin/../lib/gcc/arm-none-eabi/10.3.1/../../../../arm-none-eabi/lib/thumb/v6-m/nofp\libg.a(lib_a-reallocr.o)
                              c:/progra~1/raspbe~1/picosd~1.1/gcc-ar~1/bin/../lib/gcc/arm-none-eabi/10.3.1/../../../../arm-none-eabi/lib/thumb/v6-m/nofp\libg.a(lib_a-realloc.o) (_realloc_r)
c:/progra~1/raspbe~1/picosd~1.1/gcc-ar~1/bin/../lib/gcc/arm-none-eabi/10.3.1/../../../../arm-none-eabi/lib/thumb/v6-m/nofp\libg.a(lib_a-sbrkr.o)
                              c:/progra~1/raspbe~1/picosd~1.1/gcc-ar~1/bin/../lib/gcc/arm-none-eabi/10.3.1/../../../../arm-none-eabi/lib/thumb/v6-m/nofp\libg.a(lib_a-mallocr.o) (_sbrk_r)
c:/progra~1/raspbe~1/picosd~1.1/gcc-ar~1/bin/../lib/gcc/arm-none-eabi/10.3.1/../../../../arm-none-eabi/lib/thumb/v6-m/nofp\libg.a(lib_a-sscanf.o)
                              CMakeFiles/TESTING.dir/serial_commands.c.obj (sscanf)
c:/progra~1/raspbe~1/picosd~1.1/gcc-ar~1/bin/../lib/gcc/arm-none-eabi/10.3.1/../../../../arm-none-eabi/lib/thumb/v6-m/nofp\libg.a(lib_a-stdio.o)
                              c:/progra~1/raspbe~1/picosd~1.1/gcc-ar~1/bin/../lib/gcc/arm-none-eabi/10.3.1/../../../../arm-none-eabi/lib/thumb/v6-m/nofp\libg.a(lib_a-sscanf.o) (__seofread)
c:/progra~1/raspbe~1/picosd~1.1/gcc-ar~1/bin/../lib/gcc/arm-none-eabi/10.3.1/../../../../arm-none-eabi/lib/thumb/v6-m/nofp\libg.a(lib_a-strcmp.o)
                              CMakeFiles/TESTING.dir/main.c.obj (strcmp)
c:/progra~1/raspbe~1/picosd~1.1/gcc-ar~1/bin/../lib/gcc/arm-none-eabi/10.3.1/../../../../arm-none-eabi/lib/thumb/v6-m/nofp\libg.a(lib_a-strcpy.o)
                              CMakeFiles/TESTING.dir/serial_commands.c.obj (strcpy)
[...]
Memory Configuration

Name             Origin             Length             Attributes
FLASH            0x10000000         0x00200000         xr
RAM              0x20000000         0x00040000         xrw
SCRATCH_X        0x20040000         0x00001000         xrw
SCRATCH_Y        0x20041000         0x00001000         xrw
*default*        0x00000000         0xffffffff

Linker script and memory map

LOAD c:/progra~1/raspbe~1/picosd~1.1/gcc-ar~1/bin/../lib/gcc/arm-none-eabi/10.3.1/thumb/v6-m/nofp/crti.o
LOAD c:/progra~1/raspbe~1/picosd~1.1/gcc-ar~1/bin/../lib/gcc/arm-none-eabi/10.3.1/thumb/v6-m/nofp/crtbegin.o
LOAD c:/progra~1/raspbe~1/picosd~1.1/gcc-ar~1/bin/../lib/gcc/arm-none-eabi/10.3.1/../../../../arm-none-eabi/lib/thumb/v6-m/nofp/crt0.o

.flash_begin    0x10000000        0x0
                0x10000000                __flash_binary_start = .

.boot2          0x10000000      0x100
                0x10000000                __boot2_start__ = .
 *(.boot2)
 .boot2         0x10000000      0x100 C:\Users\dhsav\AppData\Local\Temp\ccwPlm05.o
                0x10000100                __boot2_end__ = .
                0x00000001                ASSERT (((__boot2_end__ - __boot2_start__) == 0x100), ERROR: Pico second stage bootloader must be 256 bytes in size)

.text           0x10000100     0xdcb0
                0x10000100                __logical_binary_start = .
 *(.vectors)
 .vectors       0x10000100       0xd4 CMakeFiles/TESTING.dir/C_/Program_Files/Raspberry_Pi/Pico_SDK_v1.5.1/pico-sdk/src/rp2_common/pico_standard_link/crt0.S.obj
                0x10000100                __VECTOR_TABLE
                0x10000100                __vectors
                0x100001c0                isr_invalid
                0x100001c0                __default_isrs_start
                0x100001c2                isr_nmi
                0x100001c4                isr_hardfault
                0x100001c6                isr_svcall
                0x100001c8                isr_pendsv
                0x100001ca                isr_systick
                0x100001cc                isr_irq23
                0x100001cc                isr_irq18
                0x100001cc                isr_irq11
                0x100001cc                isr_irq28
                0x100001cc                isr_irq19
                0x100001cc                isr_irq0
                0x100001cc                isr_irq6
                0x100001cc                isr_irq5
                0x100001cc                isr_irq12
                0x100001cc                isr_irq22
                0x100001cc                isr_irq31
                0x100001cc                isr_irq17
                0x100001cc                isr_irq27
                0x100001cc                isr_irq30
                0x100001cc                isr_irq2
                0x100001cc                isr_irq10
                0x100001cc                isr_irq8
                0x100001cc                isr_irq24
                0x100001cc                isr_irq1
                0x100001cc                isr_irq7
                0x100001cc                isr_irq21
                0x100001cc                isr_irq20
                0x100001cc                isr_irq15
                0x100001cc                isr_irq25
                0x100001cc                isr_irq13
                0x100001cc                __unhandled_user_irq
                0x100001cc                isr_irq4
                0x100001cc                isr_irq16
                0x100001cc                isr_irq29
                0x100001cc                isr_irq26
                0x100001cc                __default_isrs_end
                0x100001cc                isr_irq3
                0x100001cc                isr_irq14
                0x100001cc                isr_irq9
                0x100001d2                unhandled_user_irq_num_in_r0
 *(.binary_info_header)
 .binary_info_header
                0x100001d4       0x14 CMakeFiles/TESTING.dir/C_/Program_Files/Raspberry_Pi/Pico_SDK_v1.5.1/pico-sdk/src/rp2_common/pico_standard_link/crt0.S.obj
                0x100001e8                __binary_info_header_end = .
 *(.reset)
 .reset         0x100001e8       0xa0 CMakeFiles/TESTING.dir/C_/Program_Files/Raspberry_Pi/Pico_SDK_v1.5.1/pico-sdk/src/rp2_common/pico_standard_link/crt0.S.obj
                0x100001e8                _entry_point
 .reset         0x10000288       0x30 CMakeFiles/TESTING.dir/C_/Program_Files/Raspberry_Pi/Pico_SDK_v1.5.1/pico-sdk/src/rp2_common/pico_standard_link/binary_info.c.obj
 *(.init)
 .init          0x100002b8        0x4 c:/progra~1/raspbe~1/picosd~1.1/gcc-ar~1/bin/../lib/gcc/arm-none-eabi/10.3.1/thumb/v6-m/nofp/crti.o
                0x100002b8                _init
 *(EXCLUDE_FILE(*libm.a: *libc.a:*lib_a-mem*.o *libgcc.a:) .text*)
 .text          0x100002bc       0x48 c:/progra~1/raspbe~1/picosd~1.1/gcc-ar~1/bin/../lib/gcc/arm-none-eabi/10.3.1/thumb/v6-m/nofp/crtbegin.o
 .text.limit_switch_triggered
                0x10000304       0x80 CMakeFiles/TESTING.dir/main.c.obj
                0x10000304                limit_switch_triggered
 .text.core1_entry
                0x10000384       0xc4 CMakeFiles/TESTING.dir/main.c.obj
                0x10000384                core1_entry
 .text.error_handler
                0x10000448       0x2c CMakeFiles/TESTING.dir/main.c.obj
                0x10000448                error_handler
 .text.command_handler
                0x10000474      0x178 CMakeFiles/TESTING.dir/main.c.obj
                0x10000474                command_handler
 .text.main     0x100005ec      0x1cc CMakeFiles/TESTING.dir/main.c.obj
                0x100005ec                main
 .text.parse_command
                0x100007b8      0x13c CMakeFiles/TESTING.dir/serial_commands.c.obj
                0x100007b8                parse_command
 .text.init_motor
                0x100008f4       0xb6 CMakeFiles/TESTING.dir/stepper_motor.c.obj
                0x100008f4                init_motor
 .text.disable_motor
                0x100009aa        0xe CMakeFiles/TESTING.dir/stepper_motor.c.obj
                0x100009aa                disable_motor
 .text.enable_motor
                0x100009b8        0xe CMakeFiles/TESTING.dir/stepper_motor.c.obj
                0x100009b8                enable_motor
 *fill*         0x100009c6        0x2 
 .text.execute_steps
                0x100009c8      0x364 CMakeFiles/TESTING.dir/stepper_motor.c.obj
                0x100009c8                execute_steps
 .text.TCA9534_ReadReg
                0x10000d2c       0x30 CMakeFiles/TESTING.dir/tca9534.c.obj
                0x10000d2c                TCA9534_ReadReg
 .text.TCA9534_WriteReg
                0x10000d5c       0x1c CMakeFiles/TESTING.dir/tca9534.c.obj
                0x10000d5c                TCA9534_WriteReg
 .text.gpio_set_function
                0x10000d78       0x30 CMakeFiles/TESTING.dir/C_/Program_Files/Raspberry_Pi/Pico_SDK_v1.5.1/pico-sdk/src/rp2_common/hardware_gpio/gpio.c.obj
                0x10000d78                gpio_set_function
 .text.gpio_set_pulls
                0x10000da8       0x34 CMakeFiles/TESTING.dir/C_/Program_Files/Raspberry_Pi/Pico_SDK_v1.5.1/pico-sdk/src/rp2_common/hardware_gpio/gpio.c.obj
                0x10000da8                gpio_set_pulls
 .text.gpio_set_irq_callback
                0x10000ddc       0x48 CMakeFiles/TESTING.dir/C_/Program_Files/Raspberry_Pi/Pico_SDK_v1.5.1/pico-sdk/src/rp2_common/hardware_gpio/gpio.c.obj
                0x10000ddc                gpio_set_irq_callback
 .text.gpio_acknowledge_irq
                0x10000e24       0x18 CMakeFiles/TESTING.dir/C_/Program_Files/Raspberry_Pi/Pico_SDK_v1.5.1/pico-sdk/src/rp2_common/hardware_gpio/gpio.c.obj
                0x10000e24                gpio_acknowledge_irq
 .text._gpio_set_irq_enabled
                0x10000e3c       0x34 CMakeFiles/TESTING.dir/C_/Program_Files/Raspberry_Pi/Pico_SDK_v1.5.1/pico-sdk/src/rp2_common/hardware_gpio/gpio.c.obj
 .text.gpio_set_irq_enabled
                0x10000e70       0x20 CMakeFiles/TESTING.dir/C_/Program_Files/Raspberry_Pi/Pico_SDK_v1.5.1/pico-sdk/src/rp2_common/hardware_gpio/gpio.c.obj
                0x10000e70                gpio_set_irq_enabled
 .text.gpio_set_irq_enabled_with_callback
                0x10000e90       0x20 CMakeFiles/TESTING.dir/C_/Program_Files/Raspberry_Pi/Pico_SDK_v1.5.1/pico-sdk/src/rp2_common/hardware_gpio/gpio.c.obj
                0x10000e90                gpio_set_irq_enabled_with_callback
 .text.gpio_default_irq_handler
                0x10000eb0       0x98 CMakeFiles/TESTING.dir/C_/Program_Files/Raspberry_Pi/Pico_SDK_v1.5.1/pico-sdk/src/rp2_common/hardware_gpio/gpio.c.obj
 .text.gpio_init
                0x10000f48       0x16 CMakeFiles/TESTING.dir/C_/Program_Files/Raspberry_Pi/Pico_SDK_v1.5.1/pico-sdk/src/rp2_common/hardware_gpio/gpio.c.obj
                0x10000f48                gpio_init
 *fill*         0x10000f5e        0x2 
 .text.running_on_fpga
                0x10000f60       0x14 CMakeFiles/TESTING.dir/C_/Program_Files/Raspberry_Pi/Pico_SDK_v1.5.1/pico-sdk/src/rp2_common/pico_platform/platform.c.obj
                0x10000f60                running_on_fpga
 .text.hw_claim_lock
                0x10000f74       0x18 CMakeFiles/TESTING.dir/C_/Program_Files/Raspberry_Pi/Pico_SDK_v1.5.1/pico-sdk/src/rp2_common/hardware_claim/claim.c.obj
                0x10000f74                hw_claim_lock
 .text.hw_claim_unlock
                0x10000f8c       0x14 CMakeFiles/TESTING.dir/C_/Program_Files/Raspberry_Pi/Pico_SDK_v1.5.1/pico-sdk/src/rp2_common/hardware_claim/claim.c.obj
                0x10000f8c                hw_claim_unlock
 .text.hw_claim_or_assert
                0x10000fa0       0x32 CMakeFiles/TESTING.dir/C_/Program_Files/Raspberry_Pi/Pico_SDK_v1.5.1/pico-sdk/src/rp2_common/hardware_claim/claim.c.obj
                0x10000fa0                hw_claim_or_assert
 .text.hw_claim_unused_from_range
                0x10000fd2       0x50 CMakeFiles/TESTING.dir/C_/Program_Files/Raspberry_Pi/Pico_SDK_v1.5.1/pico-sdk/src/rp2_common/hardware_claim/claim.c.obj
                0x10000fd2                hw_claim_unused_from_range
 *fill*         0x10001022        0x2 
 .text.spin_locks_reset
                0x10001024       0x20 CMakeFiles/TESTING.dir/C_/Program_Files/Raspberry_Pi/Pico_SDK_v1.5.1/pico-sdk/src/rp2_common/hardware_sync/sync.c.obj
                0x10001024                spin_locks_reset
 .text.next_striped_spin_lock_num
                0x10001044       0x1c CMakeFiles/TESTING.dir/C_/Program_Files/Raspberry_Pi/Pico_SDK_v1.5.1/pico-sdk/src/rp2_common/hardware_sync/sync.c.obj
                0x10001044                next_striped_spin_lock_num
 .text.spin_lock_claim_unused
                0x10001060       0x20 CMakeFiles/TESTING.dir/C_/Program_Files/Raspberry_Pi/Pico_SDK_v1.5.1/pico-sdk/src/rp2_common/hardware_sync/sync.c.obj
                0x10001060                spin_lock_claim_unused
 .text.set_raw_irq_handler_and_unlock
                0x10001080       0x28 CMakeFiles/TESTING.dir/C_/Program_Files/Raspberry_Pi/Pico_SDK_v1.5.1/pico-sdk/src/rp2_common/hardware_irq/irq.c.obj
 .text.make_branch
                0x100010a8       0x48 CMakeFiles/TESTING.dir/C_/Program_Files/Raspberry_Pi/Pico_SDK_v1.5.1/pico-sdk/src/rp2_common/hardware_irq/irq.c.obj
 .text.insert_branch_and_link
                0x100010f0       0x40 CMakeFiles/TESTING.dir/C_/Program_Files/Raspberry_Pi/Pico_SDK_v1.5.1/pico-sdk/src/rp2_common/hardware_irq/irq.c.obj
 .text.irq_is_enabled
                0x10001130       0x18 CMakeFiles/TESTING.dir/C_/Program_Files/Raspberry_Pi/Pico_SDK_v1.5.1/pico-sdk/src/rp2_common/hardware_irq/irq.c.obj
                0x10001130                irq_is_enabled
 .text.irq_set_mask_enabled
                0x10001148       0x20 CMakeFiles/TESTING.dir/C_/Program_Files/Raspberry_Pi/Pico_SDK_v1.5.1/pico-sdk/src/rp2_common/hardware_irq/irq.c.obj
                0x10001148                irq_set_mask_enabled
 .text.irq_set_enabled
                0x10001168        0xe CMakeFiles/TESTING.dir/C_/Program_Files/Raspberry_Pi/Pico_SDK_v1.5.1/pico-sdk/src/rp2_common/hardware_irq/irq.c.obj
                0x10001168                irq_set_enabled
 *fill*         0x10001176        0x2 
 .text.irq_set_pending
                0x10001178       0x10 CMakeFiles/TESTING.dir/C_/Program_Files/Raspberry_Pi/Pico_SDK_v1.5.1/pico-sdk/src/rp2_common/hardware_irq/irq.c.obj
                0x10001178                irq_set_pending
 .text.irq_get_vtable_handler
                0x10001188       0x10 CMakeFiles/TESTING.dir/C_/Program_Files/Raspberry_Pi/Pico_SDK_v1.5.1/pico-sdk/src/rp2_common/hardware_irq/irq.c.obj
                0x10001188                irq_get_vtable_handler
 .text.irq_has_shared_handler
                0x10001198       0x24 CMakeFiles/TESTING.dir/C_/Program_Files/Raspberry_Pi/Pico_SDK_v1.5.1/pico-sdk/src/rp2_common/hardware_irq/irq.c.obj
                0x10001198                irq_has_shared_handler
 .text.irq_set_exclusive_handler
                0x100011bc       0x54 CMakeFiles/TESTING.dir/C_/Program_Files/Raspberry_Pi/Pico_SDK_v1.5.1/pico-sdk/src/rp2_common/hardware_irq/irq.c.obj
                0x100011bc                irq_set_exclusive_handler
 .text.irq_add_shared_handler
                0x10001210      0x234 CMakeFiles/TESTING.dir/C_/Program_Files/Raspberry_Pi/Pico_SDK_v1.5.1/pico-sdk/src/rp2_common/hardware_irq/irq.c.obj
                0x10001210                irq_add_shared_handler
 .text.irq_remove_handler
                0x10001444      0x1ac CMakeFiles/TESTING.dir/C_/Program_Files/Raspberry_Pi/Pico_SDK_v1.5.1/pico-sdk/src/rp2_common/hardware_irq/irq.c.obj
                0x10001444                irq_remove_handler
 .text.irq_add_tail_to_free_list
                0x100015f0       0xf0 CMakeFiles/TESTING.dir/C_/Program_Files/Raspberry_Pi/Pico_SDK_v1.5.1/pico-sdk/src/rp2_common/hardware_irq/irq.c.obj
                0x100015f0                irq_add_tail_to_free_list
 .text.irq_init_priorities
                0x100016e0       0x1c CMakeFiles/TESTING.dir/C_/Program_Files/Raspberry_Pi/Pico_SDK_v1.5.1/pico-sdk/src/rp2_common/hardware_irq/irq.c.obj
                0x100016e0                irq_init_priorities
 .text.user_irq_claim_unused
                0x100016fc       0x28 CMakeFiles/TESTING.dir/C_/Program_Files/Raspberry_Pi/Pico_SDK_v1.5.1/pico-sdk/src/rp2_common/hardware_irq/irq.c.obj
                0x100016fc                user_irq_claim_unused
 .text.lock_init
                0x10001724       0x10 CMakeFiles/TESTING.dir/C_/Program_Files/Raspberry_Pi/Pico_SDK_v1.5.1/pico-sdk/src/common/pico_sync/lock_core.c.obj
                0x10001724                lock_init
 .text.mutex_init
                0x10001734       0x1a CMakeFiles/TESTING.dir/C_/Program_Files/Raspberry_Pi/Pico_SDK_v1.5.1/pico-sdk/src/common/pico_sync/mutex.c.obj
                0x10001734                mutex_init
 .text.recursive_mutex_init
                0x1000174e       0x1e CMakeFiles/TESTING.dir/C_/Program_Files/Raspberry_Pi/Pico_SDK_v1.5.1/pico-sdk/src/common/pico_sync/mutex.c.obj
                0x1000174e                recursive_mutex_init
 .text.critical_section_init_with_lock_num
                0x1000176c       0x14 CMakeFiles/TESTING.dir/C_/Program_Files/Raspberry_Pi/Pico_SDK_v1.5.1/pico-sdk/src/common/pico_sync/critical_section.c.obj
                0x1000176c                critical_section_init_with_lock_num
 .text.critical_section_init
                0x10001780       0x14 CMakeFiles/TESTING.dir/C_/Program_Files/Raspberry_Pi/Pico_SDK_v1.5.1/pico-sdk/src/common/pico_sync/critical_section.c.obj
                0x10001780                critical_section_init
 .text.alarm_pool_post_alloc_init
                0x10001794       0x40 CMakeFiles/TESTING.dir/C_/Program_Files/Raspberry_Pi/Pico_SDK_v1.5.1/pico-sdk/src/common/pico_time/time.c.obj
 .text.sleep_until_callback
                0x100017d4       0x30 CMakeFiles/TESTING.dir/C_/Program_Files/Raspberry_Pi/Pico_SDK_v1.5.1/pico-sdk/src/common/pico_time/time.c.obj
 .text.timer_pool_entry_comparator
                0x10001804       0x7c CMakeFiles/TESTING.dir/C_/Program_Files/Raspberry_Pi/Pico_SDK_v1.5.1/pico-sdk/src/common/pico_time/time.c.obj
                0x10001804                timer_pool_entry_comparator
 .text.ph_add_child_node
                0x10001880       0xa4 CMakeFiles/TESTING.dir/C_/Program_Files/Raspberry_Pi/Pico_SDK_v1.5.1/pico-sdk/src/common/pico_time/time.c.obj
 .text.ph_merge_nodes
                0x10001924       0x3e CMakeFiles/TESTING.dir/C_/Program_Files/Raspberry_Pi/Pico_SDK_v1.5.1/pico-sdk/src/common/pico_time/time.c.obj
 *fill*         0x10001962        0x2 
 .text.add_alarm_under_lock
                0x10001964      0x174 CMakeFiles/TESTING.dir/C_/Program_Files/Raspberry_Pi/Pico_SDK_v1.5.1/pico-sdk/src/common/pico_time/time.c.obj
 .text.alarm_pool_alarm_callback
                0x10001ad8      0x33c CMakeFiles/TESTING.dir/C_/Program_Files/Raspberry_Pi/Pico_SDK_v1.5.1/pico-sdk/src/common/pico_time/time.c.obj
 .text.alarm_pool_init_default
                0x10001e14       0x40 CMakeFiles/TESTING.dir/C_/Program_Files/Raspberry_Pi/Pico_SDK_v1.5.1/pico-sdk/src/common/pico_time/time.c.obj
                0x10001e14                alarm_pool_init_default
 .text.alarm_pool_get_default
                0x10001e54       0x2c CMakeFiles/TESTING.dir/C_/Program_Files/Raspberry_Pi/Pico_SDK_v1.5.1/pico-sdk/src/common/pico_time/time.c.obj
                0x10001e54                alarm_pool_get_default
 .text.alarm_pool_add_alarm_at
                0x10001e80      0x168 CMakeFiles/TESTING.dir/C_/Program_Files/Raspberry_Pi/Pico_SDK_v1.5.1/pico-sdk/src/common/pico_time/time.c.obj
                0x10001e80                alarm_pool_add_alarm_at
 .text.alarm_pool_cancel_alarm
                0x10001fe8       0xf8 CMakeFiles/TESTING.dir/C_/Program_Files/Raspberry_Pi/Pico_SDK_v1.5.1/pico-sdk/src/common/pico_time/time.c.obj
                0x10001fe8                alarm_pool_cancel_alarm
 .text.alarm_pool_core_num
                0x100020e0        0x4 CMakeFiles/TESTING.dir/C_/Program_Files/Raspberry_Pi/Pico_SDK_v1.5.1/pico-sdk/src/common/pico_time/time.c.obj
                0x100020e0                alarm_pool_core_num
 .text.sleep_until
                0x100020e4       0xfc CMakeFiles/TESTING.dir/C_/Program_Files/Raspberry_Pi/Pico_SDK_v1.5.1/pico-sdk/src/common/pico_time/time.c.obj
                0x100020e4                sleep_until
 .text.sleep_us
                0x100021e0       0x58 CMakeFiles/TESTING.dir/C_/Program_Files/Raspberry_Pi/Pico_SDK_v1.5.1/pico-sdk/src/common/pico_time/time.c.obj
                0x100021e0                sleep_us
 .text.sleep_ms
                0x10002238       0x14 CMakeFiles/TESTING.dir/C_/Program_Files/Raspberry_Pi/Pico_SDK_v1.5.1/pico-sdk/src/common/pico_time/time.c.obj
                0x10002238                sleep_ms
 .text.best_effort_wfe_or_timeout
                0x1000224c       0xac CMakeFiles/TESTING.dir/C_/Program_Files/Raspberry_Pi/Pico_SDK_v1.5.1/pico-sdk/src/common/pico_time/time.c.obj
                0x1000224c                best_effort_wfe_or_timeout
 .text.hardware_alarm_irq_handler
                0x100022f8       0x90 CMakeFiles/TESTING.dir/C_/Program_Files/Raspberry_Pi/Pico_SDK_v1.5.1/pico-sdk/src/rp2_common/hardware_timer/timer.c.obj
 .text.hardware_alarm_claim
                0x10002388       0x18 CMakeFiles/TESTING.dir/C_/Program_Files/Raspberry_Pi/Pico_SDK_v1.5.1/pico-sdk/src/rp2_common/hardware_timer/timer.c.obj
                0x10002388                hardware_alarm_claim
 .text.time_us_64
                0x100023a0       0x18 CMakeFiles/TESTING.dir/C_/Program_Files/Raspberry_Pi/Pico_SDK_v1.5.1/pico-sdk/src/rp2_common/hardware_timer/timer.c.obj
                0x100023a0                time_us_64
 .text.busy_wait_until
                0x100023b8       0x28 CMakeFiles/TESTING.dir/C_/Program_Files/Raspberry_Pi/Pico_SDK_v1.5.1/pico-sdk/src/rp2_common/hardware_timer/timer.c.obj
                0x100023b8                busy_wait_until
 .text.busy_wait_us
                0x100023e0       0x48 CMakeFiles/TESTING.dir/C_/Program_Files/Raspberry_Pi/Pico_SDK_v1.5.1/pico-sdk/src/rp2_common/hardware_timer/timer.c.obj
                0x100023e0                busy_wait_us
 .text.hardware_alarm_set_callback
                0x10002428       0x90 CMakeFiles/TESTING.dir/C_/Program_Files/Raspberry_Pi/Pico_SDK_v1.5.1/pico-sdk/src/rp2_common/hardware_timer/timer.c.obj
                0x10002428                hardware_alarm_set_callback
 .text.hardware_alarm_set_target
                0x100024b8       0xe8 CMakeFiles/TESTING.dir/C_/Program_Files/Raspberry_Pi/Pico_SDK_v1.5.1/pico-sdk/src/rp2_common/hardware_timer/timer.c.obj
                0x100024b8                hardware_alarm_set_target
 .text.hardware_alarm_cancel
                0x100025a0       0x40 CMakeFiles/TESTING.dir/C_/Program_Files/Raspberry_Pi/Pico_SDK_v1.5.1/pico-sdk/src/rp2_common/hardware_timer/timer.c.obj
                0x100025a0                hardware_alarm_cancel
 .text.ph_add_child_node
                0x100025e0       0xa4 CMakeFiles/TESTING.dir/C_/Program_Files/Raspberry_Pi/Pico_SDK_v1.5.1/pico-sdk/src/common/pico_util/pheap.c.obj
 .text.ph_merge_nodes
                0x10002684       0x3e CMakeFiles/TESTING.dir/C_/Program_Files/Raspberry_Pi/Pico_SDK_v1.5.1/pico-sdk/src/common/pico_util/pheap.c.obj
 *fill*         0x100026c2        0x2 
 .text.ph_clear
                0x100026c4       0x70 CMakeFiles/TESTING.dir/C_/Program_Files/Raspberry_Pi/Pico_SDK_v1.5.1/pico-sdk/src/common/pico_util/pheap.c.obj
                0x100026c4                ph_clear
 .text.ph_post_alloc_init
                0x10002734        0xe CMakeFiles/TESTING.dir/C_/Program_Files/Raspberry_Pi/Pico_SDK_v1.5.1/pico-sdk/src/common/pico_util/pheap.c.obj
                0x10002734                ph_post_alloc_init
 *fill*         0x10002742        0x2 
 .text.ph_merge_two_pass
                0x10002744       0xa8 CMakeFiles/TESTING.dir/C_/Program_Files/Raspberry_Pi/Pico_SDK_v1.5.1/pico-sdk/src/common/pico_util/pheap.c.obj
                0x10002744                ph_merge_two_pass
 .text.ph_remove_any_head
                0x100027ec      0x128 CMakeFiles/TESTING.dir/C_/Program_Files/Raspberry_Pi/Pico_SDK_v1.5.1/pico-sdk/src/common/pico_util/pheap.c.obj
 .text.ph_remove_head
                0x10002914       0x14 CMakeFiles/TESTING.dir/C_/Program_Files/Raspberry_Pi/Pico_SDK_v1.5.1/pico-sdk/src/common/pico_util/pheap.c.obj
                0x10002914                ph_remove_head
 .text.ph_remove_and_free_node
                0x10002928       0xf8 CMakeFiles/TESTING.dir/C_/Program_Files/Raspberry_Pi/Pico_SDK_v1.5.1/pico-sdk/src/common/pico_util/pheap.c.obj
                0x10002928                ph_remove_and_free_node
 .text.clock_configure
                0x10002a20      0x108 CMakeFiles/TESTING.dir/C_/Program_Files/Raspberry_Pi/Pico_SDK_v1.5.1/pico-sdk/src/rp2_common/hardware_clocks/clocks.c.obj
                0x10002a20                clock_configure
 .text.clocks_init
                0x10002b28      0x100 CMakeFiles/TESTING.dir/C_/Program_Files/Raspberry_Pi/Pico_SDK_v1.5.1/pico-sdk/src/rp2_common/hardware_clocks/clocks.c.obj
                0x10002b28                clocks_init
 .text.clock_get_hz
                0x10002c28        0xc CMakeFiles/TESTING.dir/C_/Program_Files/Raspberry_Pi/Pico_SDK_v1.5.1/pico-sdk/src/rp2_common/hardware_clocks/clocks.c.obj
                0x10002c28                clock_get_hz
 .text.pll_init
                0x10002c34      0x120 CMakeFiles/TESTING.dir/C_/Program_Files/Raspberry_Pi/Pico_SDK_v1.5.1/pico-sdk/src/rp2_common/hardware_pll/pll.c.obj
                0x10002c34                pll_init
 .text.watchdog_start_tick
                0x10002d54       0x10 CMakeFiles/TESTING.dir/C_/Program_Files/Raspberry_Pi/Pico_SDK_v1.5.1/pico-sdk/src/rp2_common/hardware_watchdog/watchdog.c.obj
                0x10002d54                watchdog_start_tick
 .text.watchdog_update
                0x10002d64       0x14 CMakeFiles/TESTING.dir/C_/Program_Files/Raspberry_Pi/Pico_SDK_v1.5.1/pico-sdk/src/rp2_common/hardware_watchdog/watchdog.c.obj
                0x10002d64                watchdog_update
 .text._watchdog_enable
                0x10002d78       0x78 CMakeFiles/TESTING.dir/C_/Program_Files/Raspberry_Pi/Pico_SDK_v1.5.1/pico-sdk/src/rp2_common/hardware_watchdog/watchdog.c.obj
                0x10002d78                _watchdog_enable
 .text.watchdog_reboot
                0x10002df0       0x48 CMakeFiles/TESTING.dir/C_/Program_Files/Raspberry_Pi/Pico_SDK_v1.5.1/pico-sdk/src/rp2_common/hardware_watchdog/watchdog.c.obj
                0x10002df0                watchdog_reboot
 .text.xosc_init
                0x10002e38       0x28 CMakeFiles/TESTING.dir/C_/Program_Files/Raspberry_Pi/Pico_SDK_v1.5.1/pico-sdk/src/rp2_common/hardware_xosc/xosc.c.obj
                0x10002e38                xosc_init
 .text._exit    0x10002e60        0x4 CMakeFiles/TESTING.dir/C_/Program_Files/Raspberry_Pi/Pico_SDK_v1.5.1/pico-sdk/src/rp2_common/pico_runtime/runtime.c.obj
                0x10002e60                _exit
 .text._sbrk    0x10002e64       0x38 CMakeFiles/TESTING.dir/C_/Program_Files/Raspberry_Pi/Pico_SDK_v1.5.1/pico-sdk/src/rp2_common/pico_runtime/runtime.c.obj
                0x10002e64                _sbrk
 .text.exit     0x10002e9c        0x6 CMakeFiles/TESTING.dir/C_/Program_Files/Raspberry_Pi/Pico_SDK_v1.5.1/pico-sdk/src/rp2_common/pico_runtime/runtime.c.obj
                0x10002e9c                exit
 *fill*         0x10002ea2        0x2 
 .text.__assert_func
                0x10002ea4       0x3c CMakeFiles/TESTING.dir/C_/Program_Files/Raspberry_Pi/Pico_SDK_v1.5.1/pico-sdk/src/rp2_common/pico_runtime/runtime.c.obj
                0x10002ea4                __assert_func
 .text.runtime_init
                0x10002ee0       0xf8 CMakeFiles/TESTING.dir/C_/Program_Files/Raspberry_Pi/Pico_SDK_v1.5.1/pico-sdk/src/rp2_common/pico_runtime/runtime.c.obj
                0x10002ee0                runtime_init
 .text.panic    0x10002fd8       0x30 CMakeFiles/TESTING.dir/C_/Program_Files/Raspberry_Pi/Pico_SDK_v1.5.1/pico-sdk/src/rp2_common/pico_runtime/runtime.c.obj
                0x10002fd8                panic
 .text._out_buffer
                0x10003008        0x8 CMakeFiles/TESTING.dir/C_/Program_Files/Raspberry_Pi/Pico_SDK_v1.5.1/pico-sdk/src/rp2_common/pico_printf/printf.c.obj
 .text._out_null
                0x10003010        0x2 CMakeFiles/TESTING.dir/C_/Program_Files/Raspberry_Pi/Pico_SDK_v1.5.1/pico-sdk/src/rp2_common/pico_printf/printf.c.obj
 .text._out_fct
                0x10003012        0xe CMakeFiles/TESTING.dir/C_/Program_Files/Raspberry_Pi/Pico_SDK_v1.5.1/pico-sdk/src/rp2_common/pico_printf/printf.c.obj
 .text._atoi    0x10003020       0x24 CMakeFiles/TESTING.dir/C_/Program_Files/Raspberry_Pi/Pico_SDK_v1.5.1/pico-sdk/src/rp2_common/pico_printf/printf.c.obj
 .text._out_rev
                0x10003044       0xae CMakeFiles/TESTING.dir/C_/Program_Files/Raspberry_Pi/Pico_SDK_v1.5.1/pico-sdk/src/rp2_common/pico_printf/printf.c.obj
 .text._ntoa_format
                0x100030f2      0x112 CMakeFiles/TESTING.dir/C_/Program_Files/Raspberry_Pi/Pico_SDK_v1.5.1/pico-sdk/src/rp2_common/pico_printf/printf.c.obj
 .text._ntoa_long
                0x10003204       0xbc CMakeFiles/TESTING.dir/C_/Program_Files/Raspberry_Pi/Pico_SDK_v1.5.1/pico-sdk/src/rp2_common/pico_printf/printf.c.obj
 .text._ntoa_long_long
                0x100032c0       0xe2 CMakeFiles/TESTING.dir/C_/Program_Files/Raspberry_Pi/Pico_SDK_v1.5.1/pico-sdk/src/rp2_common/pico_printf/printf.c.obj
 *fill*         0x100033a2        0x2 
 .text._etoa    0x100033a4      0x414 CMakeFiles/TESTING.dir/C_/Program_Files/Raspberry_Pi/Pico_SDK_v1.5.1/pico-sdk/src/rp2_common/pico_printf/printf.c.obj
 .text._ftoa    0x100037b8      0x354 CMakeFiles/TESTING.dir/C_/Program_Files/Raspberry_Pi/Pico_SDK_v1.5.1/pico-sdk/src/rp2_common/pico_printf/printf.c.obj
 .text._vsnprintf
                0x10003b0c      0x624 CMakeFiles/TESTING.dir/C_/Program_Files/Raspberry_Pi/Pico_SDK_v1.5.1/pico-sdk/src/rp2_common/pico_printf/printf.c.obj
 .text.__wrap_sprintf
                0x10004130       0x28 CMakeFiles/TESTING.dir/C_/Program_Files/Raspberry_Pi/Pico_SDK_v1.5.1/pico-sdk/src/rp2_common/pico_printf/printf.c.obj
                0x10004130                __wrap_sprintf
 .text.vfctprintf
                0x10004158       0x20 CMakeFiles/TESTING.dir/C_/Program_Files/Raspberry_Pi/Pico_SDK_v1.5.1/pico-sdk/src/rp2_common/pico_printf/printf.c.obj
                0x10004158                vfctprintf
 .text          0x10004178       0x10 CMakeFiles/TESTING.dir/C_/Program_Files/Raspberry_Pi/Pico_SDK_v1.5.1/pico-sdk/src/rp2_common/pico_bit_ops/bit_ops_aeabi.S.obj
 .text.rom_func_lookup
                0x10004188       0x10 CMakeFiles/TESTING.dir/C_/Program_Files/Raspberry_Pi/Pico_SDK_v1.5.1/pico-sdk/src/rp2_common/pico_bootrom/bootrom.c.obj
                0x10004188                rom_func_lookup
 .text.rom_data_lookup
                0x10004198       0x10 CMakeFiles/TESTING.dir/C_/Program_Files/Raspberry_Pi/Pico_SDK_v1.5.1/pico-sdk/src/rp2_common/pico_bootrom/bootrom.c.obj
                0x10004198                rom_data_lookup
 .text.rom_funcs_lookup
                0x100041a8       0x36 CMakeFiles/TESTING.dir/C_/Program_Files/Raspberry_Pi/Pico_SDK_v1.5.1/pico-sdk/src/rp2_common/pico_bootrom/bootrom.c.obj
                0x100041a8                rom_funcs_lookup
 *fill*         0x100041de        0x2 
 .text.__wrap___aeabi_idiv
                0x100041e0       0x50 CMakeFiles/TESTING.dir/C_/Program_Files/Raspberry_Pi/Pico_SDK_v1.5.1/pico-sdk/src/rp2_common/pico_divider/divider.S.obj
                0x100041e0                __wrap___aeabi_idivmod
                0x100041e0                divmod_s32s32
                0x100041e0                div_s32s32
                0x100041e0                __wrap___aeabi_idiv
                0x100041e8                divmod_s32s32_unsafe
                0x10004214                divmod_s32s32_savestate
 .text.__wrap___aeabi_uidiv
                0x10004230       0x4c CMakeFiles/TESTING.dir/C_/Program_Files/Raspberry_Pi/Pico_SDK_v1.5.1/pico-sdk/src/rp2_common/pico_divider/divider.S.obj
                0x10004230                __wrap___aeabi_uidiv
                0x10004230                __wrap___aeabi_uidivmod
                0x10004230                div_u32u32
                0x10004230                divmod_u32u32
                0x10004238                divmod_u32u32_unsafe
                0x10004260                divmod_u32u32_savestate
 .text.__wrap___aeabi_ldiv
                0x1000427c      0x424 CMakeFiles/TESTING.dir/C_/Program_Files/Raspberry_Pi/Pico_SDK_v1.5.1/pico-sdk/src/rp2_common/pico_divider/divider.S.obj
                0x1000427c                div_s64s64
                0x1000427c                divmod_s64s64
                0x1000427c                __wrap___aeabi_ldivmod
                0x100042ac                divmod_u64u64
                0x100042ac                div_u64u64
                0x100042ac                __wrap___aeabi_uldivmod
                0x100042bc                divmod_u64u64_savestate
                0x100042dc                divmod_s64s64_unsafe
                0x10004364                divmod_u64u64_unsafe
 .text.push_r8_r11
                0x100046a0        0xc CMakeFiles/TESTING.dir/C_/Program_Files/Raspberry_Pi/Pico_SDK_v1.5.1/pico-sdk/src/rp2_common/pico_double/double_aeabi.S.obj
                0x100046a0                push_r8_r11
 .text.pop_r8_r11
                0x100046ac        0xc CMakeFiles/TESTING.dir/C_/Program_Files/Raspberry_Pi/Pico_SDK_v1.5.1/pico-sdk/src/rp2_common/pico_double/double_aeabi.S.obj
                0x100046ac                pop_r8_r11
 .text.__wrap___aeabi_darithmetic
                0x100046b8       0x80 CMakeFiles/TESTING.dir/C_/Program_Files/Raspberry_Pi/Pico_SDK_v1.5.1/pico-sdk/src/rp2_common/pico_double/double_aeabi.S.obj
                0x100046b8                __wrap___aeabi_drsub
                0x100046be                __wrap___aeabi_dsub
                0x100046d0                __wrap___aeabi_dadd
                0x100046e2                __wrap___aeabi_ddiv
                0x1000471e                __wrap___aeabi_dmul
 .text.__wrap___aeabi_cdcmple
                0x10004738       0x6c CMakeFiles/TESTING.dir/C_/Program_Files/Raspberry_Pi/Pico_SDK_v1.5.1/pico-sdk/src/rp2_common/pico_double/double_aeabi.S.obj
                0x10004738                __wrap___aeabi_cdrcmple
                0x10004748                __wrap___aeabi_cdcmpeq
                0x10004748                __wrap___aeabi_cdcmple
 .text.__wrap___aeabi_dcmpeq
                0x100047a4       0x10 CMakeFiles/TESTING.dir/C_/Program_Files/Raspberry_Pi/Pico_SDK_v1.5.1/pico-sdk/src/rp2_common/pico_double/double_aeabi.S.obj
                0x100047a4                __wrap___aeabi_dcmpeq
 .text.__wrap___aeabi_dcmplt
                0x100047b4        0xc CMakeFiles/TESTING.dir/C_/Program_Files/Raspberry_Pi/Pico_SDK_v1.5.1/pico-sdk/src/rp2_common/pico_double/double_aeabi.S.obj
                0x100047b4                __wrap___aeabi_dcmplt
 .text.__wrap___aeabi_dcmple
                0x100047c0       0x10 CMakeFiles/TESTING.dir/C_/Program_Files/Raspberry_Pi/Pico_SDK_v1.5.1/pico-sdk/src/rp2_common/pico_double/double_aeabi.S.obj
                0x100047c0                __wrap___aeabi_dcmple
 .text.__wrap___aeabi_dcmpge
                0x100047d0       0x10 CMakeFiles/TESTING.dir/C_/Program_Files/Raspberry_Pi/Pico_SDK_v1.5.1/pico-sdk/src/rp2_common/pico_double/double_aeabi.S.obj
                0x100047d0                __wrap___aeabi_dcmpge
 .text.__wrap___aeabi_dcmpgt
                0x100047e0        0xa CMakeFiles/TESTING.dir/C_/Program_Files/Raspberry_Pi/Pico_SDK_v1.5.1/pico-sdk/src/rp2_common/pico_double/double_aeabi.S.obj
                0x100047e0                __wrap___aeabi_dcmpgt
 .text.__wrap___aeabi_dcmpun
                0x100047ea       0x1c CMakeFiles/TESTING.dir/C_/Program_Files/Raspberry_Pi/Pico_SDK_v1.5.1/pico-sdk/src/rp2_common/pico_double/double_aeabi.S.obj
                0x100047ea                __wrap___aeabi_dcmpun
 *fill*         0x10004806        0x2 
 .text.__wrap___aeabi_i2d
                0x10004808       0x38 CMakeFiles/TESTING.dir/C_/Program_Files/Raspberry_Pi/Pico_SDK_v1.5.1/pico-sdk/src/rp2_common/pico_double/double_aeabi.S.obj
                0x10004808                __wrap___aeabi_ui2d
                0x10004810                __wrap___aeabi_i2d
 .text.__wrap___aeabi_d2iz
                0x10004840       0x48 CMakeFiles/TESTING.dir/C_/Program_Files/Raspberry_Pi/Pico_SDK_v1.5.1/pico-sdk/src/rp2_common/pico_double/double_aeabi.S.obj
                0x10004840                double2int_z
                0x10004840                __wrap___aeabi_d2iz
 .text.__wrap___aeabi_d2uiz
                0x10004888       0x18 CMakeFiles/TESTING.dir/C_/Program_Files/Raspberry_Pi/Pico_SDK_v1.5.1/pico-sdk/src/rp2_common/pico_double/double_aeabi.S.obj
                0x10004888                __wrap___aeabi_d2uiz
                0x10004888                double2uint
 .text.fix642double
                0x100048a0       0x18 CMakeFiles/TESTING.dir/C_/Program_Files/Raspberry_Pi/Pico_SDK_v1.5.1/pico-sdk/src/rp2_common/pico_double/double_aeabi.S.obj
                0x100048a0                fix642double
 .text.__wrap___aeabi_l2d
                0x100048b8       0x18 CMakeFiles/TESTING.dir/C_/Program_Files/Raspberry_Pi/Pico_SDK_v1.5.1/pico-sdk/src/rp2_common/pico_double/double_aeabi.S.obj
                0x100048b8                __wrap___aeabi_l2d
 .text.__wrap___aeabi_d2lz
                0x100048d0       0x26 CMakeFiles/TESTING.dir/C_/Program_Files/Raspberry_Pi/Pico_SDK_v1.5.1/pico-sdk/src/rp2_common/pico_double/double_aeabi.S.obj
                0x100048d0                double2int64_z
                0x100048d0                __wrap___aeabi_d2lz
 *fill*         0x100048f6        0x2 
 .text.double2int64
                0x100048f8       0x18 CMakeFiles/TESTING.dir/C_/Program_Files/Raspberry_Pi/Pico_SDK_v1.5.1/pico-sdk/src/rp2_common/pico_double/double_aeabi.S.obj
                0x100048f8                double2int64
 .text.double2ufix64
                0x10004910       0x18 CMakeFiles/TESTING.dir/C_/Program_Files/Raspberry_Pi/Pico_SDK_v1.5.1/pico-sdk/src/rp2_common/pico_double/double_aeabi.S.obj
                0x10004910                double2ufix64
 .text.__wrap___aeabi_d2f
                0x10004928       0x18 CMakeFiles/TESTING.dir/C_/Program_Files/Raspberry_Pi/Pico_SDK_v1.5.1/pico-sdk/src/rp2_common/pico_double/double_aeabi.S.obj
                0x10004928                __wrap___aeabi_d2f
 .text.__wrap_sincostan_remainder
                0x10004940       0x14 CMakeFiles/TESTING.dir/C_/Program_Files/Raspberry_Pi/Pico_SDK_v1.5.1/pico-sdk/src/rp2_common/pico_double/double_aeabi.S.obj
                0x10004940                sincostan_remainder
 .text.__wrap_cos
                0x10004954       0x2c CMakeFiles/TESTING.dir/C_/Program_Files/Raspberry_Pi/Pico_SDK_v1.5.1/pico-sdk/src/rp2_common/pico_double/double_aeabi.S.obj
                0x10004954                __wrap_cos
 .text.__aeabi_double_init
                0x10004980       0xc8 CMakeFiles/TESTING.dir/C_/Program_Files/Raspberry_Pi/Pico_SDK_v1.5.1/pico-sdk/src/rp2_common/pico_double/double_init_rom.c.obj
                0x10004980                __aeabi_double_init
 .text.drem_0   0x10004a48      0x130 CMakeFiles/TESTING.dir/C_/Program_Files/Raspberry_Pi/Pico_SDK_v1.5.1/pico-sdk/src/rp2_common/pico_double/double_math.c.obj
 .text.__wrap_remquo
                0x10004b78      0x17c CMakeFiles/TESTING.dir/C_/Program_Files/Raspberry_Pi/Pico_SDK_v1.5.1/pico-sdk/src/rp2_common/pico_double/double_math.c.obj
                0x10004b78                __wrap_remquo
 .text.__wrap_remainder
                0x10004cf4       0x10 CMakeFiles/TESTING.dir/C_/Program_Files/Raspberry_Pi/Pico_SDK_v1.5.1/pico-sdk/src/rp2_common/pico_double/double_math.c.obj
                0x10004cf4                __wrap_remainder
 .text.double_table_shim_on_use_helper
                0x10004d04       0x34 CMakeFiles/TESTING.dir/C_/Program_Files/Raspberry_Pi/Pico_SDK_v1.5.1/pico-sdk/src/rp2_common/pico_double/double_v1_rom_shim.S.obj
                0x10004d04                double_table_shim_on_use_helper
 .text.__wrap___aeabi_dsub
                0x10004d38       0x10 CMakeFiles/TESTING.dir/C_/Program_Files/Raspberry_Pi/Pico_SDK_v1.5.1/pico-sdk/src/rp2_common/pico_double/double_v1_rom_shim.S.obj
                0x10004d38                drsub_shim
                0x10004d3e                dsub_shim
 .text.dadd_shim
                0x10004d48      0x15c CMakeFiles/TESTING.dir/C_/Program_Files/Raspberry_Pi/Pico_SDK_v1.5.1/pico-sdk/src/rp2_common/pico_double/double_v1_rom_shim.S.obj
                0x10004d48                dadd_shim
 .text.dmul_shim
                0x10004ea4      0x15c CMakeFiles/TESTING.dir/C_/Program_Files/Raspberry_Pi/Pico_SDK_v1.5.1/pico-sdk/src/rp2_common/pico_double/double_v1_rom_shim.S.obj
                0x10004ea4                dmul_shim
 .text.ddiv_shim
                0x10005000      0x1b0 CMakeFiles/TESTING.dir/C_/Program_Files/Raspberry_Pi/Pico_SDK_v1.5.1/pico-sdk/src/rp2_common/pico_double/double_v1_rom_shim.S.obj
                0x10005000                ddiv_shim
 .text.dcordic_vec_step
                0x100051b0        0xe CMakeFiles/TESTING.dir/C_/Program_Files/Raspberry_Pi/Pico_SDK_v1.5.1/pico-sdk/src/rp2_common/pico_double/double_v1_rom_shim.S.obj
                0x100051b0                dcordic_vec_step
 .text.dcordic_rot_step
                0x100051be       0x76 CMakeFiles/TESTING.dir/C_/Program_Files/Raspberry_Pi/Pico_SDK_v1.5.1/pico-sdk/src/rp2_common/pico_double/double_v1_rom_shim.S.obj
                0x100051be                dcordic_rot_step
 .text.double2uint_shim
                0x10005234        0xe CMakeFiles/TESTING.dir/C_/Program_Files/Raspberry_Pi/Pico_SDK_v1.5.1/pico-sdk/src/rp2_common/pico_double/double_v1_rom_shim.S.obj
                0x10005234                double2uint_shim
                0x10005236                double2ufix_shim
 .text.double2int64_shim
                0x10005242       0x1a CMakeFiles/TESTING.dir/C_/Program_Files/Raspberry_Pi/Pico_SDK_v1.5.1/pico-sdk/src/rp2_common/pico_double/double_v1_rom_shim.S.obj
                0x10005242                double2int64_shim
                0x10005244                double2fix64_shim
 .text.double2uint64_shim
                0x1000525c       0x70 CMakeFiles/TESTING.dir/C_/Program_Files/Raspberry_Pi/Pico_SDK_v1.5.1/pico-sdk/src/rp2_common/pico_double/double_v1_rom_shim.S.obj
                0x1000525c                double2uint64_shim
                0x1000525e                double2ufix64_shim
                0x1000527e                d2fix_a
 .text.double2float_shim
                0x100052cc       0x5c CMakeFiles/TESTING.dir/C_/Program_Files/Raspberry_Pi/Pico_SDK_v1.5.1/pico-sdk/src/rp2_common/pico_double/double_v1_rom_shim.S.obj
                0x100052cc                double2float_shim
 .text.x2double_shims
                0x10005328       0x90 CMakeFiles/TESTING.dir/C_/Program_Files/Raspberry_Pi/Pico_SDK_v1.5.1/pico-sdk/src/rp2_common/pico_double/double_v1_rom_shim.S.obj
                0x10005328                uint2double_shim
                0x1000532a                ufix2double_shim
                0x10005330                int2double_shim
                0x10005332                fix2double_shim
                0x10005338                uint642double_shim
                0x1000533a                ufix642double_shim
                0x10005340                int642double_shim
                0x10005342                fix642double_shim
 .text.dunpacks
                0x100053b8       0x3c CMakeFiles/TESTING.dir/C_/Program_Files/Raspberry_Pi/Pico_SDK_v1.5.1/pico-sdk/src/rp2_common/pico_double/double_v1_rom_shim.S.obj
                0x100053b8                dunpacks
 .text.dreduce  0x100053f4       0x82 CMakeFiles/TESTING.dir/C_/Program_Files/Raspberry_Pi/Pico_SDK_v1.5.1/pico-sdk/src/rp2_common/pico_double/double_v1_rom_shim.S.obj
                0x100053f4                dreduce
 .text.dcos_shim
                0x10005476       0x10 CMakeFiles/TESTING.dir/C_/Program_Files/Raspberry_Pi/Pico_SDK_v1.5.1/pico-sdk/src/rp2_common/pico_double/double_v1_rom_shim.S.obj
                0x10005476                dcos_shim
 .text.dsin_shim
                0x10005486       0x14 CMakeFiles/TESTING.dir/C_/Program_Files/Raspberry_Pi/Pico_SDK_v1.5.1/pico-sdk/src/rp2_common/pico_double/double_v1_rom_shim.S.obj
                0x10005486                dsin_shim
 *fill*         0x1000549a        0x2 
 .text.dtrig_guts
                0x1000549c      0x2ec CMakeFiles/TESTING.dir/C_/Program_Files/Raspberry_Pi/Pico_SDK_v1.5.1/pico-sdk/src/rp2_common/pico_double/double_v1_rom_shim.S.obj
                0x10005574                datan2_shim
 .text.__aeabi_lmul
                0x10005788       0x32 CMakeFiles/TESTING.dir/C_/Program_Files/Raspberry_Pi/Pico_SDK_v1.5.1/pico-sdk/src/rp2_common/pico_int64_ops/pico_int64_ops_aeabi.S.obj
                0x10005788                __wrap___aeabi_lmul
 *fill*         0x100057ba        0x2 
 .text.__aeabi_float_init
                0x100057bc       0xfc CMakeFiles/TESTING.dir/C_/Program_Files/Raspberry_Pi/Pico_SDK_v1.5.1/pico-sdk/src/rp2_common/pico_float/float_init_rom.c.obj
                0x100057bc                __aeabi_float_init
 .text.float_table_shim_on_use_helper
                0x100058b8       0x34 CMakeFiles/TESTING.dir/C_/Program_Files/Raspberry_Pi/Pico_SDK_v1.5.1/pico-sdk/src/rp2_common/pico_float/float_v1_rom_shim.S.obj
                0x100058b8                float_table_shim_on_use_helper
 .text.__wrap_malloc
                0x100058ec       0x3c CMakeFiles/TESTING.dir/C_/Program_Files/Raspberry_Pi/Pico_SDK_v1.5.1/pico-sdk/src/rp2_common/pico_malloc/pico_malloc.c.obj
                0x100058ec                __wrap_malloc
 .text.__wrap_realloc
                0x10005928       0x40 CMakeFiles/TESTING.dir/C_/Program_Files/Raspberry_Pi/Pico_SDK_v1.5.1/pico-sdk/src/rp2_common/pico_malloc/pico_malloc.c.obj
                0x10005928                __wrap_realloc
 .text.__wrap_free
                0x10005968       0x20 CMakeFiles/TESTING.dir/C_/Program_Files/Raspberry_Pi/Pico_SDK_v1.5.1/pico-sdk/src/rp2_common/pico_malloc/pico_malloc.c.obj
                0x10005968                __wrap_free
 .text          0x10005988       0x10 CMakeFiles/TESTING.dir/C_/Program_Files/Raspberry_Pi/Pico_SDK_v1.5.1/pico-sdk/src/rp2_common/pico_mem_ops/mem_ops_aeabi.S.obj
                0x10005988                __aeabi_mem_init
 .text.memset   0x10005998        0xc CMakeFiles/TESTING.dir/C_/Program_Files/Raspberry_Pi/Pico_SDK_v1.5.1/pico-sdk/src/rp2_common/pico_mem_ops/mem_ops_aeabi.S.obj
                0x10005998                __wrap_memset
 .text.memcpy   0x100059a4        0xc CMakeFiles/TESTING.dir/C_/Program_Files/Raspberry_Pi/Pico_SDK_v1.5.1/pico-sdk/src/rp2_common/pico_mem_ops/mem_ops_aeabi.S.obj
                0x100059a4                __wrap_memcpy
                0x100059a4                __wrap___aeabi_memcpy
 .text.stdio_out_chars_no_crlf
                0x100059b0        0xe CMakeFiles/TESTING.dir/C_/Program_Files/Raspberry_Pi/Pico_SDK_v1.5.1/pico-sdk/src/rp2_common/pico_stdio/stdio.c.obj
 *fill*         0x100059be        0x2 
 .text.stdio_out_chars_crlf
                0x100059c0       0x80 CMakeFiles/TESTING.dir/C_/Program_Files/Raspberry_Pi/Pico_SDK_v1.5.1/pico-sdk/src/rp2_common/pico_stdio/stdio.c.obj
 .text.stdio_stack_buffer_flush
                0x10005a40       0x44 CMakeFiles/TESTING.dir/C_/Program_Files/Raspberry_Pi/Pico_SDK_v1.5.1/pico-sdk/src/rp2_common/pico_stdio/stdio.c.obj
 .text.stdio_buffered_printer
                0x10005a84       0x20 CMakeFiles/TESTING.dir/C_/Program_Files/Raspberry_Pi/Pico_SDK_v1.5.1/pico-sdk/src/rp2_common/pico_stdio/stdio.c.obj
 .text.stdio_get_until
                0x10005aa4       0x80 CMakeFiles/TESTING.dir/C_/Program_Files/Raspberry_Pi/Pico_SDK_v1.5.1/pico-sdk/src/rp2_common/pico_stdio/stdio.c.obj
 .text.stdout_serialize_begin
                0x10005b24       0x5c CMakeFiles/TESTING.dir/C_/Program_Files/Raspberry_Pi/Pico_SDK_v1.5.1/pico-sdk/src/rp2_common/pico_stdio/stdio.c.obj
                0x10005b24                stdout_serialize_begin
 .text.stdout_serialize_end
                0x10005b80       0x10 CMakeFiles/TESTING.dir/C_/Program_Files/Raspberry_Pi/Pico_SDK_v1.5.1/pico-sdk/src/rp2_common/pico_stdio/stdio.c.obj
                0x10005b80                stdout_serialize_end
 .text.stdio_put_string
                0x10005b90       0x98 CMakeFiles/TESTING.dir/C_/Program_Files/Raspberry_Pi/Pico_SDK_v1.5.1/pico-sdk/src/rp2_common/pico_stdio/stdio.c.obj
 .text.__wrap_putchar
                0x10005c28       0x1c CMakeFiles/TESTING.dir/C_/Program_Files/Raspberry_Pi/Pico_SDK_v1.5.1/pico-sdk/src/rp2_common/pico_stdio/stdio.c.obj
                0x10005c28                __wrap_putchar
 .text.stdio_set_driver_enabled
                0x10005c44       0x2c CMakeFiles/TESTING.dir/C_/Program_Files/Raspberry_Pi/Pico_SDK_v1.5.1/pico-sdk/src/rp2_common/pico_stdio/stdio.c.obj
                0x10005c44                stdio_set_driver_enabled
 .text.stdio_flush
                0x10005c70       0x20 CMakeFiles/TESTING.dir/C_/Program_Files/Raspberry_Pi/Pico_SDK_v1.5.1/pico-sdk/src/rp2_common/pico_stdio/stdio.c.obj
                0x10005c70                stdio_flush
 .text.__wrap_puts
                0x10005c90       0x1e CMakeFiles/TESTING.dir/C_/Program_Files/Raspberry_Pi/Pico_SDK_v1.5.1/pico-sdk/src/rp2_common/pico_stdio/stdio.c.obj
                0x10005c90                __wrap_puts
 *fill*         0x10005cae        0x2 
 .text.__wrap_vprintf
                0x10005cb0       0x40 CMakeFiles/TESTING.dir/C_/Program_Files/Raspberry_Pi/Pico_SDK_v1.5.1/pico-sdk/src/rp2_common/pico_stdio/stdio.c.obj
                0x10005cb0                __wrap_vprintf
 .text.__wrap_printf
                0x10005cf0       0x18 CMakeFiles/TESTING.dir/C_/Program_Files/Raspberry_Pi/Pico_SDK_v1.5.1/pico-sdk/src/rp2_common/pico_stdio/stdio.c.obj
                0x10005cf0                __wrap_printf
 .text.stdio_init_all
                0x10005d08        0x8 CMakeFiles/TESTING.dir/C_/Program_Files/Raspberry_Pi/Pico_SDK_v1.5.1/pico-sdk/src/rp2_common/pico_stdio/stdio.c.obj
                0x10005d08                stdio_init_all
 .text.getchar_timeout_us
                0x10005d10       0x80 CMakeFiles/TESTING.dir/C_/Program_Files/Raspberry_Pi/Pico_SDK_v1.5.1/pico-sdk/src/rp2_common/pico_stdio/stdio.c.obj
                0x10005d10                getchar_timeout_us
 .text.resetd_init
                0x10005d90        0x2 CMakeFiles/TESTING.dir/C_/Program_Files/Raspberry_Pi/Pico_SDK_v1.5.1/pico-sdk/src/rp2_common/pico_stdio_usb/reset_interface.c.obj
 *fill*         0x10005d92        0x2 
 .text.resetd_reset
                0x10005d94        0xc CMakeFiles/TESTING.dir/C_/Program_Files/Raspberry_Pi/Pico_SDK_v1.5.1/pico-sdk/src/rp2_common/pico_stdio_usb/reset_interface.c.obj
 .text.resetd_open
                0x10005da0       0x34 CMakeFiles/TESTING.dir/C_/Program_Files/Raspberry_Pi/Pico_SDK_v1.5.1/pico-sdk/src/rp2_common/pico_stdio_usb/reset_interface.c.obj
 .text.resetd_xfer_cb
                0x10005dd4        0x4 CMakeFiles/TESTING.dir/C_/Program_Files/Raspberry_Pi/Pico_SDK_v1.5.1/pico-sdk/src/rp2_common/pico_stdio_usb/reset_interface.c.obj
 .text.reset_usb_boot
                0x10005dd8       0x18 CMakeFiles/TESTING.dir/C_/Program_Files/Raspberry_Pi/Pico_SDK_v1.5.1/pico-sdk/src/rp2_common/pico_stdio_usb/reset_interface.c.obj
 .text.resetd_control_xfer_cb
                0x10005df0       0x5c CMakeFiles/TESTING.dir/C_/Program_Files/Raspberry_Pi/Pico_SDK_v1.5.1/pico-sdk/src/rp2_common/pico_stdio_usb/reset_interface.c.obj
 .text.usbd_app_driver_get_cb
                0x10005e4c        0xc CMakeFiles/TESTING.dir/C_/Program_Files/Raspberry_Pi/Pico_SDK_v1.5.1/pico-sdk/src/rp2_common/pico_stdio_usb/reset_interface.c.obj
                0x10005e4c                usbd_app_driver_get_cb
 .text.tud_cdc_line_coding_cb
                0x10005e58       0x28 CMakeFiles/TESTING.dir/C_/Program_Files/Raspberry_Pi/Pico_SDK_v1.5.1/pico-sdk/src/rp2_common/pico_stdio_usb/reset_interface.c.obj
                0x10005e58                tud_cdc_line_coding_cb
 .text.stdio_usb_set_chars_available_callback
                0x10005e80       0x14 CMakeFiles/TESTING.dir/C_/Program_Files/Raspberry_Pi/Pico_SDK_v1.5.1/pico-sdk/src/rp2_common/pico_stdio_usb/stdio_usb.c.obj
                0x10005e80                stdio_usb_set_chars_available_callback
 .text.usb_irq  0x10005e94       0x10 CMakeFiles/TESTING.dir/C_/Program_Files/Raspberry_Pi/Pico_SDK_v1.5.1/pico-sdk/src/rp2_common/pico_stdio_usb/stdio_usb.c.obj
 .text.timer_task
                0x10005ea4       0x5c CMakeFiles/TESTING.dir/C_/Program_Files/Raspberry_Pi/Pico_SDK_v1.5.1/pico-sdk/src/rp2_common/pico_stdio_usb/stdio_usb.c.obj
 .text.low_priority_worker_irq
                0x10005f00       0xdc CMakeFiles/TESTING.dir/C_/Program_Files/Raspberry_Pi/Pico_SDK_v1.5.1/pico-sdk/src/rp2_common/pico_stdio_usb/stdio_usb.c.obj
 .text.tud_cdc_rx_cb
                0x10005fdc       0x20 CMakeFiles/TESTING.dir/C_/Program_Files/Raspberry_Pi/Pico_SDK_v1.5.1/pico-sdk/src/rp2_common/pico_stdio_usb/stdio_usb.c.obj
                0x10005fdc                tud_cdc_rx_cb
 .text.stdio_usb_init
                0x10005ffc      0x11c CMakeFiles/TESTING.dir/C_/Program_Files/Raspberry_Pi/Pico_SDK_v1.5.1/pico-sdk/src/rp2_common/pico_stdio_usb/stdio_usb.c.obj
                0x10005ffc                stdio_usb_init
 .text.stdio_usb_connected
                0x10006118        0xa CMakeFiles/TESTING.dir/C_/Program_Files/Raspberry_Pi/Pico_SDK_v1.5.1/pico-sdk/src/rp2_common/pico_stdio_usb/stdio_usb.c.obj
                0x10006118                stdio_usb_connected
 *fill*         0x10006122        0x2 
 .text.stdio_usb_in_chars
                0x10006124       0xc4 CMakeFiles/TESTING.dir/C_/Program_Files/Raspberry_Pi/Pico_SDK_v1.5.1/pico-sdk/src/rp2_common/pico_stdio_usb/stdio_usb.c.obj
                0x10006124                stdio_usb_in_chars
 .text.stdio_usb_out_chars
                0x100061e8      0x114 CMakeFiles/TESTING.dir/C_/Program_Files/Raspberry_Pi/Pico_SDK_v1.5.1/pico-sdk/src/rp2_common/pico_stdio_usb/stdio_usb.c.obj
 .text.tud_descriptor_device_cb
                0x100062fc        0x8 CMakeFiles/TESTING.dir/C_/Program_Files/Raspberry_Pi/Pico_SDK_v1.5.1/pico-sdk/src/rp2_common/pico_stdio_usb/stdio_usb_descriptors.c.obj
                0x100062fc                tud_descriptor_device_cb
 .text.tud_descriptor_configuration_cb
                0x10006304        0x8 CMakeFiles/TESTING.dir/C_/Program_Files/Raspberry_Pi/Pico_SDK_v1.5.1/pico-sdk/src/rp2_common/pico_stdio_usb/stdio_usb_descriptors.c.obj
                0x10006304                tud_descriptor_configuration_cb
 .text.tud_descriptor_string_cb
                0x1000630c       0x6c CMakeFiles/TESTING.dir/C_/Program_Files/Raspberry_Pi/Pico_SDK_v1.5.1/pico-sdk/src/rp2_common/pico_stdio_usb/stdio_usb_descriptors.c.obj
                0x1000630c                tud_descriptor_string_cb
 .text._retrieve_unique_id_on_boot
                0x10006378       0x10 CMakeFiles/TESTING.dir/C_/Program_Files/Raspberry_Pi/Pico_SDK_v1.5.1/pico-sdk/src/rp2_common/pico_unique_id/unique_id.c.obj
 .text.pico_get_unique_board_id_string
                0x10006388       0x60 CMakeFiles/TESTING.dir/C_/Program_Files/Raspberry_Pi/Pico_SDK_v1.5.1/pico-sdk/src/rp2_common/pico_unique_id/unique_id.c.obj
                0x10006388                pico_get_unique_board_id_string
 .text.flash_get_unique_id
                0x100063e8       0x46 CMakeFiles/TESTING.dir/C_/Program_Files/Raspberry_Pi/Pico_SDK_v1.5.1/pico-sdk/src/rp2_common/hardware_flash/flash.c.obj
                0x100063e8                flash_get_unique_id
 *fill*         0x1000642e        0x2 
 .text.hw_endpoint_get_by_addr
                0x10006430       0x18 CMakeFiles/TESTING.dir/C_/Program_Files/Raspberry_Pi/Pico_SDK_v1.5.1/pico-sdk/lib/tinyusb/src/portable/raspberrypi/rp2040/dcd_rp2040.c.obj
 .text._hw_endpoint_alloc
                0x10006448       0x70 CMakeFiles/TESTING.dir/C_/Program_Files/Raspberry_Pi/Pico_SDK_v1.5.1/pico-sdk/lib/tinyusb/src/portable/raspberrypi/rp2040/dcd_rp2040.c.obj
 .text.hw_endpoint_init
                0x100064b8       0x88 CMakeFiles/TESTING.dir/C_/Program_Files/Raspberry_Pi/Pico_SDK_v1.5.1/pico-sdk/lib/tinyusb/src/portable/raspberrypi/rp2040/dcd_rp2040.c.obj
 .text.hw_endpoint_xfer
                0x10006540       0x14 CMakeFiles/TESTING.dir/C_/Program_Files/Raspberry_Pi/Pico_SDK_v1.5.1/pico-sdk/lib/tinyusb/src/portable/raspberrypi/rp2040/dcd_rp2040.c.obj
 .text.dcd_int_enable
                0x10006554       0x2c CMakeFiles/TESTING.dir/C_/Program_Files/Raspberry_Pi/Pico_SDK_v1.5.1/pico-sdk/lib/tinyusb/src/portable/raspberrypi/rp2040/dcd_rp2040.c.obj
                0x10006554                dcd_int_enable
 .text.dcd_set_address
                0x10006580       0x2c CMakeFiles/TESTING.dir/C_/Program_Files/Raspberry_Pi/Pico_SDK_v1.5.1/pico-sdk/lib/tinyusb/src/portable/raspberrypi/rp2040/dcd_rp2040.c.obj
                0x10006580                dcd_set_address
 .text.dcd_connect
                0x100065ac       0x10 CMakeFiles/TESTING.dir/C_/Program_Files/Raspberry_Pi/Pico_SDK_v1.5.1/pico-sdk/lib/tinyusb/src/portable/raspberrypi/rp2040/dcd_rp2040.c.obj
                0x100065ac                dcd_connect
 .text.dcd_init
                0x100065bc       0x80 CMakeFiles/TESTING.dir/C_/Program_Files/Raspberry_Pi/Pico_SDK_v1.5.1/pico-sdk/lib/tinyusb/src/portable/raspberrypi/rp2040/dcd_rp2040.c.obj
                0x100065bc                dcd_init
 .text.dcd_edpt0_status_complete
                0x1000663c       0x1c CMakeFiles/TESTING.dir/C_/Program_Files/Raspberry_Pi/Pico_SDK_v1.5.1/pico-sdk/lib/tinyusb/src/portable/raspberrypi/rp2040/dcd_rp2040.c.obj
                0x1000663c                dcd_edpt0_status_complete
 .text.dcd_edpt_open
                0x10006658       0x40 CMakeFiles/TESTING.dir/C_/Program_Files/Raspberry_Pi/Pico_SDK_v1.5.1/pico-sdk/lib/tinyusb/src/portable/raspberrypi/rp2040/dcd_rp2040.c.obj
                0x10006658                dcd_edpt_open
 .text.dcd_edpt_close_all
                0x10006698        0x8 CMakeFiles/TESTING.dir/C_/Program_Files/Raspberry_Pi/Pico_SDK_v1.5.1/pico-sdk/lib/tinyusb/src/portable/raspberrypi/rp2040/dcd_rp2040.c.obj
                0x10006698                dcd_edpt_close_all
 .text.dcd_edpt_xfer
                0x100066a0       0x34 CMakeFiles/TESTING.dir/C_/Program_Files/Raspberry_Pi/Pico_SDK_v1.5.1/pico-sdk/lib/tinyusb/src/portable/raspberrypi/rp2040/dcd_rp2040.c.obj
                0x100066a0                dcd_edpt_xfer
 .text.dcd_edpt_stall
                0x100066d4       0x2c CMakeFiles/TESTING.dir/C_/Program_Files/Raspberry_Pi/Pico_SDK_v1.5.1/pico-sdk/lib/tinyusb/src/portable/raspberrypi/rp2040/dcd_rp2040.c.obj
                0x100066d4                dcd_edpt_stall
 .text.dcd_edpt_clear_stall
                0x10006700       0x20 CMakeFiles/TESTING.dir/C_/Program_Files/Raspberry_Pi/Pico_SDK_v1.5.1/pico-sdk/lib/tinyusb/src/portable/raspberrypi/rp2040/dcd_rp2040.c.obj
                0x10006700                dcd_edpt_clear_stall
 .text.rp2040_usb_init
                0x10006720       0x4c CMakeFiles/TESTING.dir/C_/Program_Files/Raspberry_Pi/Pico_SDK_v1.5.1/pico-sdk/lib/tinyusb/src/portable/raspberrypi/rp2040/rp2040_usb.c.obj
                0x10006720                rp2040_usb_init
 .text.hw_endpoint_xfer_start
                0x1000676c       0x50 CMakeFiles/TESTING.dir/C_/Program_Files/Raspberry_Pi/Pico_SDK_v1.5.1/pico-sdk/lib/tinyusb/src/portable/raspberrypi/rp2040/rp2040_usb.c.obj
                0x1000676c                hw_endpoint_xfer_start
 .text.configuration_reset
                0x100067bc       0x84 CMakeFiles/TESTING.dir/C_/Program_Files/Raspberry_Pi/Pico_SDK_v1.5.1/pico-sdk/lib/tinyusb/src/device/usbd.c.obj
 .text.usbd_reset
                0x10006840        0xc CMakeFiles/TESTING.dir/C_/Program_Files/Raspberry_Pi/Pico_SDK_v1.5.1/pico-sdk/lib/tinyusb/src/device/usbd.c.obj
 .text.invoke_class_control
                0x1000684c       0x1a CMakeFiles/TESTING.dir/C_/Program_Files/Raspberry_Pi/Pico_SDK_v1.5.1/pico-sdk/lib/tinyusb/src/device/usbd.c.obj
 *fill*         0x10006866        0x2 
 .text.process_set_config
                0x10006868      0x178 CMakeFiles/TESTING.dir/C_/Program_Files/Raspberry_Pi/Pico_SDK_v1.5.1/pico-sdk/lib/tinyusb/src/device/usbd.c.obj
 .text.process_get_descriptor
                0x100069e0       0xdc CMakeFiles/TESTING.dir/C_/Program_Files/Raspberry_Pi/Pico_SDK_v1.5.1/pico-sdk/lib/tinyusb/src/device/usbd.c.obj
 .text.tud_mounted
                0x10006abc       0x10 CMakeFiles/TESTING.dir/C_/Program_Files/Raspberry_Pi/Pico_SDK_v1.5.1/pico-sdk/lib/tinyusb/src/device/usbd.c.obj
                0x10006abc                tud_mounted
 .text.tud_suspended
                0x10006acc       0x10 CMakeFiles/TESTING.dir/C_/Program_Files/Raspberry_Pi/Pico_SDK_v1.5.1/pico-sdk/lib/tinyusb/src/device/usbd.c.obj
                0x10006acc                tud_suspended
 .text.tud_inited
                0x10006adc       0x14 CMakeFiles/TESTING.dir/C_/Program_Files/Raspberry_Pi/Pico_SDK_v1.5.1/pico-sdk/lib/tinyusb/src/device/usbd.c.obj
                0x10006adc                tud_inited
 .text.tud_init
                0x10006af0       0xcc CMakeFiles/TESTING.dir/C_/Program_Files/Raspberry_Pi/Pico_SDK_v1.5.1/pico-sdk/lib/tinyusb/src/device/usbd.c.obj
                0x10006af0                tud_init
 .text.usbd_defer_func
                0x10006bbc       0x2a CMakeFiles/TESTING.dir/C_/Program_Files/Raspberry_Pi/Pico_SDK_v1.5.1/pico-sdk/lib/tinyusb/src/device/usbd.c.obj
                0x10006bbc                usbd_defer_func
 *fill*         0x10006be6        0x2 
 .text.usbd_edpt_open
                0x10006be8       0x34 CMakeFiles/TESTING.dir/C_/Program_Files/Raspberry_Pi/Pico_SDK_v1.5.1/pico-sdk/lib/tinyusb/src/device/usbd.c.obj
                0x10006be8                usbd_edpt_open
 .text.usbd_open_edpt_pair
                0x10006c1c       0x62 CMakeFiles/TESTING.dir/C_/Program_Files/Raspberry_Pi/Pico_SDK_v1.5.1/pico-sdk/lib/tinyusb/src/device/usbd.c.obj
                0x10006c1c                usbd_open_edpt_pair
 *fill*         0x10006c7e        0x2 
 .text.usbd_edpt_claim
                0x10006c80       0x28 CMakeFiles/TESTING.dir/C_/Program_Files/Raspberry_Pi/Pico_SDK_v1.5.1/pico-sdk/lib/tinyusb/src/device/usbd.c.obj
                0x10006c80                usbd_edpt_claim
 .text.usbd_edpt_release
                0x10006ca8       0x28 CMakeFiles/TESTING.dir/C_/Program_Files/Raspberry_Pi/Pico_SDK_v1.5.1/pico-sdk/lib/tinyusb/src/device/usbd.c.obj
                0x10006ca8                usbd_edpt_release
 .text.usbd_edpt_xfer
                0x10006cd0       0x78 CMakeFiles/TESTING.dir/C_/Program_Files/Raspberry_Pi/Pico_SDK_v1.5.1/pico-sdk/lib/tinyusb/src/device/usbd.c.obj
                0x10006cd0                usbd_edpt_xfer
 .text.usbd_edpt_stall
                0x10006d48       0x48 CMakeFiles/TESTING.dir/C_/Program_Files/Raspberry_Pi/Pico_SDK_v1.5.1/pico-sdk/lib/tinyusb/src/device/usbd.c.obj
                0x10006d48                usbd_edpt_stall
 .text.usbd_edpt_clear_stall
                0x10006d90       0x48 CMakeFiles/TESTING.dir/C_/Program_Files/Raspberry_Pi/Pico_SDK_v1.5.1/pico-sdk/lib/tinyusb/src/device/usbd.c.obj
                0x10006d90                usbd_edpt_clear_stall
 .text.usbd_edpt_stalled
                0x10006dd8       0x1c CMakeFiles/TESTING.dir/C_/Program_Files/Raspberry_Pi/Pico_SDK_v1.5.1/pico-sdk/lib/tinyusb/src/device/usbd.c.obj
                0x10006dd8                usbd_edpt_stalled
 .text.process_control_request
                0x10006df4      0x37c CMakeFiles/TESTING.dir/C_/Program_Files/Raspberry_Pi/Pico_SDK_v1.5.1/pico-sdk/lib/tinyusb/src/device/usbd.c.obj
 .text.tud_task_ext
                0x10007170      0x1b8 CMakeFiles/TESTING.dir/C_/Program_Files/Raspberry_Pi/Pico_SDK_v1.5.1/pico-sdk/lib/tinyusb/src/device/usbd.c.obj
                0x10007170                tud_task_ext
 .text._data_stage_xact
                0x10007328       0x58 CMakeFiles/TESTING.dir/C_/Program_Files/Raspberry_Pi/Pico_SDK_v1.5.1/pico-sdk/lib/tinyusb/src/device/usbd_control.c.obj
 .text.tud_control_status
                0x10007380       0x38 CMakeFiles/TESTING.dir/C_/Program_Files/Raspberry_Pi/Pico_SDK_v1.5.1/pico-sdk/lib/tinyusb/src/device/usbd_control.c.obj
                0x10007380                tud_control_status
 .text.tud_control_xfer
                0x100073b8       0x74 CMakeFiles/TESTING.dir/C_/Program_Files/Raspberry_Pi/Pico_SDK_v1.5.1/pico-sdk/lib/tinyusb/src/device/usbd_control.c.obj
                0x100073b8                tud_control_xfer
 .text.usbd_control_reset
                0x1000742c       0x14 CMakeFiles/TESTING.dir/C_/Program_Files/Raspberry_Pi/Pico_SDK_v1.5.1/pico-sdk/lib/tinyusb/src/device/usbd_control.c.obj
                0x1000742c                usbd_control_reset
 .text.usbd_control_set_complete_callback
                0x10007440        0xc CMakeFiles/TESTING.dir/C_/Program_Files/Raspberry_Pi/Pico_SDK_v1.5.1/pico-sdk/lib/tinyusb/src/device/usbd_control.c.obj
                0x10007440                usbd_control_set_complete_callback
 .text.usbd_control_set_request
                0x1000744c       0x1c CMakeFiles/TESTING.dir/C_/Program_Files/Raspberry_Pi/Pico_SDK_v1.5.1/pico-sdk/lib/tinyusb/src/device/usbd_control.c.obj
                0x1000744c                usbd_control_set_request
 .text.usbd_control_xfer_cb
                0x10007468       0xcc CMakeFiles/TESTING.dir/C_/Program_Files/Raspberry_Pi/Pico_SDK_v1.5.1/pico-sdk/lib/tinyusb/src/device/usbd_control.c.obj
                0x10007468                usbd_control_xfer_cb
 .text._prep_out_transaction
                0x10007534       0x4a CMakeFiles/TESTING.dir/C_/Program_Files/Raspberry_Pi/Pico_SDK_v1.5.1/pico-sdk/lib/tinyusb/src/class/cdc/cdc_device.c.obj
 *fill*         0x1000757e        0x2 
 .text.tud_cdc_n_connected
                0x10007580       0x44 CMakeFiles/TESTING.dir/C_/Program_Files/Raspberry_Pi/Pico_SDK_v1.5.1/pico-sdk/lib/tinyusb/src/class/cdc/cdc_device.c.obj
                0x10007580                tud_cdc_n_connected
 .text.tud_cdc_n_available
                0x100075c4       0x18 CMakeFiles/TESTING.dir/C_/Program_Files/Raspberry_Pi/Pico_SDK_v1.5.1/pico-sdk/lib/tinyusb/src/class/cdc/cdc_device.c.obj
                0x100075c4                tud_cdc_n_available
 .text.tud_cdc_n_read
                0x100075dc       0x28 CMakeFiles/TESTING.dir/C_/Program_Files/Raspberry_Pi/Pico_SDK_v1.5.1/pico-sdk/lib/tinyusb/src/class/cdc/cdc_device.c.obj
                0x100075dc                tud_cdc_n_read
 .text.tud_cdc_n_write_flush
                0x10007604       0xb8 CMakeFiles/TESTING.dir/C_/Program_Files/Raspberry_Pi/Pico_SDK_v1.5.1/pico-sdk/lib/tinyusb/src/class/cdc/cdc_device.c.obj
                0x10007604                tud_cdc_n_write_flush
 .text.tud_cdc_n_write
                0x100076bc       0x38 CMakeFiles/TESTING.dir/C_/Program_Files/Raspberry_Pi/Pico_SDK_v1.5.1/pico-sdk/lib/tinyusb/src/class/cdc/cdc_device.c.obj
                0x100076bc                tud_cdc_n_write
 .text.tud_cdc_n_write_available
                0x100076f4       0x1c CMakeFiles/TESTING.dir/C_/Program_Files/Raspberry_Pi/Pico_SDK_v1.5.1/pico-sdk/lib/tinyusb/src/class/cdc/cdc_device.c.obj
                0x100076f4                tud_cdc_n_write_available
 .text.cdcd_init
                0x10007710       0xbc CMakeFiles/TESTING.dir/C_/Program_Files/Raspberry_Pi/Pico_SDK_v1.5.1/pico-sdk/lib/tinyusb/src/class/cdc/cdc_device.c.obj
                0x10007710                cdcd_init
 .text.cdcd_reset
                0x100077cc       0x44 CMakeFiles/TESTING.dir/C_/Program_Files/Raspberry_Pi/Pico_SDK_v1.5.1/pico-sdk/lib/tinyusb/src/class/cdc/cdc_device.c.obj
                0x100077cc                cdcd_reset
 .text.cdcd_open
                0x10007810       0xcc CMakeFiles/TESTING.dir/C_/Program_Files/Raspberry_Pi/Pico_SDK_v1.5.1/pico-sdk/lib/tinyusb/src/class/cdc/cdc_device.c.obj
                0x10007810                cdcd_open
 .text.cdcd_control_xfer_cb
                0x100078dc      0x134 CMakeFiles/TESTING.dir/C_/Program_Files/Raspberry_Pi/Pico_SDK_v1.5.1/pico-sdk/lib/tinyusb/src/class/cdc/cdc_device.c.obj
                0x100078dc                cdcd_control_xfer_cb
 .text.cdcd_xfer_cb
                0x10007a10      0x130 CMakeFiles/TESTING.dir/C_/Program_Files/Raspberry_Pi/Pico_SDK_v1.5.1/pico-sdk/lib/tinyusb/src/class/cdc/cdc_device.c.obj
                0x10007a10                cdcd_xfer_cb
 .text.tusb_init
                0x10007b40        0xa CMakeFiles/TESTING.dir/C_/Program_Files/Raspberry_Pi/Pico_SDK_v1.5.1/pico-sdk/lib/tinyusb/src/tusb.c.obj
                0x10007b40                tusb_init
 .text.tusb_inited
                0x10007b4a        0xe CMakeFiles/TESTING.dir/C_/Program_Files/Raspberry_Pi/Pico_SDK_v1.5.1/pico-sdk/lib/tinyusb/src/tusb.c.obj
                0x10007b4a                tusb_inited
 .text.tu_edpt_claim
                0x10007b58       0x50 CMakeFiles/TESTING.dir/C_/Program_Files/Raspberry_Pi/Pico_SDK_v1.5.1/pico-sdk/lib/tinyusb/src/tusb.c.obj
                0x10007b58                tu_edpt_claim
 .text.tu_edpt_release
                0x10007ba8       0x3c CMakeFiles/TESTING.dir/C_/Program_Files/Raspberry_Pi/Pico_SDK_v1.5.1/pico-sdk/lib/tinyusb/src/tusb.c.obj
                0x10007ba8                tu_edpt_release
 .text.tu_edpt_validate
                0x10007be4       0x78 CMakeFiles/TESTING.dir/C_/Program_Files/Raspberry_Pi/Pico_SDK_v1.5.1/pico-sdk/lib/tinyusb/src/tusb.c.obj
                0x10007be4                tu_edpt_validate
 .text.tu_edpt_bind_driver
                0x10007c5c       0x26 CMakeFiles/TESTING.dir/C_/Program_Files/Raspberry_Pi/Pico_SDK_v1.5.1/pico-sdk/lib/tinyusb/src/tusb.c.obj
                0x10007c5c                tu_edpt_bind_driver
 .text.advance_index
                0x10007c82       0x1a CMakeFiles/TESTING.dir/C_/Program_Files/Raspberry_Pi/Pico_SDK_v1.5.1/pico-sdk/lib/tinyusb/src/common/tusb_fifo.c.obj
 .text._tu_fifo_peek
                0x10007c9c       0x56 CMakeFiles/TESTING.dir/C_/Program_Files/Raspberry_Pi/Pico_SDK_v1.5.1/pico-sdk/lib/tinyusb/src/common/tusb_fifo.c.obj
 .text._ff_pull_const_addr
                0x10007cf2       0x4c CMakeFiles/TESTING.dir/C_/Program_Files/Raspberry_Pi/Pico_SDK_v1.5.1/pico-sdk/lib/tinyusb/src/common/tusb_fifo.c.obj
 .text._ff_pull_n
                0x10007d3e      0x110 CMakeFiles/TESTING.dir/C_/Program_Files/Raspberry_Pi/Pico_SDK_v1.5.1/pico-sdk/lib/tinyusb/src/common/tusb_fifo.c.obj
 .text._tu_fifo_peek_n
                0x10007e4e       0x6a CMakeFiles/TESTING.dir/C_/Program_Files/Raspberry_Pi/Pico_SDK_v1.5.1/pico-sdk/lib/tinyusb/src/common/tusb_fifo.c.obj
 .text._tu_fifo_read_n
                0x10007eb8       0x4e CMakeFiles/TESTING.dir/C_/Program_Files/Raspberry_Pi/Pico_SDK_v1.5.1/pico-sdk/lib/tinyusb/src/common/tusb_fifo.c.obj
 .text._ff_push_const_addr
                0x10007f06       0x40 CMakeFiles/TESTING.dir/C_/Program_Files/Raspberry_Pi/Pico_SDK_v1.5.1/pico-sdk/lib/tinyusb/src/common/tusb_fifo.c.obj
 .text._ff_push_n
                0x10007f46      0x10c CMakeFiles/TESTING.dir/C_/Program_Files/Raspberry_Pi/Pico_SDK_v1.5.1/pico-sdk/lib/tinyusb/src/common/tusb_fifo.c.obj
 .text._tu_fifo_write_n
                0x10008052       0xf0 CMakeFiles/TESTING.dir/C_/Program_Files/Raspberry_Pi/Pico_SDK_v1.5.1/pico-sdk/lib/tinyusb/src/common/tusb_fifo.c.obj
 .text.tu_fifo_config
                0x10008142       0x7c CMakeFiles/TESTING.dir/C_/Program_Files/Raspberry_Pi/Pico_SDK_v1.5.1/pico-sdk/lib/tinyusb/src/common/tusb_fifo.c.obj
                0x10008142                tu_fifo_config
 .text.tu_fifo_count
                0x100081be       0x2a CMakeFiles/TESTING.dir/C_/Program_Files/Raspberry_Pi/Pico_SDK_v1.5.1/pico-sdk/lib/tinyusb/src/common/tusb_fifo.c.obj
                0x100081be                tu_fifo_count
 .text.tu_fifo_empty
                0x100081e8       0x10 CMakeFiles/TESTING.dir/C_/Program_Files/Raspberry_Pi/Pico_SDK_v1.5.1/pico-sdk/lib/tinyusb/src/common/tusb_fifo.c.obj
                0x100081e8                tu_fifo_empty
 .text.tu_fifo_full
                0x100081f8       0x28 CMakeFiles/TESTING.dir/C_/Program_Files/Raspberry_Pi/Pico_SDK_v1.5.1/pico-sdk/lib/tinyusb/src/common/tusb_fifo.c.obj
                0x100081f8                tu_fifo_full
 .text.tu_fifo_remaining
                0x10008220       0x2c CMakeFiles/TESTING.dir/C_/Program_Files/Raspberry_Pi/Pico_SDK_v1.5.1/pico-sdk/lib/tinyusb/src/common/tusb_fifo.c.obj
                0x10008220                tu_fifo_remaining
 .text.tu_fifo_read
                0x1000824c       0x42 CMakeFiles/TESTING.dir/C_/Program_Files/Raspberry_Pi/Pico_SDK_v1.5.1/pico-sdk/lib/tinyusb/src/common/tusb_fifo.c.obj
                0x1000824c                tu_fifo_read
 .text.tu_fifo_read_n
                0x1000828e        0xa CMakeFiles/TESTING.dir/C_/Program_Files/Raspberry_Pi/Pico_SDK_v1.5.1/pico-sdk/lib/tinyusb/src/common/tusb_fifo.c.obj
                0x1000828e                tu_fifo_read_n
 .text.tu_fifo_write
                0x10008298       0x64 CMakeFiles/TESTING.dir/C_/Program_Files/Raspberry_Pi/Pico_SDK_v1.5.1/pico-sdk/lib/tinyusb/src/common/tusb_fifo.c.obj
                0x10008298                tu_fifo_write
 .text.tu_fifo_write_n
                0x100082fc        0xa CMakeFiles/TESTING.dir/C_/Program_Files/Raspberry_Pi/Pico_SDK_v1.5.1/pico-sdk/lib/tinyusb/src/common/tusb_fifo.c.obj
                0x100082fc                tu_fifo_write_n
 .text.tu_fifo_clear
                0x10008306       0x3e CMakeFiles/TESTING.dir/C_/Program_Files/Raspberry_Pi/Pico_SDK_v1.5.1/pico-sdk/lib/tinyusb/src/common/tusb_fifo.c.obj
                0x10008306                tu_fifo_clear
 .text.tu_fifo_set_overwritable
                0x10008344       0x46 CMakeFiles/TESTING.dir/C_/Program_Files/Raspberry_Pi/Pico_SDK_v1.5.1/pico-sdk/lib/tinyusb/src/common/tusb_fifo.c.obj
                0x10008344                tu_fifo_set_overwritable
 .text.core1_trampoline
                0x1000838a        0x2 CMakeFiles/TESTING.dir/C_/Program_Files/Raspberry_Pi/Pico_SDK_v1.5.1/pico-sdk/src/rp2_common/pico_multicore/multicore.c.obj
 .text.core1_wrapper
                0x1000838c        0xc CMakeFiles/TESTING.dir/C_/Program_Files/Raspberry_Pi/Pico_SDK_v1.5.1/pico-sdk/src/rp2_common/pico_multicore/multicore.c.obj
                0x1000838c                core1_wrapper
 .text.multicore_fifo_push_blocking
                0x10008398       0x14 CMakeFiles/TESTING.dir/C_/Program_Files/Raspberry_Pi/Pico_SDK_v1.5.1/pico-sdk/src/rp2_common/pico_multicore/multicore.c.obj
                0x10008398                multicore_fifo_push_blocking
 .text.multicore_fifo_pop_blocking
                0x100083ac       0x16 CMakeFiles/TESTING.dir/C_/Program_Files/Raspberry_Pi/Pico_SDK_v1.5.1/pico-sdk/src/rp2_common/pico_multicore/multicore.c.obj
                0x100083ac                multicore_fifo_pop_blocking
 .text.multicore_launch_core1_raw
                0x100083c2       0x6e CMakeFiles/TESTING.dir/C_/Program_Files/Raspberry_Pi/Pico_SDK_v1.5.1/pico-sdk/src/rp2_common/pico_multicore/multicore.c.obj
                0x100083c2                multicore_launch_core1_raw
 .text.multicore_launch_core1_with_stack
                0x10008430       0x50 CMakeFiles/TESTING.dir/C_/Program_Files/Raspberry_Pi/Pico_SDK_v1.5.1/pico-sdk/src/rp2_common/pico_multicore/multicore.c.obj
                0x10008430                multicore_launch_core1_with_stack
 .text.multicore_launch_core1
                0x10008480       0x24 CMakeFiles/TESTING.dir/C_/Program_Files/Raspberry_Pi/Pico_SDK_v1.5.1/pico-sdk/src/rp2_common/pico_multicore/multicore.c.obj
                0x10008480                multicore_launch_core1
 .text.spi_set_baudrate
                0x100084a4       0xcc CMakeFiles/TESTING.dir/C_/Program_Files/Raspberry_Pi/Pico_SDK_v1.5.1/pico-sdk/src/rp2_common/hardware_spi/spi.c.obj
                0x100084a4                spi_set_baudrate
 .text.spi_init
                0x10008570       0x74 CMakeFiles/TESTING.dir/C_/Program_Files/Raspberry_Pi/Pico_SDK_v1.5.1/pico-sdk/src/rp2_common/hardware_spi/spi.c.obj
                0x10008570                spi_init
 .text.i2c_write_blocking_internal
                0x100085e4      0x140 CMakeFiles/TESTING.dir/C_/Program_Files/Raspberry_Pi/Pico_SDK_v1.5.1/pico-sdk/src/rp2_common/hardware_i2c/i2c.c.obj
 .text.i2c_read_blocking_internal
                0x10008724       0xe6 CMakeFiles/TESTING.dir/C_/Program_Files/Raspberry_Pi/Pico_SDK_v1.5.1/pico-sdk/src/rp2_common/hardware_i2c/i2c.c.obj
 *fill*         0x1000880a        0x2 
 .text.i2c_set_baudrate
                0x1000880c       0xf0 CMakeFiles/TESTING.dir/C_/Program_Files/Raspberry_Pi/Pico_SDK_v1.5.1/pico-sdk/src/rp2_common/hardware_i2c/i2c.c.obj
                0x1000880c                i2c_set_baudrate
 .text.i2c_init
                0x100088fc       0x58 CMakeFiles/TESTING.dir/C_/Program_Files/Raspberry_Pi/Pico_SDK_v1.5.1/pico-sdk/src/rp2_common/hardware_i2c/i2c.c.obj
                0x100088fc                i2c_init
 .text.i2c_write_blocking
                0x10008954       0x18 CMakeFiles/TESTING.dir/C_/Program_Files/Raspberry_Pi/Pico_SDK_v1.5.1/pico-sdk/src/rp2_common/hardware_i2c/i2c.c.obj
                0x10008954                i2c_write_blocking
 .text.i2c_read_blocking
                0x1000896c       0x18 CMakeFiles/TESTING.dir/C_/Program_Files/Raspberry_Pi/Pico_SDK_v1.5.1/pico-sdk/src/rp2_common/hardware_i2c/i2c.c.obj
                0x1000896c                i2c_read_blocking
 .text._calloc_r
                0x10008984       0x9c c:/progra~1/raspbe~1/picosd~1.1/gcc-ar~1/bin/../lib/gcc/arm-none-eabi/10.3.1/../../../../arm-none-eabi/lib/thumb/v6-m/nofp\libg.a(lib_a-callocr.o)
                0x10008984                _calloc_r
 .text.__errno  0x10008a20        0xc c:/progra~1/raspbe~1/picosd~1.1/gcc-ar~1/bin/../lib/gcc/arm-none-eabi/10.3.1/../../../../arm-none-eabi/lib/thumb/v6-m/nofp\libg.a(lib_a-errno.o)
                0x10008a20                __errno
 .text.malloc   0x10008a2c       0x14 c:/progra~1/raspbe~1/picosd~1.1/gcc-ar~1/bin/../lib/gcc/arm-none-eabi/10.3.1/../../../../arm-none-eabi/lib/thumb/v6-m/nofp\libg.a(lib_a-malloc.o)
                0x10008a2c                malloc
 .text.free     0x10008a40       0x14 c:/progra~1/raspbe~1/picosd~1.1/gcc-ar~1/bin/../lib/gcc/arm-none-eabi/10.3.1/../../../../arm-none-eabi/lib/thumb/v6-m/nofp\libg.a(lib_a-malloc.o)
                0x10008a40                free
 .text._malloc_r
                0x10008a54      0x584 c:/progra~1/raspbe~1/picosd~1.1/gcc-ar~1/bin/../lib/gcc/arm-none-eabi/10.3.1/../../../../arm-none-eabi/lib/thumb/v6-m/nofp\libg.a(lib_a-mallocr.o)
                0x10008a54                _malloc_r
 .text.__malloc_lock
                0x10008fd8       0x10 c:/progra~1/raspbe~1/picosd~1.1/gcc-ar~1/bin/../lib/gcc/arm-none-eabi/10.3.1/../../../../arm-none-eabi/lib/thumb/v6-m/nofp\libg.a(lib_a-mlock.o)
                0x10008fd8                __malloc_lock
 .text.__malloc_unlock
                0x10008fe8       0x10 c:/progra~1/raspbe~1/picosd~1.1/gcc-ar~1/bin/../lib/gcc/arm-none-eabi/10.3.1/../../../../arm-none-eabi/lib/thumb/v6-m/nofp\libg.a(lib_a-mlock.o)
                0x10008fe8                __malloc_unlock
 .text.realloc  0x10008ff8       0x18 c:/progra~1/raspbe~1/picosd~1.1/gcc-ar~1/bin/../lib/gcc/arm-none-eabi/10.3.1/../../../../arm-none-eabi/lib/thumb/v6-m/nofp\libg.a(lib_a-realloc.o)
                0x10008ff8                realloc
 .text._realloc_r
                0x10009010      0x354 c:/progra~1/raspbe~1/picosd~1.1/gcc-ar~1/bin/../lib/gcc/arm-none-eabi/10.3.1/../../../../arm-none-eabi/lib/thumb/v6-m/nofp\libg.a(lib_a-reallocr.o)
                0x10009010                _realloc_r
 .text._sbrk_r  0x10009364       0x24 c:/progra~1/raspbe~1/picosd~1.1/gcc-ar~1/bin/../lib/gcc/arm-none-eabi/10.3.1/../../../../arm-none-eabi/lib/thumb/v6-m/nofp\libg.a(lib_a-sbrkr.o)
                0x10009364                _sbrk_r
 .text.sscanf   0x10009388       0x50 c:/progra~1/raspbe~1/picosd~1.1/gcc-ar~1/bin/../lib/gcc/arm-none-eabi/10.3.1/../../../../arm-none-eabi/lib/thumb/v6-m/nofp\libg.a(lib_a-sscanf.o)
                0x10009388                sscanf
 .text.__seofread
                0x100093d8        0x4 c:/progra~1/raspbe~1/picosd~1.1/gcc-ar~1/bin/../lib/gcc/arm-none-eabi/10.3.1/../../../../arm-none-eabi/lib/thumb/v6-m/nofp\libg.a(lib_a-stdio.o)
                0x100093d8                __seofread
 .text          0x100093dc       0x88 c:/progra~1/raspbe~1/picosd~1.1/gcc-ar~1/bin/../lib/gcc/arm-none-eabi/10.3.1/../../../../arm-none-eabi/lib/thumb/v6-m/nofp\libg.a(lib_a-strcmp.o)
                0x100093dc                strcmp
 .text.strcpy   0x10009464       0x10 c:/progra~1/raspbe~1/picosd~1.1/gcc-ar~1/bin/../lib/gcc/arm-none-eabi/10.3.1/../../../../arm-none-eabi/lib/thumb/v6-m/nofp\libg.a(lib_a-strcpy.o)
                0x10009464                strcpy
 .text.strlen   0x10009474       0x5c c:/progra~1/raspbe~1/picosd~1.1/gcc-ar~1/bin/../lib/gcc/arm-none-eabi/10.3.1/../../../../arm-none-eabi/lib/thumb/v6-m/nofp\libg.a(lib_a-strlen-stub.o)
                0x10009474                strlen
 .text.strtok   0x100094d0       0x14 c:/progra~1/raspbe~1/picosd~1.1/gcc-ar~1/bin/../lib/gcc/arm-none-eabi/10.3.1/../../../../arm-none-eabi/lib/thumb/v6-m/nofp\libg.a(lib_a-strtok.o)
                0x100094d0                strtok
 .text.__strtok_r
                0x100094e4       0x6c c:/progra~1/raspbe~1/picosd~1.1/gcc-ar~1/bin/../lib/gcc/arm-none-eabi/10.3.1/../../../../arm-none-eabi/lib/thumb/v6-m/nofp\libg.a(lib_a-strtok_r.o)
                0x100094e4                __strtok_r
 .text.__ssvfscanf_r
                0x10009550     0x17a0 c:/progra~1/raspbe~1/picosd~1.1/gcc-ar~1/bin/../lib/gcc/arm-none-eabi/10.3.1/../../../../arm-none-eabi/lib/thumb/v6-m/nofp\libg.a(lib_a-svfscanf.o)
                0x10009550                __ssvfscanf_r
 .text._malloc_trim_r
                0x1000acf0       0x9c c:/progra~1/raspbe~1/picosd~1.1/gcc-ar~1/bin/../lib/gcc/arm-none-eabi/10.3.1/../../../../arm-none-eabi/lib/thumb/v6-m/nofp\libg.a(lib_a-freer.o)
                0x1000acf0                _malloc_trim_r
 .text._free_r  0x1000ad8c      0x1c4 c:/progra~1/raspbe~1/picosd~1.1/gcc-ar~1/bin/../lib/gcc/arm-none-eabi/10.3.1/../../../../arm-none-eabi/lib/thumb/v6-m/nofp\libg.a(lib_a-freer.o)
                0x1000ad8c                _free_r
 .text.iswspace
                0x1000af50        0xc c:/progra~1/raspbe~1/picosd~1.1/gcc-ar~1/bin/../lib/gcc/arm-none-eabi/10.3.1/../../../../arm-none-eabi/lib/thumb/v6-m/nofp\libg.a(lib_a-iswspace.o)
                0x1000af50                iswspace
 .text.iswspace_l
                0x1000af5c       0x18 c:/progra~1/raspbe~1/picosd~1.1/gcc-ar~1/bin/../lib/gcc/arm-none-eabi/10.3.1/../../../../arm-none-eabi/lib/thumb/v6-m/nofp\libg.a(lib_a-iswspace_l.o)
                0x1000af5c                iswspace_l
 .text.__locale_mb_cur_max
                0x1000af74       0x10 c:/progra~1/raspbe~1/picosd~1.1/gcc-ar~1/bin/../lib/gcc/arm-none-eabi/10.3.1/../../../../arm-none-eabi/lib/thumb/v6-m/nofp\libg.a(lib_a-locale.o)
                0x1000af74                __locale_mb_cur_max
 .text._localeconv_r
                0x1000af84        0x8 c:/progra~1/raspbe~1/picosd~1.1/gcc-ar~1/bin/../lib/gcc/arm-none-eabi/10.3.1/../../../../arm-none-eabi/lib/thumb/v6-m/nofp\libg.a(lib_a-localeconv.o)
                0x1000af84                _localeconv_r
 .text.__retarget_lock_acquire_recursive
                0x1000af8c        0x4 c:/progra~1/raspbe~1/picosd~1.1/gcc-ar~1/bin/../lib/gcc/arm-none-eabi/10.3.1/../../../../arm-none-eabi/lib/thumb/v6-m/nofp\libg.a(lib_a-lock.o)
                0x1000af8c                __retarget_lock_acquire_recursive
 .text.__retarget_lock_release_recursive
                0x1000af90        0x4 c:/progra~1/raspbe~1/picosd~1.1/gcc-ar~1/bin/../lib/gcc/arm-none-eabi/10.3.1/../../../../arm-none-eabi/lib/thumb/v6-m/nofp\libg.a(lib_a-lock.o)
                0x1000af90                __retarget_lock_release_recursive
 .text._mbrtowc_r
                0x1000af94       0x4c c:/progra~1/raspbe~1/picosd~1.1/gcc-ar~1/bin/../lib/gcc/arm-none-eabi/10.3.1/../../../../arm-none-eabi/lib/thumb/v6-m/nofp\libg.a(lib_a-mbrtowc.o)
                0x1000af94                _mbrtowc_r
 .text.__ascii_mbtowc
                0x1000afe0       0x2c c:/progra~1/raspbe~1/picosd~1.1/gcc-ar~1/bin/../lib/gcc/arm-none-eabi/10.3.1/../../../../arm-none-eabi/lib/thumb/v6-m/nofp\libg.a(lib_a-mbtowc_r.o)
                0x1000afe0                __ascii_mbtowc
 .text.memmove  0x1000b00c       0xac c:/progra~1/raspbe~1/picosd~1.1/gcc-ar~1/bin/../lib/gcc/arm-none-eabi/10.3.1/../../../../arm-none-eabi/lib/thumb/v6-m/nofp\libg.a(lib_a-memmove.o)
                0x1000b00c                memmove
 .text.__sccl   0x1000b0b8       0x80 c:/progra~1/raspbe~1/picosd~1.1/gcc-ar~1/bin/../lib/gcc/arm-none-eabi/10.3.1/../../../../arm-none-eabi/lib/thumb/v6-m/nofp\libg.a(lib_a-sccl.o)
                0x1000b0b8                __sccl
 .text.nanf     0x1000b138        0x8 c:/progra~1/raspbe~1/picosd~1.1/gcc-ar~1/bin/../lib/gcc/arm-none-eabi/10.3.1/../../../../arm-none-eabi/lib/thumb/v6-m/nofp\libg.a(lib_a-sf_nan.o)
                0x1000b138                nanf
 .text._strtod_l
                0x1000b140      0xf78 c:/progra~1/raspbe~1/picosd~1.1/gcc-ar~1/bin/../lib/gcc/arm-none-eabi/10.3.1/../../../../arm-none-eabi/lib/thumb/v6-m/nofp\libg.a(lib_a-strtod.o)
                0x1000b140                _strtod_l
 .text._strtod_r
                0x1000c0b8       0x10 c:/progra~1/raspbe~1/picosd~1.1/gcc-ar~1/bin/../lib/gcc/arm-none-eabi/10.3.1/../../../../arm-none-eabi/lib/thumb/v6-m/nofp\libg.a(lib_a-strtod.o)
                0x1000c0b8                _strtod_r
 .text._strtol_l.part.0
                0x1000c0c8      0x144 c:/progra~1/raspbe~1/picosd~1.1/gcc-ar~1/bin/../lib/gcc/arm-none-eabi/10.3.1/../../../../arm-none-eabi/lib/thumb/v6-m/nofp\libg.a(lib_a-strtol.o)
 .text._strtol_r
                0x1000c20c       0x1c c:/progra~1/raspbe~1/picosd~1.1/gcc-ar~1/bin/../lib/gcc/arm-none-eabi/10.3.1/../../../../arm-none-eabi/lib/thumb/v6-m/nofp\libg.a(lib_a-strtol.o)
                0x1000c20c                _strtol_r
 .text._strtoll_l.constprop.0
                0x1000c228      0x198 c:/progra~1/raspbe~1/picosd~1.1/gcc-ar~1/bin/../lib/gcc/arm-none-eabi/10.3.1/../../../../arm-none-eabi/lib/thumb/v6-m/nofp\libg.a(lib_a-strtoll.o)
 .text._strtoll_r
                0x1000c3c0        0x8 c:/progra~1/raspbe~1/picosd~1.1/gcc-ar~1/bin/../lib/gcc/arm-none-eabi/10.3.1/../../../../arm-none-eabi/lib/thumb/v6-m/nofp\libg.a(lib_a-strtoll.o)
                0x1000c3c0                _strtoll_r
 .text._strtoul_l.constprop.0
                0x1000c3c8      0x148 c:/progra~1/raspbe~1/picosd~1.1/gcc-ar~1/bin/../lib/gcc/arm-none-eabi/10.3.1/../../../../arm-none-eabi/lib/thumb/v6-m/nofp\libg.a(lib_a-strtoul.o)
 .text._strtoul_r
                0x1000c510        0x8 c:/progra~1/raspbe~1/picosd~1.1/gcc-ar~1/bin/../lib/gcc/arm-none-eabi/10.3.1/../../../../arm-none-eabi/lib/thumb/v6-m/nofp\libg.a(lib_a-strtoul.o)
                0x1000c510                _strtoul_r
 .text._strtoull_l.constprop.0
                0x1000c518      0x1bc c:/progra~1/raspbe~1/picosd~1.1/gcc-ar~1/bin/../lib/gcc/arm-none-eabi/10.3.1/../../../../arm-none-eabi/lib/thumb/v6-m/nofp\libg.a(lib_a-strtoull.o)
 .text._strtoull_r
                0x1000c6d4        0x8 c:/progra~1/raspbe~1/picosd~1.1/gcc-ar~1/bin/../lib/gcc/arm-none-eabi/10.3.1/../../../../arm-none-eabi/lib/thumb/v6-m/nofp\libg.a(lib_a-strtoull.o)
                0x1000c6d4                _strtoull_r
 .text._sungetc_r
                0x1000c6dc       0x84 c:/progra~1/raspbe~1/picosd~1.1/gcc-ar~1/bin/../lib/gcc/arm-none-eabi/10.3.1/../../../../arm-none-eabi/lib/thumb/v6-m/nofp\libg.a(lib_a-svfiscanf.o)
                0x1000c6dc                _sungetc_r
 .text.__ssrefill_r
                0x1000c760       0x40 c:/progra~1/raspbe~1/picosd~1.1/gcc-ar~1/bin/../lib/gcc/arm-none-eabi/10.3.1/../../../../arm-none-eabi/lib/thumb/v6-m/nofp\libg.a(lib_a-svfiscanf.o)
                0x1000c760                __ssrefill_r
 .text._sfread_r
                0x1000c7a0       0xc4 c:/progra~1/raspbe~1/picosd~1.1/gcc-ar~1/bin/../lib/gcc/arm-none-eabi/10.3.1/../../../../arm-none-eabi/lib/thumb/v6-m/nofp\libg.a(lib_a-svfiscanf.o)
                0x1000c7a0                _sfread_r
 .text.__submore
                0x1000c864       0x84 c:/progra~1/raspbe~1/picosd~1.1/gcc-ar~1/bin/../lib/gcc/arm-none-eabi/10.3.1/../../../../arm-none-eabi/lib/thumb/v6-m/nofp\libg.a(lib_a-ungetc.o)
                0x1000c864                __submore
 .text.__ascii_wctomb
                0x1000c8e8       0x1c c:/progra~1/raspbe~1/picosd~1.1/gcc-ar~1/bin/../lib/gcc/arm-none-eabi/10.3.1/../../../../arm-none-eabi/lib/thumb/v6-m/nofp\libg.a(lib_a-wctomb_r.o)
                0x1000c8e8                __ascii_wctomb
 .text.rshift   0x1000c904       0xa4 c:/progra~1/raspbe~1/picosd~1.1/gcc-ar~1/bin/../lib/gcc/arm-none-eabi/10.3.1/../../../../arm-none-eabi/lib/thumb/v6-m/nofp\libg.a(lib_a-gdtoa-gethex.o)
 .text.__gethex
                0x1000c9a8      0x5cc c:/progra~1/raspbe~1/picosd~1.1/gcc-ar~1/bin/../lib/gcc/arm-none-eabi/10.3.1/../../../../arm-none-eabi/lib/thumb/v6-m/nofp\libg.a(lib_a-gdtoa-gethex.o)
                0x1000c9a8                __gethex
 .text.__match  0x1000cf74       0x2c c:/progra~1/raspbe~1/picosd~1.1/gcc-ar~1/bin/../lib/gcc/arm-none-eabi/10.3.1/../../../../arm-none-eabi/lib/thumb/v6-m/nofp\libg.a(lib_a-gdtoa-hexnan.o)
                0x1000cf74                __match
 .text.__hexnan
                0x1000cfa0      0x1d0 c:/progra~1/raspbe~1/picosd~1.1/gcc-ar~1/bin/../lib/gcc/arm-none-eabi/10.3.1/../../../../arm-none-eabi/lib/thumb/v6-m/nofp\libg.a(lib_a-gdtoa-hexnan.o)
                0x1000cfa0                __hexnan
 .text._Balloc  0x1000d170       0x50 c:/progra~1/raspbe~1/picosd~1.1/gcc-ar~1/bin/../lib/gcc/arm-none-eabi/10.3.1/../../../../arm-none-eabi/lib/thumb/v6-m/nofp\libg.a(lib_a-mprec.o)
                0x1000d170                _Balloc
 .text._Bfree   0x1000d1c0       0x14 c:/progra~1/raspbe~1/picosd~1.1/gcc-ar~1/bin/../lib/gcc/arm-none-eabi/10.3.1/../../../../arm-none-eabi/lib/thumb/v6-m/nofp\libg.a(lib_a-mprec.o)
                0x1000d1c0                _Bfree
 .text.__multadd
                0x1000d1d4       0xa8 c:/progra~1/raspbe~1/picosd~1.1/gcc-ar~1/bin/../lib/gcc/arm-none-eabi/10.3.1/../../../../arm-none-eabi/lib/thumb/v6-m/nofp\libg.a(lib_a-mprec.o)
                0x1000d1d4                __multadd
 .text.__s2b    0x1000d27c       0xb0 c:/progra~1/raspbe~1/picosd~1.1/gcc-ar~1/bin/../lib/gcc/arm-none-eabi/10.3.1/../../../../arm-none-eabi/lib/thumb/v6-m/nofp\libg.a(lib_a-mprec.o)
                0x1000d27c                __s2b
 .text.__hi0bits
                0x1000d32c       0x38 c:/progra~1/raspbe~1/picosd~1.1/gcc-ar~1/bin/../lib/gcc/arm-none-eabi/10.3.1/../../../../arm-none-eabi/lib/thumb/v6-m/nofp\libg.a(lib_a-mprec.o)
                0x1000d32c                __hi0bits
 .text.__lo0bits
                0x1000d364       0x5c c:/progra~1/raspbe~1/picosd~1.1/gcc-ar~1/bin/../lib/gcc/arm-none-eabi/10.3.1/../../../../arm-none-eabi/lib/thumb/v6-m/nofp\libg.a(lib_a-mprec.o)
                0x1000d364                __lo0bits
 .text.__i2b    0x1000d3c0       0x60 c:/progra~1/raspbe~1/picosd~1.1/gcc-ar~1/bin/../lib/gcc/arm-none-eabi/10.3.1/../../../../arm-none-eabi/lib/thumb/v6-m/nofp\libg.a(lib_a-mprec.o)
                0x1000d3c0                __i2b
 .text.__multiply
                0x1000d420      0x1a4 c:/progra~1/raspbe~1/picosd~1.1/gcc-ar~1/bin/../lib/gcc/arm-none-eabi/10.3.1/../../../../arm-none-eabi/lib/thumb/v6-m/nofp\libg.a(lib_a-mprec.o)
                0x1000d420                __multiply
 .text.__pow5mult
                0x1000d5c4       0xd8 c:/progra~1/raspbe~1/picosd~1.1/gcc-ar~1/bin/../lib/gcc/arm-none-eabi/10.3.1/../../../../arm-none-eabi/lib/thumb/v6-m/nofp\libg.a(lib_a-mprec.o)
                0x1000d5c4                __pow5mult
 .text.__lshift
                0x1000d69c       0xfc c:/progra~1/raspbe~1/picosd~1.1/gcc-ar~1/bin/../lib/gcc/arm-none-eabi/10.3.1/../../../../arm-none-eabi/lib/thumb/v6-m/nofp\libg.a(lib_a-mprec.o)
                0x1000d69c                __lshift
 .text.__mcmp   0x1000d798       0x34 c:/progra~1/raspbe~1/picosd~1.1/gcc-ar~1/bin/../lib/gcc/arm-none-eabi/10.3.1/../../../../arm-none-eabi/lib/thumb/v6-m/nofp\libg.a(lib_a-mprec.o)
                0x1000d798                __mcmp
 .text.__mdiff  0x1000d7cc      0x18c c:/progra~1/raspbe~1/picosd~1.1/gcc-ar~1/bin/../lib/gcc/arm-none-eabi/10.3.1/../../../../arm-none-eabi/lib/thumb/v6-m/nofp\libg.a(lib_a-mprec.o)
                0x1000d7cc                __mdiff
 .text.__ulp    0x1000d958       0x48 c:/progra~1/raspbe~1/picosd~1.1/gcc-ar~1/bin/../lib/gcc/arm-none-eabi/10.3.1/../../../../arm-none-eabi/lib/thumb/v6-m/nofp\libg.a(lib_a-mprec.o)
                0x1000d958                __ulp
 .text.__b2d    0x1000d9a0       0xc8 c:/progra~1/raspbe~1/picosd~1.1/gcc-ar~1/bin/../lib/gcc/arm-none-eabi/10.3.1/../../../../arm-none-eabi/lib/thumb/v6-m/nofp\libg.a(lib_a-mprec.o)
                0x1000d9a0                __b2d
 .text.__d2b    0x1000da68       0xd8 c:/progra~1/raspbe~1/picosd~1.1/gcc-ar~1/bin/../lib/gcc/arm-none-eabi/10.3.1/../../../../arm-none-eabi/lib/thumb/v6-m/nofp\libg.a(lib_a-mprec.o)
                0x1000da68                __d2b
 .text.__ratio  0x1000db40       0x68 c:/progra~1/raspbe~1/picosd~1.1/gcc-ar~1/bin/../lib/gcc/arm-none-eabi/10.3.1/../../../../arm-none-eabi/lib/thumb/v6-m/nofp\libg.a(lib_a-mprec.o)
                0x1000db40                __ratio
 .text.__copybits
                0x1000dba8       0x40 c:/progra~1/raspbe~1/picosd~1.1/gcc-ar~1/bin/../lib/gcc/arm-none-eabi/10.3.1/../../../../arm-none-eabi/lib/thumb/v6-m/nofp\libg.a(lib_a-mprec.o)
                0x1000dba8                __copybits
 .text.__any_on
                0x1000dbe8       0x50 c:/progra~1/raspbe~1/picosd~1.1/gcc-ar~1/bin/../lib/gcc/arm-none-eabi/10.3.1/../../../../arm-none-eabi/lib/thumb/v6-m/nofp\libg.a(lib_a-mprec.o)
                0x1000dbe8                __any_on
 .text.nan      0x1000dc38        0xc c:/progra~1/raspbe~1/picosd~1.1/gcc-ar~1/bin/../lib/gcc/arm-none-eabi/10.3.1/../../../../arm-none-eabi/lib/thumb/v6-m/nofp\libg.a(lib_a-s_nan.o)
                0x1000dc38                nan
 .text.strncmp  0x1000dc44       0x74 c:/progra~1/raspbe~1/picosd~1.1/gcc-ar~1/bin/../lib/gcc/arm-none-eabi/10.3.1/../../../../arm-none-eabi/lib/thumb/v6-m/nofp\libg.a(lib_a-strncmp.o)
                0x1000dc44                strncmp
 *(.fini)
 .fini          0x1000dcb8        0x4 c:/progra~1/raspbe~1/picosd~1.1/gcc-ar~1/bin/../lib/gcc/arm-none-eabi/10.3.1/thumb/v6-m/nofp/crti.o
                0x1000dcb8                _fini
 *fill*         0x1000dcbc        0x4 
 .fini.__stub   0x1000dcc0       0xf0 linker stubs
 *crtbegin.o(.ctors)
 *crtbegin?.o(.ctors)
 *(EXCLUDE_FILE(*crtend.o *crtend?.o) .ctors)
 *(SORT_BY_NAME(.ctors.*))
 *(.ctors)
 *crtbegin.o(.dtors)
 *crtbegin?.o(.dtors)
 *(EXCLUDE_FILE(*crtend.o *crtend?.o) .dtors)
 *(SORT_BY_NAME(.dtors.*))
 *(.dtors)
 *(.eh_frame*)
 .eh_frame      0x1000ddb0        0x0 c:/progra~1/raspbe~1/picosd~1.1/gcc-ar~1/bin/../lib/gcc/arm-none-eabi/10.3.1/thumb/v6-m/nofp/crtbegin.o
                0x1000ddb0                . = ALIGN (0x4)

.glue_7         0x1000ddb0        0x0
 .glue_7        0x1000ddb0        0x0 linker stubs

.glue_7t        0x1000ddb0        0x0
 .glue_7t       0x1000ddb0        0x0 linker stubs

.vfp11_veneer   0x1000ddb0        0x0
 .vfp11_veneer  0x1000ddb0        0x0 linker stubs

.v4_bx          0x1000ddb0        0x0
 .v4_bx         0x1000ddb0        0x0 linker stubs

.iplt           0x1000ddb0        0x0
 .iplt          0x1000ddb0        0x0 c:/progra~1/raspbe~1/picosd~1.1/gcc-ar~1/bin/../lib/gcc/arm-none-eabi/10.3.1/thumb/v6-m/nofp/crtbegin.o

.rodata         0x1000ddb0     0x2474
 *(EXCLUDE_FILE(*libm.a: *libc.a:*lib_a-mem*.o *libgcc.a:) .rodata*)
 .rodata.limit_switch_triggered.str1.4
                0x1000ddb0       0x76 CMakeFiles/TESTING.dir/main.c.obj